Processing JC8048W550 (platform: espressif32; board: JC8048W550; framework: arduino; lib_deps: lvgl/lvgl@^9.2.2, tamctec/TAMC_GT911; monitor_speed: 115200; board_build.sdkconfig: sdkconfig.defaults; build_flags: -I./src, -DLV_USE_DRAW_SW_ASM=0, -DLV_CONF_INCLUDE_SIMPLE, -DBOARD_HAS_PSRAM, -DARDUINO_USB_MODE=1, -DESP_PLATFORM, -DCONFIG_LCD_COLOR_FORMAT_RGB565=1, -DCONFIG_LCD_AUTO_FLUSH=1, -DCONFIG_SPIRAM_CACHE_WORKAROUND=1; upload_speed: 921600; monitor_filters: esp32_exception_decoder; build_type: release; upload_port: COM3; monitor_dtr: 1; monitor_rts: 1)
--------------------------------------------------------------------------------
CONFIGURATION: https://docs.platformio.org/page/boards/espressif32/JC8048W550.html
PLATFORM: Espressif 32 (6.10.0) > JC8048W550
HARDWARE: ESP32S3 240MHz, 320KB RAM, 16MB Flash
DEBUG: Current (cmsis-dap) External (cmsis-dap, esp-bridge, esp-builtin, esp-prog, iot-bus-jtag, jlink, minimodule, olimex-arm-usb-ocd, olimex-arm-usb-ocd-h, olimex-arm-usb-tiny-h, olimex-jtag-tiny, tumpa)
PACKAGES: 
 - framework-arduinoespressif32 @ 3.20017.241212+sha.dcc1105b 
 - tool-esptoolpy @ 1.40501.0 (4.5.1) 
 - toolchain-riscv32-esp @ 8.4.0+2021r2-patch5 
 - toolchain-xtensa-esp32s3 @ 8.4.0+2021r2-patch5
LDF: Library Dependency Finder -> https://bit.ly/configure-pio-ldf
LDF Modes: Finder ~ chain, Compatibility ~ soft
Found 35 compatible libraries
Scanning dependencies...
Dependency Graph
|-- lvgl @ 9.2.2 (License: MIT, Path: C:\Users\playa\OneDrive\Documents\PlatformIO\Projects\Display_Test\.pio\libdeps\JC8048W550\lvgl)
|   |-- LittleFS @ 2.0.0 (License: Unknown, Path: C:\Users\playa\.platformio\packages\framework-arduinoespressif32\libraries\LittleFS)
|   |   |-- FS @ 2.0.0 (License: Unknown, Path: C:\Users\playa\.platformio\packages\framework-arduinoespressif32\libraries\FS)
|   |-- SD @ 2.0.0 (License: Unknown, Path: C:\Users\playa\.platformio\packages\framework-arduinoespressif32\libraries\SD)
|   |   |-- FS @ 2.0.0 (License: Unknown, Path: C:\Users\playa\.platformio\packages\framework-arduinoespressif32\libraries\FS)
|   |   |-- SPI @ 2.0.0 (License: Unknown, Path: C:\Users\playa\.platformio\packages\framework-arduinoespressif32\libraries\SPI)
|   |-- SPI @ 2.0.0 (License: Unknown, Path: C:\Users\playa\.platformio\packages\framework-arduinoespressif32\libraries\SPI)
|-- TAMC_GT911 @ 1.0.2 (License: Unknown, Path: C:\Users\playa\OneDrive\Documents\PlatformIO\Projects\Display_Test\.pio\libdeps\JC8048W550\TAMC_GT911)
|   |-- Wire @ 2.0.0 (License: Unknown, Path: C:\Users\playa\.platformio\packages\framework-arduinoespressif32\libraries\Wire)
|-- Wire @ 2.0.0 (License: Unknown, Path: C:\Users\playa\.platformio\packages\framework-arduinoespressif32\libraries\Wire)
Building in release mode
Using tempfile C:\Users\playa\OneDrive\Documents\PlatformIO\Projects\Display_Test\.pio\build\JC8048W550\tmpw51w2yul.tmp for command line:
xtensa-esp32s3-elf-g++ -o .pio/build/JC8048W550/src/display_driver.cpp.o -c -std=gnu++11 -fexceptions -fno-rtti -Os -mlongcalls -ffunction-sections -fdata-sections -Wno-error=unused-function -Wno-error=unused-variable -Wno-error=deprecated-declarations -Wno-unused-parameter -Wno-sign-compare -ggdb -freorder-blocks -Wwrite-strings -fstack-protector -fstrict-volatile-bitfields -Wno-error=unused-but-set-variable -fno-jump-tables -fno-tree-switch-conversion -MMD -DPLATFORMIO=60118 "-D ARDUINO_ESP32S3_DEV" "-D BOARD_HAS_PSRAM" "-D ARDUINO_USB_MODE=1" "-D ARDUINO_RUNNING_CORE=1" "-D ARDUINO_EVENT_RUNNING_CORE=1" "-D ARDUINO_USB_CDC_ON_BOOT=0" "-D JC8048W550" "-D DISPLAY_WIDTH=800" "-D DISPLAY_HEIGHT=480" "-D DISPLAY_SOFTWARE_ROTATION" "-D LVGL_BUFFER_PIXELS=(DISPLAY_WIDTH*DISPLAY_HEIGHT)" "-D LVGL_BUFFER_MALLOC_FLAGS=(MALLOC_CAP_SPIRAM|MALLOC_CAP_8BIT)" "-D GPIO_BCKL=2" "-D DISPLAY_ST7262_PAR" "-D ST7262_PANEL_CONFIG_CLK_SRC=LCD_CLK_SRC_PLL160M" "-D ST7262_PANEL_CONFIG_TIMINGS_PCLK_HZ=(16*1000000)" "-D ST7262_PANEL_CONFIG_TIMINGS_H_RES=DISPLAY_WIDTH" "-D ST7262_PANEL_CONFIG_TIMINGS_V_RES=DISPLAY_HEIGHT" "-D ST7262_PANEL_CONFIG_TIMINGS_HSYNC_PULSE_WIDTH=4" "-D ST7262_PANEL_CONFIG_TIMINGS_HSYNC_BACK_PORCH=8" "-D ST7262_PANEL_CONFIG_TIMINGS_HSYNC_FRONT_PORCH=8" "-D ST7262_PANEL_CONFIG_TIMINGS_VSYNC_PULSE_WIDTH=4" "-D ST7262_PANEL_CONFIG_TIMINGS_VSYNC_BACK_PORCH=8" "-D ST7262_PANEL_CONFIG_TIMINGS_VSYNC_FRONT_PORCH=8" "-D ST7262_PANEL_CONFIG_TIMINGS_FLAGS_HSYNC_IDLE_LOW=false" "-D ST7262_PANEL_CONFIG_TIMINGS_FLAGS_VSYNC_IDLE_LOW=false" "-D ST7262_PANEL_CONFIG_TIMINGS_FLAGS_DE_IDLE_HIGH=false" "-D ST7262_PANEL_CONFIG_TIMINGS_FLAGS_PCLK_ACTIVE_NEG=true" "-D ST7262_PANEL_CONFIG_TIMINGS_FLAGS_PCLK_IDLE_HIGH=false" "-D ST7262_PANEL_CONFIG_DATA_WIDTH=16" "-D ST7262_PANEL_CONFIG_SRAM_TRANS_ALIGN=4" "-D ST7262_PANEL_CONFIG_PSRAM_TRANS_ALIGN=64" "-D ST7262_PANEL_CONFIG_HSYNC_GPIO_NUM=39" "-D ST7262_PANEL_CONFIG_VSYNC_GPIO_NUM=41" "-D ST7262_PANEL_CONFIG_DE_GPIO_NUM=40" "-D ST7262_PANEL_CONFIG_PCLK_GPIO_NUM=42" "-D ST7262_PANEL_CONFIG_DATA_GPIO_R0=8" "-D ST7262_PANEL_CONFIG_DATA_GPIO_R1=3" "-D ST7262_PANEL_CONFIG_DATA_GPIO_R2=46" "-D ST7262_PANEL_CONFIG_DATA_GPIO_R3=9" "-D ST7262_PANEL_CONFIG_DATA_GPIO_R4=1" "-D ST7262_PANEL_CONFIG_DATA_GPIO_G0=5" "-D ST7262_PANEL_CONFIG_DATA_GPIO_G1=6" "-D ST7262_PANEL_CONFIG_DATA_GPIO_G2=7" "-D ST7262_PANEL_CONFIG_DATA_GPIO_G3=15" "-D ST7262_PANEL_CONFIG_DATA_GPIO_G4=16" "-D ST7262_PANEL_CONFIG_DATA_GPIO_G5=4" "-D ST7262_PANEL_CONFIG_DATA_GPIO_B0=45" "-D ST7262_PANEL_CONFIG_DATA_GPIO_B1=48" "-D ST7262_PANEL_CONFIG_DATA_GPIO_B2=47" "-D ST7262_PANEL_CONFIG_DATA_GPIO_B3=21" "-D ST7262_PANEL_CONFIG_DATA_GPIO_B4=14" "-D ST7262_PANEL_CONFIG_DISP_GPIO_NUM=GPIO_NUM_NC" "-D ST7262_PANEL_CONFIG_FLAGS_DISP_ACTIVE_LOW=false" "-D ST7262_PANEL_CONFIG_FLAGS_RELAX_ON_IDLE=false" "-D ST7262_PANEL_CONFIG_FLAGS_FB_IN_PSRAM=true" "-D DISPLAY_SWAP_XY=false" "-D DISPLAY_MIRROR_X=false" "-D DISPLAY_MIRROR_Y=false" "-D BOARD_HAS_TOUCH" "-D CONFIG_ESP_LCD_TOUCH_MAX_POINTS=1" "-D CONFIG_ESP_LCD_TOUCH_MAX_BUTTONS=0" "-D TOUCH_GT911_I2C" "-D GT911_I2C_HOST=I2C_NUM_0" "-D GT911_I2C_CONFIG_SDA_IO_NUM=19" "-D GT911_I2C_CONFIG_SCL_IO_NUM=20" "-D GT911_I2C_CONFIG_SDA_PULLUP_EN=GPIO_PULLUP_DISABLE" "-D GT911_I2C_CONFIG_SCL_PULLUP_EN=GPIO_PULLUP_DISABLE" "-D GT911_I2C_CONFIG_MASTER_CLK_SPEED=400000" "-D GT911_I2C_CONFIG_CLK_FLAGS=I2C_SCLK_SRC_FLAG_FOR_NOMAL" "-D GT911_IO_I2C_CONFIG_DEV_ADDR=GT911_IO_I2C_CONFIG_DEV_ADDRESS_5D" "-D GT911_IO_I2C_CONFIG_CONTROL_PHASE_BYTES=1" "-D GT911_IO_I2C_CONFIG_DC_BIT_OFFSET=0" "-D GT911_IO_I2C_CONFIG_LCD_CMD_BITS=16" "-D GT911_IO_I2C_CONFIG_LCD_PARAM_BITS=0" "-D GT911_IO_I2C_CONFIG_FLAGS_DC_LOW_ON_DATA=false" "-D GT911_IO_I2C_CONFIG_FLAGS_DISABLE_CONTROL_PHASE=true" "-D GT911_TOUCH_CONFIG_X_MAX=DISPLAY_WIDTH" "-D GT911_TOUCH_CONFIG_Y_MAX=DISPLAY_HEIGHT" "-D GT911_TOUCH_CONFIG_RST_GPIO_NUM=38" "-D GT911_TOUCH_CONFIG_INT_GPIO_NUM=18" "-D GT911_TOUCH_CONFIG_LEVELS_RESET=0" "-D GT911_TOUCH_CONFIG_LEVELS_INTERRUPT=0" "-D TOUCH_SWAP_XY=false" "-D TOUCH_MIRROR_X=false" "-D TOUCH_MIRROR_Y=false" "-D BOARD_HAS_TF" "-D TF_CS=10" "-D TF_SPI_MOSI=11" "-D TF_SPI_SCLK=12" "-D TF_SPI_MISO=13" -DLV_USE_DRAW_SW_ASM=0 -DLV_CONF_INCLUDE_SIMPLE -DBOARD_HAS_PSRAM -DARDUINO_USB_MODE=1 -DESP_PLATFORM -DCONFIG_LCD_COLOR_FORMAT_RGB565=1 -DCONFIG_LCD_AUTO_FLUSH=1 -DCONFIG_SPIRAM_CACHE_WORKAROUND=1 -DHAVE_CONFIG_H -DMBEDTLS_CONFIG_FILE=\"mbedtls/esp_config.h\" -DUNITY_INCLUDE_CONFIG_H -DWITH_POSIX -D_GNU_SOURCE -DIDF_VER=\"v4.4.7-dirty\" -DESP_PLATFORM -D_POSIX_READER_WRITER_LOCKS -DARDUINO_ARCH_ESP32 -DESP32 -DF_CPU=240000000L -DARDUINO=10812 -DARDUINO_VARIANT=\"esp32s3\" -DARDUINO_BOARD=\"JC8048W550\" -DARDUINO_PARTITION_default -Iinclude -I.pio/libdeps/JC8048W550/TAMC_GT911 -IC:/Users/playa/.platformio/packages/framework-arduinoespressif32/libraries/Wire/src -I.pio/libdeps/JC8048W550/lvgl -I.pio/libdeps/JC8048W550/lvgl/src -IC:/Users/playa/.platformio/packages/framework-arduinoespressif32/libraries/SD/src -IC:/Users/playa/.platformio/packages/framework-arduinoespressif32/libraries/SPI/src -IC:/Users/playa/.platformio/packages/framework-arduinoespressif32/libraries/LittleFS/src -IC:/Users/playa/.platformio/packages/framework-arduinoespressif32/libraries/FS/src -Isrc -IC:/Users/playa/.platformio/packages/framework-arduinoespressif32/tools/sdk/esp32s3/include/newlib/platform_include -IC:/Users/playa/.platformio/packages/framework-arduinoespressif32/tools/sdk/esp32s3/include/freertos/include -IC:/Users/playa/.platformio/packages/framework-arduinoespressif32/tools/sdk/esp32s3/include/freertos/include/esp_additions/freertos -IC:/Users/playa/.platformio/packages/framework-arduinoespressif32/tools/sdk/esp32s3/include/freertos/port/xtensa/include -IC:/Users/playa/.platformio/packages/framework-arduinoespressif32/tools/sdk/esp32s3/include/freertos/include/esp_additions -IC:/Users/playa/.platformio/packages/framework-arduinoespressif32/tools/sdk/esp32s3/include/esp_hw_support/include -IC:/Users/playa/.platformio/packages/framework-arduinoespressif32/tools/sdk/esp32s3/include/esp_hw_support/include/soc -IC:/Users/playa/.platformio/packages/framework-arduinoespressif32/tools/sdk/esp32s3/include/esp_hw_support/include/soc/esp32s3 -IC:/Users/playa/.platformio/packages/framework-arduinoespressif32/tools/sdk/esp32s3/include/esp_hw_support/port/esp32s3 -IC:/Users/playa/.platformio/packages/framework-arduinoespressif32/tools/sdk/esp32s3/include/esp_hw_support/port/esp32s3/private_include -IC:/Users/playa/.platformio/packages/framework-arduinoespressif32/tools/sdk/esp32s3/include/heap/include -IC:/Users/playa/.platformio/packages/framework-arduinoespressif32/tools/sdk/esp32s3/include/log/include -IC:/Users/playa/.platformio/packages/framework-arduinoespressif32/tools/sdk/esp32s3/include/lwip/include/apps -IC:/Users/playa/.platformio/packages/framework-arduinoespressif32/tools/sdk/esp32s3/include/lwip/include/apps/sntp -IC:/Users/playa/.platformio/packages/framework-arduinoespressif32/tools/sdk/esp32s3/include/lwip/lwip/src/include -IC:/Users/playa/.platformio/packages/framework-arduinoespressif32/tools/sdk/esp32s3/include/lwip/port/esp32/include -IC:/Users/playa/.platformio/packages/framework-arduinoespressif32/tools/sdk/esp32s3/include/lwip/port/esp32/include/arch -IC:/Users/playa/.platformio/packages/framework-arduinoespressif32/tools/sdk/esp32s3/include/soc/include -IC:/Users/playa/.platformio/packages/framework-arduinoespressif32/tools/sdk/esp32s3/include/soc/esp32s3 -IC:/Users/playa/.platformio/packages/framework-arduinoespressif32/tools/sdk/esp32s3/include/soc/esp32s3/include -IC:/Users/playa/.platformio/packages/framework-arduinoespressif32/tools/sdk/esp32s3/include/hal/esp32s3/include -IC:/Users/playa/.platformio/packages/framework-arduinoespressif32/tools/sdk/esp32s3/include/hal/include -IC:/Users/playa/.platformio/packages/framework-arduinoespressif32/tools/sdk/esp32s3/include/hal/platform_port/include -IC:/Users/playa/.platformio/packages/framework-arduinoespressif32/tools/sdk/esp32s3/include/esp_rom/include -IC:/Users/playa/.platformio/packages/framework-arduinoespressif32/tools/sdk/esp32s3/include/esp_rom/include/esp32s3 -IC:/Users/playa/.platformio/packages/framework-arduinoespressif32/tools/sdk/esp32s3/include/esp_rom/esp32s3 -IC:/Users/playa/.platformio/packages/framework-arduinoespressif32/tools/sdk/esp32s3/include/esp_common/include -IC:/Users/playa/.platformio/packages/framework-arduinoespressif32/tools/sdk/esp32s3/include/esp_system/include -IC:/Users/playa/.platformio/packages/framework-arduinoespressif32/tools/sdk/esp32s3/include/esp_system/port/soc -IC:/Users/playa/.platformio/packages/framework-arduinoespressif32/tools/sdk/esp32s3/include/esp_system/port/public_compat -IC:/Users/playa/.platformio/packages/framework-arduinoespressif32/tools/sdk/esp32s3/include/xtensa/include -IC:/Users/playa/.platformio/packages/framework-arduinoespressif32/tools/sdk/esp32s3/include/xtensa/esp32s3/include -IC:/Users/playa/.platformio/packages/framework-arduinoespressif32/tools/sdk/esp32s3/include/driver/include -IC:/Users/playa/.platformio/packages/framework-arduinoespressif32/tools/sdk/esp32s3/include/driver/esp32s3/include -IC:/Users/playa/.platformio/packages/framework-arduinoespressif32/tools/sdk/esp32s3/include/esp_pm/include -IC:/Users/playa/.platformio/packages/framework-arduinoespressif32/tools/sdk/esp32s3/include/esp_ringbuf/include -IC:/Users/playa/.platformio/packages/framework-arduinoespressif32/tools/sdk/esp32s3/include/efuse/include -IC:/Users/playa/.platformio/packages/framework-arduinoespressif32/tools/sdk/esp32s3/include/efuse/esp32s3/include -IC:/Users/playa/.platformio/packages/framework-arduinoespressif32/tools/sdk/esp32s3/include/vfs/include -IC:/Users/playa/.platformio/packages/framework-arduinoespressif32/tools/sdk/esp32s3/include/esp_wifi/include -IC:/Users/playa/.platformio/packages/framework-arduinoespressif32/tools/sdk/esp32s3/include/esp_event/include -IC:/Users/playa/.platformio/packages/framework-arduinoespressif32/tools/sdk/esp32s3/include/esp_netif/include -IC:/Users/playa/.platformio/packages/framework-arduinoespressif32/tools/sdk/esp32s3/include/esp_eth/include -IC:/Users/playa/.platformio/packages/framework-arduinoespressif32/tools/sdk/esp32s3/include/tcpip_adapter/include -IC:/Users/playa/.platformio/packages/framework-arduinoespressif32/tools/sdk/esp32s3/include/esp_phy/include -IC:/Users/playa/.platformio/packages/framework-arduinoespressif32/tools/sdk/esp32s3/include/esp_phy/esp32s3/include -IC:/Users/playa/.platformio/packages/framework-arduinoespressif32/tools/sdk/esp32s3/include/esp_ipc/include -IC:/Users/playa/.platformio/packages/framework-arduinoespressif32/tools/sdk/esp32s3/include/app_trace/include -IC:/Users/playa/.platformio/packages/framework-arduinoespressif32/tools/sdk/esp32s3/include/esp_timer/include -IC:/Users/playa/.platformio/packages/framework-arduinoespressif32/tools/sdk/esp32s3/include/mbedtls/port/include -IC:/Users/playa/.platformio/packages/framework-arduinoespressif32/tools/sdk/esp32s3/include/mbedtls/mbedtls/include -IC:/Users/playa/.platformio/packages/framework-arduinoespressif32/tools/sdk/esp32s3/include/mbedtls/esp_crt_bundle/include -IC:/Users/playa/.platformio/packages/framework-arduinoespressif32/tools/sdk/esp32s3/include/app_update/include -IC:/Users/playa/.platformio/packages/framework-arduinoespressif32/tools/sdk/esp32s3/include/spi_flash/include -IC:/Users/playa/.platformio/packages/framework-arduinoespressif32/tools/sdk/esp32s3/include/bootloader_support/include -IC:/Users/playa/.platformio/packages/framework-arduinoespressif32/tools/sdk/esp32s3/include/nvs_flash/include -IC:/Users/playa/.platformio/packages/framework-arduinoespressif32/tools/sdk/esp32s3/include/pthread/include -IC:/Users/playa/.platformio/packages/framework-arduinoespressif32/tools/sdk/esp32s3/include/esp_gdbstub/include -IC:/Users/playa/.platformio/packages/framework-arduinoespressif32/tools/sdk/esp32s3/include/esp_gdbstub/xtensa -IC:/Users/playa/.platformio/packages/framework-arduinoespressif32/tools/sdk/esp32s3/include/esp_gdbstub/esp32s3 -IC:/Users/playa/.platformio/packages/framework-arduinoespressif32/tools/sdk/esp32s3/include/espcoredump/include -IC:/Users/playa/.platformio/packages/framework-arduinoespressif32/tools/sdk/esp32s3/include/espcoredump/include/port/xtensa -IC:/Users/playa/.platformio/packages/framework-arduinoespressif32/tools/sdk/esp32s3/include/wpa_supplicant/include -IC:/Users/playa/.platformio/packages/framework-arduinoespressif32/tools/sdk/esp32s3/include/wpa_supplicant/port/include -IC:/Users/playa/.platformio/packages/framework-arduinoespressif32/tools/sdk/esp32s3/include/wpa_supplicant/esp_supplicant/include -IC:/Users/playa/.platformio/packages/framework-arduinoespressif32/tools/sdk/esp32s3/include/ieee802154/include -IC:/Users/playa/.platformio/packages/framework-arduinoespressif32/tools/sdk/esp32s3/include/console -IC:/Users/playa/.platformio/packages/framework-arduinoespressif32/tools/sdk/esp32s3/include/asio/asio/asio/include -IC:/Users/playa/.platformio/packages/framework-arduinoespressif32/tools/sdk/esp32s3/include/asio/port/include -IC:/Users/playa/.platformio/packages/framework-arduinoespressif32/tools/sdk/esp32s3/include/bt/common/osi/include -IC:/Users/playa/.platformio/packages/framework-arduinoespressif32/tools/sdk/esp32s3/include/bt/include/esp32c3/include -IC:/Users/playa/.platformio/packages/framework-arduinoespressif32/tools/sdk/esp32s3/include/bt/common/api/include/api -IC:/Users/playa/.platformio/packages/framework-arduinoespressif32/tools/sdk/esp32s3/include/bt/common/btc/profile/esp/blufi/include -IC:/Users/playa/.platformio/packages/framework-arduinoespressif32/tools/sdk/esp32s3/include/bt/common/btc/profile/esp/include -IC:/Users/playa/.platformio/packages/framework-arduinoespressif32/tools/sdk/esp32s3/include/bt/host/bluedroid/api/include/api -IC:/Users/playa/.platformio/packages/framework-arduinoespressif32/tools/sdk/esp32s3/include/bt/esp_ble_mesh/mesh_common/include -IC:/Users/playa/.platformio/packages/framework-arduinoespressif32/tools/sdk/esp32s3/include/bt/esp_ble_mesh/mesh_common/tinycrypt/include -IC:/Users/playa/.platformio/packages/framework-arduinoespressif32/tools/sdk/esp32s3/include/bt/esp_ble_mesh/mesh_core -IC:/Users/playa/.platformio/packages/framework-arduinoespressif32/tools/sdk/esp32s3/include/bt/esp_ble_mesh/mesh_core/include -IC:/Users/playa/.platformio/packages/framework-arduinoespressif32/tools/sdk/esp32s3/include/bt/esp_ble_mesh/mesh_core/storage -IC:/Users/playa/.platformio/packages/framework-arduinoespressif32/tools/sdk/esp32s3/include/bt/esp_ble_mesh/btc/include -IC:/Users/playa/.platformio/packages/framework-arduinoespressif32/tools/sdk/esp32s3/include/bt/esp_ble_mesh/mesh_models/common/include -IC:/Users/playa/.platformio/packages/framework-arduinoespressif32/tools/sdk/esp32s3/include/bt/esp_ble_mesh/mesh_models/client/include -IC:/Users/playa/.platformio/packages/framework-arduinoespressif32/tools/sdk/esp32s3/include/bt/esp_ble_mesh/mesh_models/server/include -IC:/Users/playa/.platformio/packages/framework-arduinoespressif32/tools/sdk/esp32s3/include/bt/esp_ble_mesh/api/core/include -IC:/Users/playa/.platformio/packages/framework-arduinoespressif32/tools/sdk/esp32s3/include/bt/esp_ble_mesh/api/models/include -IC:/Users/playa/.platformio/packages/framework-arduinoespressif32/tools/sdk/esp32s3/include/bt/esp_ble_mesh/api -IC:/Users/playa/.platformio/packages/framework-arduinoespressif32/tools/sdk/esp32s3/include/cbor/port/include -IC:/Users/playa/.platformio/packages/framework-arduinoespressif32/tools/sdk/esp32s3/include/unity/include -IC:/Users/playa/.platformio/packages/framework-arduinoespressif32/tools/sdk/esp32s3/include/unity/unity/src -IC:/Users/playa/.platformio/packages/framework-arduinoespressif32/tools/sdk/esp32s3/include/cmock/CMock/src -IC:/Users/playa/.platformio/packages/framework-arduinoespressif32/tools/sdk/esp32s3/include/coap/port/include -IC:/Users/playa/.platformio/packages/framework-arduinoespressif32/tools/sdk/esp32s3/include/coap/libcoap/include -IC:/Users/playa/.platformio/packages/framework-arduinoespressif32/tools/sdk/esp32s3/include/nghttp/port/include -IC:/Users/playa/.platformio/packages/framework-arduinoespressif32/tools/sdk/esp32s3/include/nghttp/nghttp2/lib/includes -IC:/Users/playa/.platformio/packages/framework-arduinoespressif32/tools/sdk/esp32s3/include/esp-tls -IC:/Users/playa/.platformio/packages/framework-arduinoespressif32/tools/sdk/esp32s3/include/esp-tls/esp-tls-crypto -IC:/Users/playa/.platformio/packages/framework-arduinoespressif32/tools/sdk/esp32s3/include/esp_adc_cal/include -IC:/Users/playa/.platformio/packages/framework-arduinoespressif32/tools/sdk/esp32s3/include/esp_hid/include -IC:/Users/playa/.platformio/packages/framework-arduinoespressif32/tools/sdk/esp32s3/include/tcp_transport/include -IC:/Users/playa/.platformio/packages/framework-arduinoespressif32/tools/sdk/esp32s3/include/esp_http_client/include -IC:/Users/playa/.platformio/packages/framework-arduinoespressif32/tools/sdk/esp32s3/include/esp_http_server/include -IC:/Users/playa/.platformio/packages/framework-arduinoespressif32/tools/sdk/esp32s3/include/esp_https_ota/include -IC:/Users/playa/.platformio/packages/framework-arduinoespressif32/tools/sdk/esp32s3/include/esp_https_server/include -IC:/Users/playa/.platformio/packages/framework-arduinoespressif32/tools/sdk/esp32s3/include/esp_lcd/include -IC:/Users/playa/.platformio/packages/framework-arduinoespressif32/tools/sdk/esp32s3/include/esp_lcd/interface -IC:/Users/playa/.platformio/packages/framework-arduinoespressif32/tools/sdk/esp32s3/include/protobuf-c/protobuf-c -IC:/Users/playa/.platformio/packages/framework-arduinoespressif32/tools/sdk/esp32s3/include/protocomm/include/common -IC:/Users/playa/.platformio/packages/framework-arduinoespressif32/tools/sdk/esp32s3/include/protocomm/include/security -IC:/Users/playa/.platformio/packages/framework-arduinoespressif32/tools/sdk/esp32s3/include/protocomm/include/transports -IC:/Users/playa/.platformio/packages/framework-arduinoespressif32/tools/sdk/esp32s3/include/mdns/include -IC:/Users/playa/.platformio/packages/framework-arduinoespressif32/tools/sdk/esp32s3/include/esp_local_ctrl/include -IC:/Users/playa/.platformio/packages/framework-arduinoespressif32/tools/sdk/esp32s3/include/sdmmc/include -IC:/Users/playa/.platformio/packages/framework-arduinoespressif32/tools/sdk/esp32s3/include/esp_serial_slave_link/include -IC:/Users/playa/.platformio/packages/framework-arduinoespressif32/tools/sdk/esp32s3/include/esp_websocket_client/include -IC:/Users/playa/.platformio/packages/framework-arduinoespressif32/tools/sdk/esp32s3/include/expat/expat/expat/lib -IC:/Users/playa/.platformio/packages/framework-arduinoespressif32/tools/sdk/esp32s3/include/expat/port/include -IC:/Users/playa/.platformio/packages/framework-arduinoespressif32/tools/sdk/esp32s3/include/wear_levelling/include -IC:/Users/playa/.platformio/packages/framework-arduinoespressif32/tools/sdk/esp32s3/include/fatfs/diskio -IC:/Users/playa/.platformio/packages/framework-arduinoespressif32/tools/sdk/esp32s3/include/fatfs/vfs -IC:/Users/playa/.platformio/packages/framework-arduinoespressif32/tools/sdk/esp32s3/include/fatfs/src -IC:/Users/playa/.platformio/packages/framework-arduinoespressif32/tools/sdk/esp32s3/include/freemodbus/freemodbus/common/include -IC:/Users/playa/.platformio/packages/framework-arduinoespressif32/tools/sdk/esp32s3/include/idf_test/include -IC:/Users/playa/.platformio/packages/framework-arduinoespressif32/tools/sdk/esp32s3/include/idf_test/include/esp32s3 -IC:/Users/playa/.platformio/packages/framework-arduinoespressif32/tools/sdk/esp32s3/include/jsmn/include -IC:/Users/playa/.platformio/packages/framework-arduinoespressif32/tools/sdk/esp32s3/include/json/cJSON -IC:/Users/playa/.platformio/packages/framework-arduinoespressif32/tools/sdk/esp32s3/include/libsodium/libsodium/src/libsodium/include -IC:/Users/playa/.platformio/packages/framework-arduinoespressif32/tools/sdk/esp32s3/include/libsodium/port_include -IC:/Users/playa/.platformio/packages/framework-arduinoespressif32/tools/sdk/esp32s3/include/mqtt/esp-mqtt/include -IC:/Users/playa/.platformio/packages/framework-arduinoespressif32/tools/sdk/esp32s3/include/openssl/include -IC:/Users/playa/.platformio/packages/framework-arduinoespressif32/tools/sdk/esp32s3/include/perfmon/include -IC:/Users/playa/.platformio/packages/framework-arduinoespressif32/tools/sdk/esp32s3/include/spiffs/include -IC:/Users/playa/.platformio/packages/framework-arduinoespressif32/tools/sdk/esp32s3/include/usb/include -IC:/Users/playa/.platformio/packages/framework-arduinoespressif32/tools/sdk/esp32s3/include/ulp/include -IC:/Users/playa/.platformio/packages/framework-arduinoespressif32/tools/sdk/esp32s3/include/wifi_provisioning/include -IC:/Users/playa/.platformio/packages/framework-arduinoespressif32/tools/sdk/esp32s3/include/rmaker_common/include -IC:/Users/playa/.platformio/packages/framework-arduinoespressif32/tools/sdk/esp32s3/include/esp_diagnostics/include -IC:/Users/playa/.platformio/packages/framework-arduinoespressif32/tools/sdk/esp32s3/include/rtc_store/include -IC:/Users/playa/.platformio/packages/framework-arduinoespressif32/tools/sdk/esp32s3/include/esp_insights/include -IC:/Users/playa/.platformio/packages/framework-arduinoespressif32/tools/sdk/esp32s3/include/json_parser/upstream/include -IC:/Users/playa/.platformio/packages/framework-arduinoespressif32/tools/sdk/esp32s3/include/json_parser/upstream -IC:/Users/playa/.platformio/packages/framework-arduinoespressif32/tools/sdk/esp32s3/include/json_generator/upstream -IC:/Users/playa/.platformio/packages/framework-arduinoespressif32/tools/sdk/esp32s3/include/esp_schedule/include -IC:/Users/playa/.platformio/packages/framework-arduinoespressif32/tools/sdk/esp32s3/include/espressif__esp_secure_cert_mgr/include -IC:/Users/playa/.platformio/packages/framework-arduinoespressif32/tools/sdk/esp32s3/include/esp_rainmaker/include -IC:/Users/playa/.platformio/packages/framework-arduinoespressif32/tools/sdk/esp32s3/include/gpio_button/button/include -IC:/Users/playa/.platformio/packages/framework-arduinoespressif32/tools/sdk/esp32s3/include/qrcode/include -IC:/Users/playa/.platformio/packages/framework-arduinoespressif32/tools/sdk/esp32s3/include/ws2812_led -IC:/Users/playa/.platformio/packages/framework-arduinoespressif32/tools/sdk/esp32s3/include/freertos/include/freertos -IC:/Users/playa/.platformio/packages/framework-arduinoespressif32/tools/sdk/esp32s3/include/arduino_tinyusb/tinyusb/src -IC:/Users/playa/.platformio/packages/framework-arduinoespressif32/tools/sdk/esp32s3/include/arduino_tinyusb/include -IC:/Users/playa/.platformio/packages/framework-arduinoespressif32/tools/sdk/esp32s3/include/esp_littlefs/include -IC:/Users/playa/.platformio/packages/framework-arduinoespressif32/tools/sdk/esp32s3/include/esp-dl/include -IC:/Users/playa/.platformio/packages/framework-arduinoespressif32/tools/sdk/esp32s3/include/esp-dl/include/tool -IC:/Users/playa/.platformio/packages/framework-arduinoespressif32/tools/sdk/esp32s3/include/esp-dl/include/typedef -IC:/Users/playa/.platformio/packages/framework-arduinoespressif32/tools/sdk/esp32s3/include/esp-dl/include/image -IC:/Users/playa/.platformio/packages/framework-arduinoespressif32/tools/sdk/esp32s3/include/esp-dl/include/math -IC:/Users/playa/.platformio/packages/framework-arduinoespressif32/tools/sdk/esp32s3/include/esp-dl/include/nn -IC:/Users/playa/.platformio/packages/framework-arduinoespressif32/tools/sdk/esp32s3/include/esp-dl/include/layer -IC:/Users/playa/.platformio/packages/framework-arduinoespressif32/tools/sdk/esp32s3/include/esp-dl/include/detect -IC:/Users/playa/.platformio/packages/framework-arduinoespressif32/tools/sdk/esp32s3/include/esp-dl/include/model_zoo -IC:/Users/playa/.platformio/packages/framework-arduinoespressif32/tools/sdk/esp32s3/include/esp32-camera/driver/include -IC:/Users/playa/.platformio/packages/framework-arduinoespressif32/tools/sdk/esp32s3/include/esp32-camera/conversions/include -IC:/Users/playa/.platformio/packages/framework-arduinoespressif32/tools/sdk/esp32s3/include/espressif__esp-dsp/modules/dotprod/include -IC:/Users/playa/.platformio/packages/framework-arduinoespressif32/tools/sdk/esp32s3/include/espressif__esp-dsp/modules/support/include -IC:/Users/playa/.platformio/packages/framework-arduinoespressif32/tools/sdk/esp32s3/include/espressif__esp-dsp/modules/support/mem/include -IC:/Users/playa/.platformio/packages/framework-arduinoespressif32/tools/sdk/esp32s3/include/espressif__esp-dsp/modules/windows/include -IC:/Users/playa/.platformio/packages/framework-arduinoespressif32/tools/sdk/esp32s3/include/espressif__esp-dsp/modules/windows/hann/include -IC:/Users/playa/.platformio/packages/framework-arduinoespressif32/tools/sdk/esp32s3/include/espressif__esp-dsp/modules/windows/blackman/include -IC:/Users/playa/.platformio/packages/framework-arduinoespressif32/tools/sdk/esp32s3/include/espressif__esp-dsp/modules/windows/blackman_harris/include -IC:/Users/playa/.platformio/packages/framework-arduinoespressif32/tools/sdk/esp32s3/include/espressif__esp-dsp/modules/windows/blackman_nuttall/include -IC:/Users/playa/.platformio/packages/framework-arduinoespressif32/tools/sdk/esp32s3/include/espressif__esp-dsp/modules/windows/nuttall/include -IC:/Users/playa/.platformio/packages/framework-arduinoespressif32/tools/sdk/esp32s3/include/espressif__esp-dsp/modules/windows/flat_top/include -IC:/Users/playa/.platformio/packages/framework-arduinoespressif32/tools/sdk/esp32s3/include/espressif__esp-dsp/modules/iir/include -IC:/Users/playa/.platformio/packages/framework-arduinoespressif32/tools/sdk/esp32s3/include/espressif__esp-dsp/modules/fir/include -IC:/Users/playa/.platformio/packages/framework-arduinoespressif32/tools/sdk/esp32s3/include/espressif__esp-dsp/modules/math/include -IC:/Users/playa/.platformio/packages/framework-arduinoespressif32/tools/sdk/esp32s3/include/espressif__esp-dsp/modules/math/add/include -IC:/Users/playa/.platformio/packages/framework-arduinoespressif32/tools/sdk/esp32s3/include/espressif__esp-dsp/modules/math/sub/include -IC:/Users/playa/.platformio/packages/framework-arduinoespressif32/tools/sdk/esp32s3/include/espressif__esp-dsp/modules/math/mul/include -IC:/Users/playa/.platformio/packages/framework-arduinoespressif32/tools/sdk/esp32s3/include/espressif__esp-dsp/modules/math/addc/include -IC:/Users/playa/.platformio/packages/framework-arduinoespressif32/tools/sdk/esp32s3/include/espressif__esp-dsp/modules/math/mulc/include -IC:/Users/playa/.platformio/packages/framework-arduinoespressif32/tools/sdk/esp32s3/include/espressif__esp-dsp/modules/math/sqrt/include -IC:/Users/playa/.platformio/packages/framework-arduinoespressif32/tools/sdk/esp32s3/include/espressif__esp-dsp/modules/matrix/mul/include -IC:/Users/playa/.platformio/packages/framework-arduinoespressif32/tools/sdk/esp32s3/include/espressif__esp-dsp/modules/matrix/add/include -IC:/Users/playa/.platformio/packages/framework-arduinoespressif32/tools/sdk/esp32s3/include/espressif__esp-dsp/modules/matrix/addc/include -IC:/Users/playa/.platformio/packages/framework-arduinoespressif32/tools/sdk/esp32s3/include/espressif__esp-dsp/modules/matrix/mulc/include -IC:/Users/playa/.platformio/packages/framework-arduinoespressif32/tools/sdk/esp32s3/include/espressif__esp-dsp/modules/matrix/sub/include -IC:/Users/playa/.platformio/packages/framework-arduinoespressif32/tools/sdk/esp32s3/include/espressif__esp-dsp/modules/matrix/include -IC:/Users/playa/.platformio/packages/framework-arduinoespressif32/tools/sdk/esp32s3/include/espressif__esp-dsp/modules/fft/include -IC:/Users/playa/.platformio/packages/framework-arduinoespressif32/tools/sdk/esp32s3/include/espressif__esp-dsp/modules/dct/include -IC:/Users/playa/.platformio/packages/framework-arduinoespressif32/tools/sdk/esp32s3/include/espressif__esp-dsp/modules/conv/include -IC:/Users/playa/.platformio/packages/framework-arduinoespressif32/tools/sdk/esp32s3/include/espressif__esp-dsp/modules/common/include -IC:/Users/playa/.platformio/packages/framework-arduinoespressif32/tools/sdk/esp32s3/include/espressif__esp-dsp/modules/matrix/mul/test/include -IC:/Users/playa/.platformio/packages/framework-arduinoespressif32/tools/sdk/esp32s3/include/espressif__esp-dsp/modules/kalman/ekf/include -IC:/Users/playa/.platformio/packages/framework-arduinoespressif32/tools/sdk/esp32s3/include/espressif__esp-dsp/modules/kalman/ekf_imu13states/include -IC:/Users/playa/.platformio/packages/framework-arduinoespressif32/tools/sdk/esp32s3/include/fb_gfx/include -IC:/Users/playa/.platformio/packages/framework-arduinoespressif32/tools/sdk/esp32s3/qio_opi/include -IC:/Users/playa/.platformio/packages/framework-arduinoespressif32/cores/esp32 -IC:/Users/playa/.platformio/packages/framework-arduinoespressif32/variants/esp32s3 src/display_driver.cpp
xtensa-esp32s3-elf-g++ @C:\Users\playa\OneDrive\Documents\PlatformIO\Projects\Display_Test\.pio\build\JC8048W550\tmpw51w2yul.tmp
Using tempfile C:\Users\playa\OneDrive\Documents\PlatformIO\Projects\Display_Test\.pio\build\JC8048W550\tmp3mi50amz.tmp for command line:
xtensa-esp32s3-elf-g++ -o .pio/build/JC8048W550/src/main.cpp.o -c -std=gnu++11 -fexceptions -fno-rtti -Os -mlongcalls -ffunction-sections -fdata-sections -Wno-error=unused-function -Wno-error=unused-variable -Wno-error=deprecated-declarations -Wno-unused-parameter -Wno-sign-compare -ggdb -freorder-blocks -Wwrite-strings -fstack-protector -fstrict-volatile-bitfields -Wno-error=unused-but-set-variable -fno-jump-tables -fno-tree-switch-conversion -MMD -DPLATFORMIO=60118 "-D ARDUINO_ESP32S3_DEV" "-D BOARD_HAS_PSRAM" "-D ARDUINO_USB_MODE=1" "-D ARDUINO_RUNNING_CORE=1" "-D ARDUINO_EVENT_RUNNING_CORE=1" "-D ARDUINO_USB_CDC_ON_BOOT=0" "-D JC8048W550" "-D DISPLAY_WIDTH=800" "-D DISPLAY_HEIGHT=480" "-D DISPLAY_SOFTWARE_ROTATION" "-D LVGL_BUFFER_PIXELS=(DISPLAY_WIDTH*DISPLAY_HEIGHT)" "-D LVGL_BUFFER_MALLOC_FLAGS=(MALLOC_CAP_SPIRAM|MALLOC_CAP_8BIT)" "-D GPIO_BCKL=2" "-D DISPLAY_ST7262_PAR" "-D ST7262_PANEL_CONFIG_CLK_SRC=LCD_CLK_SRC_PLL160M" "-D ST7262_PANEL_CONFIG_TIMINGS_PCLK_HZ=(16*1000000)" "-D ST7262_PANEL_CONFIG_TIMINGS_H_RES=DISPLAY_WIDTH" "-D ST7262_PANEL_CONFIG_TIMINGS_V_RES=DISPLAY_HEIGHT" "-D ST7262_PANEL_CONFIG_TIMINGS_HSYNC_PULSE_WIDTH=4" "-D ST7262_PANEL_CONFIG_TIMINGS_HSYNC_BACK_PORCH=8" "-D ST7262_PANEL_CONFIG_TIMINGS_HSYNC_FRONT_PORCH=8" "-D ST7262_PANEL_CONFIG_TIMINGS_VSYNC_PULSE_WIDTH=4" "-D ST7262_PANEL_CONFIG_TIMINGS_VSYNC_BACK_PORCH=8" "-D ST7262_PANEL_CONFIG_TIMINGS_VSYNC_FRONT_PORCH=8" "-D ST7262_PANEL_CONFIG_TIMINGS_FLAGS_HSYNC_IDLE_LOW=false" "-D ST7262_PANEL_CONFIG_TIMINGS_FLAGS_VSYNC_IDLE_LOW=false" "-D ST7262_PANEL_CONFIG_TIMINGS_FLAGS_DE_IDLE_HIGH=false" "-D ST7262_PANEL_CONFIG_TIMINGS_FLAGS_PCLK_ACTIVE_NEG=true" "-D ST7262_PANEL_CONFIG_TIMINGS_FLAGS_PCLK_IDLE_HIGH=false" "-D ST7262_PANEL_CONFIG_DATA_WIDTH=16" "-D ST7262_PANEL_CONFIG_SRAM_TRANS_ALIGN=4" "-D ST7262_PANEL_CONFIG_PSRAM_TRANS_ALIGN=64" "-D ST7262_PANEL_CONFIG_HSYNC_GPIO_NUM=39" "-D ST7262_PANEL_CONFIG_VSYNC_GPIO_NUM=41" "-D ST7262_PANEL_CONFIG_DE_GPIO_NUM=40" "-D ST7262_PANEL_CONFIG_PCLK_GPIO_NUM=42" "-D ST7262_PANEL_CONFIG_DATA_GPIO_R0=8" "-D ST7262_PANEL_CONFIG_DATA_GPIO_R1=3" "-D ST7262_PANEL_CONFIG_DATA_GPIO_R2=46" "-D ST7262_PANEL_CONFIG_DATA_GPIO_R3=9" "-D ST7262_PANEL_CONFIG_DATA_GPIO_R4=1" "-D ST7262_PANEL_CONFIG_DATA_GPIO_G0=5" "-D ST7262_PANEL_CONFIG_DATA_GPIO_G1=6" "-D ST7262_PANEL_CONFIG_DATA_GPIO_G2=7" "-D ST7262_PANEL_CONFIG_DATA_GPIO_G3=15" "-D ST7262_PANEL_CONFIG_DATA_GPIO_G4=16" "-D ST7262_PANEL_CONFIG_DATA_GPIO_G5=4" "-D ST7262_PANEL_CONFIG_DATA_GPIO_B0=45" "-D ST7262_PANEL_CONFIG_DATA_GPIO_B1=48" "-D ST7262_PANEL_CONFIG_DATA_GPIO_B2=47" "-D ST7262_PANEL_CONFIG_DATA_GPIO_B3=21" "-D ST7262_PANEL_CONFIG_DATA_GPIO_B4=14" "-D ST7262_PANEL_CONFIG_DISP_GPIO_NUM=GPIO_NUM_NC" "-D ST7262_PANEL_CONFIG_FLAGS_DISP_ACTIVE_LOW=false" "-D ST7262_PANEL_CONFIG_FLAGS_RELAX_ON_IDLE=false" "-D ST7262_PANEL_CONFIG_FLAGS_FB_IN_PSRAM=true" "-D DISPLAY_SWAP_XY=false" "-D DISPLAY_MIRROR_X=false" "-D DISPLAY_MIRROR_Y=false" "-D BOARD_HAS_TOUCH" "-D CONFIG_ESP_LCD_TOUCH_MAX_POINTS=1" "-D CONFIG_ESP_LCD_TOUCH_MAX_BUTTONS=0" "-D TOUCH_GT911_I2C" "-D GT911_I2C_HOST=I2C_NUM_0" "-D GT911_I2C_CONFIG_SDA_IO_NUM=19" "-D GT911_I2C_CONFIG_SCL_IO_NUM=20" "-D GT911_I2C_CONFIG_SDA_PULLUP_EN=GPIO_PULLUP_DISABLE" "-D GT911_I2C_CONFIG_SCL_PULLUP_EN=GPIO_PULLUP_DISABLE" "-D GT911_I2C_CONFIG_MASTER_CLK_SPEED=400000" "-D GT911_I2C_CONFIG_CLK_FLAGS=I2C_SCLK_SRC_FLAG_FOR_NOMAL" "-D GT911_IO_I2C_CONFIG_DEV_ADDR=GT911_IO_I2C_CONFIG_DEV_ADDRESS_5D" "-D GT911_IO_I2C_CONFIG_CONTROL_PHASE_BYTES=1" "-D GT911_IO_I2C_CONFIG_DC_BIT_OFFSET=0" "-D GT911_IO_I2C_CONFIG_LCD_CMD_BITS=16" "-D GT911_IO_I2C_CONFIG_LCD_PARAM_BITS=0" "-D GT911_IO_I2C_CONFIG_FLAGS_DC_LOW_ON_DATA=false" "-D GT911_IO_I2C_CONFIG_FLAGS_DISABLE_CONTROL_PHASE=true" "-D GT911_TOUCH_CONFIG_X_MAX=DISPLAY_WIDTH" "-D GT911_TOUCH_CONFIG_Y_MAX=DISPLAY_HEIGHT" "-D GT911_TOUCH_CONFIG_RST_GPIO_NUM=38" "-D GT911_TOUCH_CONFIG_INT_GPIO_NUM=18" "-D GT911_TOUCH_CONFIG_LEVELS_RESET=0" "-D GT911_TOUCH_CONFIG_LEVELS_INTERRUPT=0" "-D TOUCH_SWAP_XY=false" "-D TOUCH_MIRROR_X=false" "-D TOUCH_MIRROR_Y=false" "-D BOARD_HAS_TF" "-D TF_CS=10" "-D TF_SPI_MOSI=11" "-D TF_SPI_SCLK=12" "-D TF_SPI_MISO=13" -DLV_USE_DRAW_SW_ASM=0 -DLV_CONF_INCLUDE_SIMPLE -DBOARD_HAS_PSRAM -DARDUINO_USB_MODE=1 -DESP_PLATFORM -DCONFIG_LCD_COLOR_FORMAT_RGB565=1 -DCONFIG_LCD_AUTO_FLUSH=1 -DCONFIG_SPIRAM_CACHE_WORKAROUND=1 -DHAVE_CONFIG_H -DMBEDTLS_CONFIG_FILE=\"mbedtls/esp_config.h\" -DUNITY_INCLUDE_CONFIG_H -DWITH_POSIX -D_GNU_SOURCE -DIDF_VER=\"v4.4.7-dirty\" -DESP_PLATFORM -D_POSIX_READER_WRITER_LOCKS -DARDUINO_ARCH_ESP32 -DESP32 -DF_CPU=240000000L -DARDUINO=10812 -DARDUINO_VARIANT=\"esp32s3\" -DARDUINO_BOARD=\"JC8048W550\" -DARDUINO_PARTITION_default -Iinclude -I.pio/libdeps/JC8048W550/TAMC_GT911 -IC:/Users/playa/.platformio/packages/framework-arduinoespressif32/libraries/Wire/src -I.pio/libdeps/JC8048W550/lvgl -I.pio/libdeps/JC8048W550/lvgl/src -IC:/Users/playa/.platformio/packages/framework-arduinoespressif32/libraries/SD/src -IC:/Users/playa/.platformio/packages/framework-arduinoespressif32/libraries/SPI/src -IC:/Users/playa/.platformio/packages/framework-arduinoespressif32/libraries/LittleFS/src -IC:/Users/playa/.platformio/packages/framework-arduinoespressif32/libraries/FS/src -Isrc -IC:/Users/playa/.platformio/packages/framework-arduinoespressif32/tools/sdk/esp32s3/include/newlib/platform_include -IC:/Users/playa/.platformio/packages/framework-arduinoespressif32/tools/sdk/esp32s3/include/freertos/include -IC:/Users/playa/.platformio/packages/framework-arduinoespressif32/tools/sdk/esp32s3/include/freertos/include/esp_additions/freertos -IC:/Users/playa/.platformio/packages/framework-arduinoespressif32/tools/sdk/esp32s3/include/freertos/port/xtensa/include -IC:/Users/playa/.platformio/packages/framework-arduinoespressif32/tools/sdk/esp32s3/include/freertos/include/esp_additions -IC:/Users/playa/.platformio/packages/framework-arduinoespressif32/tools/sdk/esp32s3/include/esp_hw_support/include -IC:/Users/playa/.platformio/packages/framework-arduinoespressif32/tools/sdk/esp32s3/include/esp_hw_support/include/soc -IC:/Users/playa/.platformio/packages/framework-arduinoespressif32/tools/sdk/esp32s3/include/esp_hw_support/include/soc/esp32s3 -IC:/Users/playa/.platformio/packages/framework-arduinoespressif32/tools/sdk/esp32s3/include/esp_hw_support/port/esp32s3 -IC:/Users/playa/.platformio/packages/framework-arduinoespressif32/tools/sdk/esp32s3/include/esp_hw_support/port/esp32s3/private_include -IC:/Users/playa/.platformio/packages/framework-arduinoespressif32/tools/sdk/esp32s3/include/heap/include -IC:/Users/playa/.platformio/packages/framework-arduinoespressif32/tools/sdk/esp32s3/include/log/include -IC:/Users/playa/.platformio/packages/framework-arduinoespressif32/tools/sdk/esp32s3/include/lwip/include/apps -IC:/Users/playa/.platformio/packages/framework-arduinoespressif32/tools/sdk/esp32s3/include/lwip/include/apps/sntp -IC:/Users/playa/.platformio/packages/framework-arduinoespressif32/tools/sdk/esp32s3/include/lwip/lwip/src/include -IC:/Users/playa/.platformio/packages/framework-arduinoespressif32/tools/sdk/esp32s3/include/lwip/port/esp32/include -IC:/Users/playa/.platformio/packages/framework-arduinoespressif32/tools/sdk/esp32s3/include/lwip/port/esp32/include/arch -IC:/Users/playa/.platformio/packages/framework-arduinoespressif32/tools/sdk/esp32s3/include/soc/include -IC:/Users/playa/.platformio/packages/framework-arduinoespressif32/tools/sdk/esp32s3/include/soc/esp32s3 -IC:/Users/playa/.platformio/packages/framework-arduinoespressif32/tools/sdk/esp32s3/include/soc/esp32s3/include -IC:/Users/playa/.platformio/packages/framework-arduinoespressif32/tools/sdk/esp32s3/include/hal/esp32s3/include -IC:/Users/playa/.platformio/packages/framework-arduinoespressif32/tools/sdk/esp32s3/include/hal/include -IC:/Users/playa/.platformio/packages/framework-arduinoespressif32/tools/sdk/esp32s3/include/hal/platform_port/include -IC:/Users/playa/.platformio/packages/framework-arduinoespressif32/tools/sdk/esp32s3/include/esp_rom/include -IC:/Users/playa/.platformio/packages/framework-arduinoespressif32/tools/sdk/esp32s3/include/esp_rom/include/esp32s3 -IC:/Users/playa/.platformio/packages/framework-arduinoespressif32/tools/sdk/esp32s3/include/esp_rom/esp32s3 -IC:/Users/playa/.platformio/packages/framework-arduinoespressif32/tools/sdk/esp32s3/include/esp_common/include -IC:/Users/playa/.platformio/packages/framework-arduinoespressif32/tools/sdk/esp32s3/include/esp_system/include -IC:/Users/playa/.platformio/packages/framework-arduinoespressif32/tools/sdk/esp32s3/include/esp_system/port/soc -IC:/Users/playa/.platformio/packages/framework-arduinoespressif32/tools/sdk/esp32s3/include/esp_system/port/public_compat -IC:/Users/playa/.platformio/packages/framework-arduinoespressif32/tools/sdk/esp32s3/include/xtensa/include -IC:/Users/playa/.platformio/packages/framework-arduinoespressif32/tools/sdk/esp32s3/include/xtensa/esp32s3/include -IC:/Users/playa/.platformio/packages/framework-arduinoespressif32/tools/sdk/esp32s3/include/driver/include -IC:/Users/playa/.platformio/packages/framework-arduinoespressif32/tools/sdk/esp32s3/include/driver/esp32s3/include -IC:/Users/playa/.platformio/packages/framework-arduinoespressif32/tools/sdk/esp32s3/include/esp_pm/include -IC:/Users/playa/.platformio/packages/framework-arduinoespressif32/tools/sdk/esp32s3/include/esp_ringbuf/include -IC:/Users/playa/.platformio/packages/framework-arduinoespressif32/tools/sdk/esp32s3/include/efuse/include -IC:/Users/playa/.platformio/packages/framework-arduinoespressif32/tools/sdk/esp32s3/include/efuse/esp32s3/include -IC:/Users/playa/.platformio/packages/framework-arduinoespressif32/tools/sdk/esp32s3/include/vfs/include -IC:/Users/playa/.platformio/packages/framework-arduinoespressif32/tools/sdk/esp32s3/include/esp_wifi/include -IC:/Users/playa/.platformio/packages/framework-arduinoespressif32/tools/sdk/esp32s3/include/esp_event/include -IC:/Users/playa/.platformio/packages/framework-arduinoespressif32/tools/sdk/esp32s3/include/esp_netif/include -IC:/Users/playa/.platformio/packages/framework-arduinoespressif32/tools/sdk/esp32s3/include/esp_eth/include -IC:/Users/playa/.platformio/packages/framework-arduinoespressif32/tools/sdk/esp32s3/include/tcpip_adapter/include -IC:/Users/playa/.platformio/packages/framework-arduinoespressif32/tools/sdk/esp32s3/include/esp_phy/include -IC:/Users/playa/.platformio/packages/framework-arduinoespressif32/tools/sdk/esp32s3/include/esp_phy/esp32s3/include -IC:/Users/playa/.platformio/packages/framework-arduinoespressif32/tools/sdk/esp32s3/include/esp_ipc/include -IC:/Users/playa/.platformio/packages/framework-arduinoespressif32/tools/sdk/esp32s3/include/app_trace/include -IC:/Users/playa/.platformio/packages/framework-arduinoespressif32/tools/sdk/esp32s3/include/esp_timer/include -IC:/Users/playa/.platformio/packages/framework-arduinoespressif32/tools/sdk/esp32s3/include/mbedtls/port/include -IC:/Users/playa/.platformio/packages/framework-arduinoespressif32/tools/sdk/esp32s3/include/mbedtls/mbedtls/include -IC:/Users/playa/.platformio/packages/framework-arduinoespressif32/tools/sdk/esp32s3/include/mbedtls/esp_crt_bundle/include -IC:/Users/playa/.platformio/packages/framework-arduinoespressif32/tools/sdk/esp32s3/include/app_update/include -IC:/Users/playa/.platformio/packages/framework-arduinoespressif32/tools/sdk/esp32s3/include/spi_flash/include -IC:/Users/playa/.platformio/packages/framework-arduinoespressif32/tools/sdk/esp32s3/include/bootloader_support/include -IC:/Users/playa/.platformio/packages/framework-arduinoespressif32/tools/sdk/esp32s3/include/nvs_flash/include -IC:/Users/playa/.platformio/packages/framework-arduinoespressif32/tools/sdk/esp32s3/include/pthread/include -IC:/Users/playa/.platformio/packages/framework-arduinoespressif32/tools/sdk/esp32s3/include/esp_gdbstub/include -IC:/Users/playa/.platformio/packages/framework-arduinoespressif32/tools/sdk/esp32s3/include/esp_gdbstub/xtensa -IC:/Users/playa/.platformio/packages/framework-arduinoespressif32/tools/sdk/esp32s3/include/esp_gdbstub/esp32s3 -IC:/Users/playa/.platformio/packages/framework-arduinoespressif32/tools/sdk/esp32s3/include/espcoredump/include -IC:/Users/playa/.platformio/packages/framework-arduinoespressif32/tools/sdk/esp32s3/include/espcoredump/include/port/xtensa -IC:/Users/playa/.platformio/packages/framework-arduinoespressif32/tools/sdk/esp32s3/include/wpa_supplicant/include -IC:/Users/playa/.platformio/packages/framework-arduinoespressif32/tools/sdk/esp32s3/include/wpa_supplicant/port/include -IC:/Users/playa/.platformio/packages/framework-arduinoespressif32/tools/sdk/esp32s3/include/wpa_supplicant/esp_supplicant/include -IC:/Users/playa/.platformio/packages/framework-arduinoespressif32/tools/sdk/esp32s3/include/ieee802154/include -IC:/Users/playa/.platformio/packages/framework-arduinoespressif32/tools/sdk/esp32s3/include/console -IC:/Users/playa/.platformio/packages/framework-arduinoespressif32/tools/sdk/esp32s3/include/asio/asio/asio/include -IC:/Users/playa/.platformio/packages/framework-arduinoespressif32/tools/sdk/esp32s3/include/asio/port/include -IC:/Users/playa/.platformio/packages/framework-arduinoespressif32/tools/sdk/esp32s3/include/bt/common/osi/include -IC:/Users/playa/.platformio/packages/framework-arduinoespressif32/tools/sdk/esp32s3/include/bt/include/esp32c3/include -IC:/Users/playa/.platformio/packages/framework-arduinoespressif32/tools/sdk/esp32s3/include/bt/common/api/include/api -IC:/Users/playa/.platformio/packages/framework-arduinoespressif32/tools/sdk/esp32s3/include/bt/common/btc/profile/esp/blufi/include -IC:/Users/playa/.platformio/packages/framework-arduinoespressif32/tools/sdk/esp32s3/include/bt/common/btc/profile/esp/include -IC:/Users/playa/.platformio/packages/framework-arduinoespressif32/tools/sdk/esp32s3/include/bt/host/bluedroid/api/include/api -IC:/Users/playa/.platformio/packages/framework-arduinoespressif32/tools/sdk/esp32s3/include/bt/esp_ble_mesh/mesh_common/include -IC:/Users/playa/.platformio/packages/framework-arduinoespressif32/tools/sdk/esp32s3/include/bt/esp_ble_mesh/mesh_common/tinycrypt/include -IC:/Users/playa/.platformio/packages/framework-arduinoespressif32/tools/sdk/esp32s3/include/bt/esp_ble_mesh/mesh_core -IC:/Users/playa/.platformio/packages/framework-arduinoespressif32/tools/sdk/esp32s3/include/bt/esp_ble_mesh/mesh_core/include -IC:/Users/playa/.platformio/packages/framework-arduinoespressif32/tools/sdk/esp32s3/include/bt/esp_ble_mesh/mesh_core/storage -IC:/Users/playa/.platformio/packages/framework-arduinoespressif32/tools/sdk/esp32s3/include/bt/esp_ble_mesh/btc/include -IC:/Users/playa/.platformio/packages/framework-arduinoespressif32/tools/sdk/esp32s3/include/bt/esp_ble_mesh/mesh_models/common/include -IC:/Users/playa/.platformio/packages/framework-arduinoespressif32/tools/sdk/esp32s3/include/bt/esp_ble_mesh/mesh_models/client/include -IC:/Users/playa/.platformio/packages/framework-arduinoespressif32/tools/sdk/esp32s3/include/bt/esp_ble_mesh/mesh_models/server/include -IC:/Users/playa/.platformio/packages/framework-arduinoespressif32/tools/sdk/esp32s3/include/bt/esp_ble_mesh/api/core/include -IC:/Users/playa/.platformio/packages/framework-arduinoespressif32/tools/sdk/esp32s3/include/bt/esp_ble_mesh/api/models/include -IC:/Users/playa/.platformio/packages/framework-arduinoespressif32/tools/sdk/esp32s3/include/bt/esp_ble_mesh/api -IC:/Users/playa/.platformio/packages/framework-arduinoespressif32/tools/sdk/esp32s3/include/cbor/port/include -IC:/Users/playa/.platformio/packages/framework-arduinoespressif32/tools/sdk/esp32s3/include/unity/include -IC:/Users/playa/.platformio/packages/framework-arduinoespressif32/tools/sdk/esp32s3/include/unity/unity/src -IC:/Users/playa/.platformio/packages/framework-arduinoespressif32/tools/sdk/esp32s3/include/cmock/CMock/src -IC:/Users/playa/.platformio/packages/framework-arduinoespressif32/tools/sdk/esp32s3/include/coap/port/include -IC:/Users/playa/.platformio/packages/framework-arduinoespressif32/tools/sdk/esp32s3/include/coap/libcoap/include -IC:/Users/playa/.platformio/packages/framework-arduinoespressif32/tools/sdk/esp32s3/include/nghttp/port/include -IC:/Users/playa/.platformio/packages/framework-arduinoespressif32/tools/sdk/esp32s3/include/nghttp/nghttp2/lib/includes -IC:/Users/playa/.platformio/packages/framework-arduinoespressif32/tools/sdk/esp32s3/include/esp-tls -IC:/Users/playa/.platformio/packages/framework-arduinoespressif32/tools/sdk/esp32s3/include/esp-tls/esp-tls-crypto -IC:/Users/playa/.platformio/packages/framework-arduinoespressif32/tools/sdk/esp32s3/include/esp_adc_cal/include -IC:/Users/playa/.platformio/packages/framework-arduinoespressif32/tools/sdk/esp32s3/include/esp_hid/include -IC:/Users/playa/.platformio/packages/framework-arduinoespressif32/tools/sdk/esp32s3/include/tcp_transport/include -IC:/Users/playa/.platformio/packages/framework-arduinoespressif32/tools/sdk/esp32s3/include/esp_http_client/include -IC:/Users/playa/.platformio/packages/framework-arduinoespressif32/tools/sdk/esp32s3/include/esp_http_server/include -IC:/Users/playa/.platformio/packages/framework-arduinoespressif32/tools/sdk/esp32s3/include/esp_https_ota/include -IC:/Users/playa/.platformio/packages/framework-arduinoespressif32/tools/sdk/esp32s3/include/esp_https_server/include -IC:/Users/playa/.platformio/packages/framework-arduinoespressif32/tools/sdk/esp32s3/include/esp_lcd/include -IC:/Users/playa/.platformio/packages/framework-arduinoespressif32/tools/sdk/esp32s3/include/esp_lcd/interface -IC:/Users/playa/.platformio/packages/framework-arduinoespressif32/tools/sdk/esp32s3/include/protobuf-c/protobuf-c -IC:/Users/playa/.platformio/packages/framework-arduinoespressif32/tools/sdk/esp32s3/include/protocomm/include/common -IC:/Users/playa/.platformio/packages/framework-arduinoespressif32/tools/sdk/esp32s3/include/protocomm/include/security -IC:/Users/playa/.platformio/packages/framework-arduinoespressif32/tools/sdk/esp32s3/include/protocomm/include/transports -IC:/Users/playa/.platformio/packages/framework-arduinoespressif32/tools/sdk/esp32s3/include/mdns/include -IC:/Users/playa/.platformio/packages/framework-arduinoespressif32/tools/sdk/esp32s3/include/esp_local_ctrl/include -IC:/Users/playa/.platformio/packages/framework-arduinoespressif32/tools/sdk/esp32s3/include/sdmmc/include -IC:/Users/playa/.platformio/packages/framework-arduinoespressif32/tools/sdk/esp32s3/include/esp_serial_slave_link/include -IC:/Users/playa/.platformio/packages/framework-arduinoespressif32/tools/sdk/esp32s3/include/esp_websocket_client/include -IC:/Users/playa/.platformio/packages/framework-arduinoespressif32/tools/sdk/esp32s3/include/expat/expat/expat/lib -IC:/Users/playa/.platformio/packages/framework-arduinoespressif32/tools/sdk/esp32s3/include/expat/port/include -IC:/Users/playa/.platformio/packages/framework-arduinoespressif32/tools/sdk/esp32s3/include/wear_levelling/include -IC:/Users/playa/.platformio/packages/framework-arduinoespressif32/tools/sdk/esp32s3/include/fatfs/diskio -IC:/Users/playa/.platformio/packages/framework-arduinoespressif32/tools/sdk/esp32s3/include/fatfs/vfs -IC:/Users/playa/.platformio/packages/framework-arduinoespressif32/tools/sdk/esp32s3/include/fatfs/src -IC:/Users/playa/.platformio/packages/framework-arduinoespressif32/tools/sdk/esp32s3/include/freemodbus/freemodbus/common/include -IC:/Users/playa/.platformio/packages/framework-arduinoespressif32/tools/sdk/esp32s3/include/idf_test/include -IC:/Users/playa/.platformio/packages/framework-arduinoespressif32/tools/sdk/esp32s3/include/idf_test/include/esp32s3 -IC:/Users/playa/.platformio/packages/framework-arduinoespressif32/tools/sdk/esp32s3/include/jsmn/include -IC:/Users/playa/.platformio/packages/framework-arduinoespressif32/tools/sdk/esp32s3/include/json/cJSON -IC:/Users/playa/.platformio/packages/framework-arduinoespressif32/tools/sdk/esp32s3/include/libsodium/libsodium/src/libsodium/include -IC:/Users/playa/.platformio/packages/framework-arduinoespressif32/tools/sdk/esp32s3/include/libsodium/port_include -IC:/Users/playa/.platformio/packages/framework-arduinoespressif32/tools/sdk/esp32s3/include/mqtt/esp-mqtt/include -IC:/Users/playa/.platformio/packages/framework-arduinoespressif32/tools/sdk/esp32s3/include/openssl/include -IC:/Users/playa/.platformio/packages/framework-arduinoespressif32/tools/sdk/esp32s3/include/perfmon/include -IC:/Users/playa/.platformio/packages/framework-arduinoespressif32/tools/sdk/esp32s3/include/spiffs/include -IC:/Users/playa/.platformio/packages/framework-arduinoespressif32/tools/sdk/esp32s3/include/usb/include -IC:/Users/playa/.platformio/packages/framework-arduinoespressif32/tools/sdk/esp32s3/include/ulp/include -IC:/Users/playa/.platformio/packages/framework-arduinoespressif32/tools/sdk/esp32s3/include/wifi_provisioning/include -IC:/Users/playa/.platformio/packages/framework-arduinoespressif32/tools/sdk/esp32s3/include/rmaker_common/include -IC:/Users/playa/.platformio/packages/framework-arduinoespressif32/tools/sdk/esp32s3/include/esp_diagnostics/include -IC:/Users/playa/.platformio/packages/framework-arduinoespressif32/tools/sdk/esp32s3/include/rtc_store/include -IC:/Users/playa/.platformio/packages/framework-arduinoespressif32/tools/sdk/esp32s3/include/esp_insights/include -IC:/Users/playa/.platformio/packages/framework-arduinoespressif32/tools/sdk/esp32s3/include/json_parser/upstream/include -IC:/Users/playa/.platformio/packages/framework-arduinoespressif32/tools/sdk/esp32s3/include/json_parser/upstream -IC:/Users/playa/.platformio/packages/framework-arduinoespressif32/tools/sdk/esp32s3/include/json_generator/upstream -IC:/Users/playa/.platformio/packages/framework-arduinoespressif32/tools/sdk/esp32s3/include/esp_schedule/include -IC:/Users/playa/.platformio/packages/framework-arduinoespressif32/tools/sdk/esp32s3/include/espressif__esp_secure_cert_mgr/include -IC:/Users/playa/.platformio/packages/framework-arduinoespressif32/tools/sdk/esp32s3/include/esp_rainmaker/include -IC:/Users/playa/.platformio/packages/framework-arduinoespressif32/tools/sdk/esp32s3/include/gpio_button/button/include -IC:/Users/playa/.platformio/packages/framework-arduinoespressif32/tools/sdk/esp32s3/include/qrcode/include -IC:/Users/playa/.platformio/packages/framework-arduinoespressif32/tools/sdk/esp32s3/include/ws2812_led -IC:/Users/playa/.platformio/packages/framework-arduinoespressif32/tools/sdk/esp32s3/include/freertos/include/freertos -IC:/Users/playa/.platformio/packages/framework-arduinoespressif32/tools/sdk/esp32s3/include/arduino_tinyusb/tinyusb/src -IC:/Users/playa/.platformio/packages/framework-arduinoespressif32/tools/sdk/esp32s3/include/arduino_tinyusb/include -IC:/Users/playa/.platformio/packages/framework-arduinoespressif32/tools/sdk/esp32s3/include/esp_littlefs/include -IC:/Users/playa/.platformio/packages/framework-arduinoespressif32/tools/sdk/esp32s3/include/esp-dl/include -IC:/Users/playa/.platformio/packages/framework-arduinoespressif32/tools/sdk/esp32s3/include/esp-dl/include/tool -IC:/Users/playa/.platformio/packages/framework-arduinoespressif32/tools/sdk/esp32s3/include/esp-dl/include/typedef -IC:/Users/playa/.platformio/packages/framework-arduinoespressif32/tools/sdk/esp32s3/include/esp-dl/include/image -IC:/Users/playa/.platformio/packages/framework-arduinoespressif32/tools/sdk/esp32s3/include/esp-dl/include/math -IC:/Users/playa/.platformio/packages/framework-arduinoespressif32/tools/sdk/esp32s3/include/esp-dl/include/nn -IC:/Users/playa/.platformio/packages/framework-arduinoespressif32/tools/sdk/esp32s3/include/esp-dl/include/layer -IC:/Users/playa/.platformio/packages/framework-arduinoespressif32/tools/sdk/esp32s3/include/esp-dl/include/detect -IC:/Users/playa/.platformio/packages/framework-arduinoespressif32/tools/sdk/esp32s3/include/esp-dl/include/model_zoo -IC:/Users/playa/.platformio/packages/framework-arduinoespressif32/tools/sdk/esp32s3/include/esp32-camera/driver/include -IC:/Users/playa/.platformio/packages/framework-arduinoespressif32/tools/sdk/esp32s3/include/esp32-camera/conversions/include -IC:/Users/playa/.platformio/packages/framework-arduinoespressif32/tools/sdk/esp32s3/include/espressif__esp-dsp/modules/dotprod/include -IC:/Users/playa/.platformio/packages/framework-arduinoespressif32/tools/sdk/esp32s3/include/espressif__esp-dsp/modules/support/include -IC:/Users/playa/.platformio/packages/framework-arduinoespressif32/tools/sdk/esp32s3/include/espressif__esp-dsp/modules/support/mem/include -IC:/Users/playa/.platformio/packages/framework-arduinoespressif32/tools/sdk/esp32s3/include/espressif__esp-dsp/modules/windows/include -IC:/Users/playa/.platformio/packages/framework-arduinoespressif32/tools/sdk/esp32s3/include/espressif__esp-dsp/modules/windows/hann/include -IC:/Users/playa/.platformio/packages/framework-arduinoespressif32/tools/sdk/esp32s3/include/espressif__esp-dsp/modules/windows/blackman/include -IC:/Users/playa/.platformio/packages/framework-arduinoespressif32/tools/sdk/esp32s3/include/espressif__esp-dsp/modules/windows/blackman_harris/include -IC:/Users/playa/.platformio/packages/framework-arduinoespressif32/tools/sdk/esp32s3/include/espressif__esp-dsp/modules/windows/blackman_nuttall/include -IC:/Users/playa/.platformio/packages/framework-arduinoespressif32/tools/sdk/esp32s3/include/espressif__esp-dsp/modules/windows/nuttall/include -IC:/Users/playa/.platformio/packages/framework-arduinoespressif32/tools/sdk/esp32s3/include/espressif__esp-dsp/modules/windows/flat_top/include -IC:/Users/playa/.platformio/packages/framework-arduinoespressif32/tools/sdk/esp32s3/include/espressif__esp-dsp/modules/iir/include -IC:/Users/playa/.platformio/packages/framework-arduinoespressif32/tools/sdk/esp32s3/include/espressif__esp-dsp/modules/fir/include -IC:/Users/playa/.platformio/packages/framework-arduinoespressif32/tools/sdk/esp32s3/include/espressif__esp-dsp/modules/math/include -IC:/Users/playa/.platformio/packages/framework-arduinoespressif32/tools/sdk/esp32s3/include/espressif__esp-dsp/modules/math/add/include -IC:/Users/playa/.platformio/packages/framework-arduinoespressif32/tools/sdk/esp32s3/include/espressif__esp-dsp/modules/math/sub/include -IC:/Users/playa/.platformio/packages/framework-arduinoespressif32/tools/sdk/esp32s3/include/espressif__esp-dsp/modules/math/mul/include -IC:/Users/playa/.platformio/packages/framework-arduinoespressif32/tools/sdk/esp32s3/include/espressif__esp-dsp/modules/math/addc/include -IC:/Users/playa/.platformio/packages/framework-arduinoespressif32/tools/sdk/esp32s3/include/espressif__esp-dsp/modules/math/mulc/include -IC:/Users/playa/.platformio/packages/framework-arduinoespressif32/tools/sdk/esp32s3/include/espressif__esp-dsp/modules/math/sqrt/include -IC:/Users/playa/.platformio/packages/framework-arduinoespressif32/tools/sdk/esp32s3/include/espressif__esp-dsp/modules/matrix/mul/include -IC:/Users/playa/.platformio/packages/framework-arduinoespressif32/tools/sdk/esp32s3/include/espressif__esp-dsp/modules/matrix/add/include -IC:/Users/playa/.platformio/packages/framework-arduinoespressif32/tools/sdk/esp32s3/include/espressif__esp-dsp/modules/matrix/addc/include -IC:/Users/playa/.platformio/packages/framework-arduinoespressif32/tools/sdk/esp32s3/include/espressif__esp-dsp/modules/matrix/mulc/include -IC:/Users/playa/.platformio/packages/framework-arduinoespressif32/tools/sdk/esp32s3/include/espressif__esp-dsp/modules/matrix/sub/include -IC:/Users/playa/.platformio/packages/framework-arduinoespressif32/tools/sdk/esp32s3/include/espressif__esp-dsp/modules/matrix/include -IC:/Users/playa/.platformio/packages/framework-arduinoespressif32/tools/sdk/esp32s3/include/espressif__esp-dsp/modules/fft/include -IC:/Users/playa/.platformio/packages/framework-arduinoespressif32/tools/sdk/esp32s3/include/espressif__esp-dsp/modules/dct/include -IC:/Users/playa/.platformio/packages/framework-arduinoespressif32/tools/sdk/esp32s3/include/espressif__esp-dsp/modules/conv/include -IC:/Users/playa/.platformio/packages/framework-arduinoespressif32/tools/sdk/esp32s3/include/espressif__esp-dsp/modules/common/include -IC:/Users/playa/.platformio/packages/framework-arduinoespressif32/tools/sdk/esp32s3/include/espressif__esp-dsp/modules/matrix/mul/test/include -IC:/Users/playa/.platformio/packages/framework-arduinoespressif32/tools/sdk/esp32s3/include/espressif__esp-dsp/modules/kalman/ekf/include -IC:/Users/playa/.platformio/packages/framework-arduinoespressif32/tools/sdk/esp32s3/include/espressif__esp-dsp/modules/kalman/ekf_imu13states/include -IC:/Users/playa/.platformio/packages/framework-arduinoespressif32/tools/sdk/esp32s3/include/fb_gfx/include -IC:/Users/playa/.platformio/packages/framework-arduinoespressif32/tools/sdk/esp32s3/qio_opi/include -IC:/Users/playa/.platformio/packages/framework-arduinoespressif32/cores/esp32 -IC:/Users/playa/.platformio/packages/framework-arduinoespressif32/variants/esp32s3 src/main.cpp
xtensa-esp32s3-elf-g++ @C:\Users\playa\OneDrive\Documents\PlatformIO\Projects\Display_Test\.pio\build\JC8048W550\tmp3mi50amz.tmp
Using tempfile C:\Users\playa\OneDrive\Documents\PlatformIO\Projects\Display_Test\.pio\build\JC8048W550\tmp9kelkrjz.tmp for command line:
xtensa-esp32s3-elf-g++ -o .pio/build/JC8048W550/src/main_basic.cpp.o -c -std=gnu++11 -fexceptions -fno-rtti -Os -mlongcalls -ffunction-sections -fdata-sections -Wno-error=unused-function -Wno-error=unused-variable -Wno-error=deprecated-declarations -Wno-unused-parameter -Wno-sign-compare -ggdb -freorder-blocks -Wwrite-strings -fstack-protector -fstrict-volatile-bitfields -Wno-error=unused-but-set-variable -fno-jump-tables -fno-tree-switch-conversion -MMD -DPLATFORMIO=60118 "-D ARDUINO_ESP32S3_DEV" "-D BOARD_HAS_PSRAM" "-D ARDUINO_USB_MODE=1" "-D ARDUINO_RUNNING_CORE=1" "-D ARDUINO_EVENT_RUNNING_CORE=1" "-D ARDUINO_USB_CDC_ON_BOOT=0" "-D JC8048W550" "-D DISPLAY_WIDTH=800" "-D DISPLAY_HEIGHT=480" "-D DISPLAY_SOFTWARE_ROTATION" "-D LVGL_BUFFER_PIXELS=(DISPLAY_WIDTH*DISPLAY_HEIGHT)" "-D LVGL_BUFFER_MALLOC_FLAGS=(MALLOC_CAP_SPIRAM|MALLOC_CAP_8BIT)" "-D GPIO_BCKL=2" "-D DISPLAY_ST7262_PAR" "-D ST7262_PANEL_CONFIG_CLK_SRC=LCD_CLK_SRC_PLL160M" "-D ST7262_PANEL_CONFIG_TIMINGS_PCLK_HZ=(16*1000000)" "-D ST7262_PANEL_CONFIG_TIMINGS_H_RES=DISPLAY_WIDTH" "-D ST7262_PANEL_CONFIG_TIMINGS_V_RES=DISPLAY_HEIGHT" "-D ST7262_PANEL_CONFIG_TIMINGS_HSYNC_PULSE_WIDTH=4" "-D ST7262_PANEL_CONFIG_TIMINGS_HSYNC_BACK_PORCH=8" "-D ST7262_PANEL_CONFIG_TIMINGS_HSYNC_FRONT_PORCH=8" "-D ST7262_PANEL_CONFIG_TIMINGS_VSYNC_PULSE_WIDTH=4" "-D ST7262_PANEL_CONFIG_TIMINGS_VSYNC_BACK_PORCH=8" "-D ST7262_PANEL_CONFIG_TIMINGS_VSYNC_FRONT_PORCH=8" "-D ST7262_PANEL_CONFIG_TIMINGS_FLAGS_HSYNC_IDLE_LOW=false" "-D ST7262_PANEL_CONFIG_TIMINGS_FLAGS_VSYNC_IDLE_LOW=false" "-D ST7262_PANEL_CONFIG_TIMINGS_FLAGS_DE_IDLE_HIGH=false" "-D ST7262_PANEL_CONFIG_TIMINGS_FLAGS_PCLK_ACTIVE_NEG=true" "-D ST7262_PANEL_CONFIG_TIMINGS_FLAGS_PCLK_IDLE_HIGH=false" "-D ST7262_PANEL_CONFIG_DATA_WIDTH=16" "-D ST7262_PANEL_CONFIG_SRAM_TRANS_ALIGN=4" "-D ST7262_PANEL_CONFIG_PSRAM_TRANS_ALIGN=64" "-D ST7262_PANEL_CONFIG_HSYNC_GPIO_NUM=39" "-D ST7262_PANEL_CONFIG_VSYNC_GPIO_NUM=41" "-D ST7262_PANEL_CONFIG_DE_GPIO_NUM=40" "-D ST7262_PANEL_CONFIG_PCLK_GPIO_NUM=42" "-D ST7262_PANEL_CONFIG_DATA_GPIO_R0=8" "-D ST7262_PANEL_CONFIG_DATA_GPIO_R1=3" "-D ST7262_PANEL_CONFIG_DATA_GPIO_R2=46" "-D ST7262_PANEL_CONFIG_DATA_GPIO_R3=9" "-D ST7262_PANEL_CONFIG_DATA_GPIO_R4=1" "-D ST7262_PANEL_CONFIG_DATA_GPIO_G0=5" "-D ST7262_PANEL_CONFIG_DATA_GPIO_G1=6" "-D ST7262_PANEL_CONFIG_DATA_GPIO_G2=7" "-D ST7262_PANEL_CONFIG_DATA_GPIO_G3=15" "-D ST7262_PANEL_CONFIG_DATA_GPIO_G4=16" "-D ST7262_PANEL_CONFIG_DATA_GPIO_G5=4" "-D ST7262_PANEL_CONFIG_DATA_GPIO_B0=45" "-D ST7262_PANEL_CONFIG_DATA_GPIO_B1=48" "-D ST7262_PANEL_CONFIG_DATA_GPIO_B2=47" "-D ST7262_PANEL_CONFIG_DATA_GPIO_B3=21" "-D ST7262_PANEL_CONFIG_DATA_GPIO_B4=14" "-D ST7262_PANEL_CONFIG_DISP_GPIO_NUM=GPIO_NUM_NC" "-D ST7262_PANEL_CONFIG_FLAGS_DISP_ACTIVE_LOW=false" "-D ST7262_PANEL_CONFIG_FLAGS_RELAX_ON_IDLE=false" "-D ST7262_PANEL_CONFIG_FLAGS_FB_IN_PSRAM=true" "-D DISPLAY_SWAP_XY=false" "-D DISPLAY_MIRROR_X=false" "-D DISPLAY_MIRROR_Y=false" "-D BOARD_HAS_TOUCH" "-D CONFIG_ESP_LCD_TOUCH_MAX_POINTS=1" "-D CONFIG_ESP_LCD_TOUCH_MAX_BUTTONS=0" "-D TOUCH_GT911_I2C" "-D GT911_I2C_HOST=I2C_NUM_0" "-D GT911_I2C_CONFIG_SDA_IO_NUM=19" "-D GT911_I2C_CONFIG_SCL_IO_NUM=20" "-D GT911_I2C_CONFIG_SDA_PULLUP_EN=GPIO_PULLUP_DISABLE" "-D GT911_I2C_CONFIG_SCL_PULLUP_EN=GPIO_PULLUP_DISABLE" "-D GT911_I2C_CONFIG_MASTER_CLK_SPEED=400000" "-D GT911_I2C_CONFIG_CLK_FLAGS=I2C_SCLK_SRC_FLAG_FOR_NOMAL" "-D GT911_IO_I2C_CONFIG_DEV_ADDR=GT911_IO_I2C_CONFIG_DEV_ADDRESS_5D" "-D GT911_IO_I2C_CONFIG_CONTROL_PHASE_BYTES=1" "-D GT911_IO_I2C_CONFIG_DC_BIT_OFFSET=0" "-D GT911_IO_I2C_CONFIG_LCD_CMD_BITS=16" "-D GT911_IO_I2C_CONFIG_LCD_PARAM_BITS=0" "-D GT911_IO_I2C_CONFIG_FLAGS_DC_LOW_ON_DATA=false" "-D GT911_IO_I2C_CONFIG_FLAGS_DISABLE_CONTROL_PHASE=true" "-D GT911_TOUCH_CONFIG_X_MAX=DISPLAY_WIDTH" "-D GT911_TOUCH_CONFIG_Y_MAX=DISPLAY_HEIGHT" "-D GT911_TOUCH_CONFIG_RST_GPIO_NUM=38" "-D GT911_TOUCH_CONFIG_INT_GPIO_NUM=18" "-D GT911_TOUCH_CONFIG_LEVELS_RESET=0" "-D GT911_TOUCH_CONFIG_LEVELS_INTERRUPT=0" "-D TOUCH_SWAP_XY=false" "-D TOUCH_MIRROR_X=false" "-D TOUCH_MIRROR_Y=false" "-D BOARD_HAS_TF" "-D TF_CS=10" "-D TF_SPI_MOSI=11" "-D TF_SPI_SCLK=12" "-D TF_SPI_MISO=13" -DLV_USE_DRAW_SW_ASM=0 -DLV_CONF_INCLUDE_SIMPLE -DBOARD_HAS_PSRAM -DARDUINO_USB_MODE=1 -DESP_PLATFORM -DCONFIG_LCD_COLOR_FORMAT_RGB565=1 -DCONFIG_LCD_AUTO_FLUSH=1 -DCONFIG_SPIRAM_CACHE_WORKAROUND=1 -DHAVE_CONFIG_H -DMBEDTLS_CONFIG_FILE=\"mbedtls/esp_config.h\" -DUNITY_INCLUDE_CONFIG_H -DWITH_POSIX -D_GNU_SOURCE -DIDF_VER=\"v4.4.7-dirty\" -DESP_PLATFORM -D_POSIX_READER_WRITER_LOCKS -DARDUINO_ARCH_ESP32 -DESP32 -DF_CPU=240000000L -DARDUINO=10812 -DARDUINO_VARIANT=\"esp32s3\" -DARDUINO_BOARD=\"JC8048W550\" -DARDUINO_PARTITION_default -Iinclude -I.pio/libdeps/JC8048W550/TAMC_GT911 -IC:/Users/playa/.platformio/packages/framework-arduinoespressif32/libraries/Wire/src -I.pio/libdeps/JC8048W550/lvgl -I.pio/libdeps/JC8048W550/lvgl/src -IC:/Users/playa/.platformio/packages/framework-arduinoespressif32/libraries/SD/src -IC:/Users/playa/.platformio/packages/framework-arduinoespressif32/libraries/SPI/src -IC:/Users/playa/.platformio/packages/framework-arduinoespressif32/libraries/LittleFS/src -IC:/Users/playa/.platformio/packages/framework-arduinoespressif32/libraries/FS/src -Isrc -IC:/Users/playa/.platformio/packages/framework-arduinoespressif32/tools/sdk/esp32s3/include/newlib/platform_include -IC:/Users/playa/.platformio/packages/framework-arduinoespressif32/tools/sdk/esp32s3/include/freertos/include -IC:/Users/playa/.platformio/packages/framework-arduinoespressif32/tools/sdk/esp32s3/include/freertos/include/esp_additions/freertos -IC:/Users/playa/.platformio/packages/framework-arduinoespressif32/tools/sdk/esp32s3/include/freertos/port/xtensa/include -IC:/Users/playa/.platformio/packages/framework-arduinoespressif32/tools/sdk/esp32s3/include/freertos/include/esp_additions -IC:/Users/playa/.platformio/packages/framework-arduinoespressif32/tools/sdk/esp32s3/include/esp_hw_support/include -IC:/Users/playa/.platformio/packages/framework-arduinoespressif32/tools/sdk/esp32s3/include/esp_hw_support/include/soc -IC:/Users/playa/.platformio/packages/framework-arduinoespressif32/tools/sdk/esp32s3/include/esp_hw_support/include/soc/esp32s3 -IC:/Users/playa/.platformio/packages/framework-arduinoespressif32/tools/sdk/esp32s3/include/esp_hw_support/port/esp32s3 -IC:/Users/playa/.platformio/packages/framework-arduinoespressif32/tools/sdk/esp32s3/include/esp_hw_support/port/esp32s3/private_include -IC:/Users/playa/.platformio/packages/framework-arduinoespressif32/tools/sdk/esp32s3/include/heap/include -IC:/Users/playa/.platformio/packages/framework-arduinoespressif32/tools/sdk/esp32s3/include/log/include -IC:/Users/playa/.platformio/packages/framework-arduinoespressif32/tools/sdk/esp32s3/include/lwip/include/apps -IC:/Users/playa/.platformio/packages/framework-arduinoespressif32/tools/sdk/esp32s3/include/lwip/include/apps/sntp -IC:/Users/playa/.platformio/packages/framework-arduinoespressif32/tools/sdk/esp32s3/include/lwip/lwip/src/include -IC:/Users/playa/.platformio/packages/framework-arduinoespressif32/tools/sdk/esp32s3/include/lwip/port/esp32/include -IC:/Users/playa/.platformio/packages/framework-arduinoespressif32/tools/sdk/esp32s3/include/lwip/port/esp32/include/arch -IC:/Users/playa/.platformio/packages/framework-arduinoespressif32/tools/sdk/esp32s3/include/soc/include -IC:/Users/playa/.platformio/packages/framework-arduinoespressif32/tools/sdk/esp32s3/include/soc/esp32s3 -IC:/Users/playa/.platformio/packages/framework-arduinoespressif32/tools/sdk/esp32s3/include/soc/esp32s3/include -IC:/Users/playa/.platformio/packages/framework-arduinoespressif32/tools/sdk/esp32s3/include/hal/esp32s3/include -IC:/Users/playa/.platformio/packages/framework-arduinoespressif32/tools/sdk/esp32s3/include/hal/include -IC:/Users/playa/.platformio/packages/framework-arduinoespressif32/tools/sdk/esp32s3/include/hal/platform_port/include -IC:/Users/playa/.platformio/packages/framework-arduinoespressif32/tools/sdk/esp32s3/include/esp_rom/include -IC:/Users/playa/.platformio/packages/framework-arduinoespressif32/tools/sdk/esp32s3/include/esp_rom/include/esp32s3 -IC:/Users/playa/.platformio/packages/framework-arduinoespressif32/tools/sdk/esp32s3/include/esp_rom/esp32s3 -IC:/Users/playa/.platformio/packages/framework-arduinoespressif32/tools/sdk/esp32s3/include/esp_common/include -IC:/Users/playa/.platformio/packages/framework-arduinoespressif32/tools/sdk/esp32s3/include/esp_system/include -IC:/Users/playa/.platformio/packages/framework-arduinoespressif32/tools/sdk/esp32s3/include/esp_system/port/soc -IC:/Users/playa/.platformio/packages/framework-arduinoespressif32/tools/sdk/esp32s3/include/esp_system/port/public_compat -IC:/Users/playa/.platformio/packages/framework-arduinoespressif32/tools/sdk/esp32s3/include/xtensa/include -IC:/Users/playa/.platformio/packages/framework-arduinoespressif32/tools/sdk/esp32s3/include/xtensa/esp32s3/include -IC:/Users/playa/.platformio/packages/framework-arduinoespressif32/tools/sdk/esp32s3/include/driver/include -IC:/Users/playa/.platformio/packages/framework-arduinoespressif32/tools/sdk/esp32s3/include/driver/esp32s3/include -IC:/Users/playa/.platformio/packages/framework-arduinoespressif32/tools/sdk/esp32s3/include/esp_pm/include -IC:/Users/playa/.platformio/packages/framework-arduinoespressif32/tools/sdk/esp32s3/include/esp_ringbuf/include -IC:/Users/playa/.platformio/packages/framework-arduinoespressif32/tools/sdk/esp32s3/include/efuse/include -IC:/Users/playa/.platformio/packages/framework-arduinoespressif32/tools/sdk/esp32s3/include/efuse/esp32s3/include -IC:/Users/playa/.platformio/packages/framework-arduinoespressif32/tools/sdk/esp32s3/include/vfs/include -IC:/Users/playa/.platformio/packages/framework-arduinoespressif32/tools/sdk/esp32s3/include/esp_wifi/include -IC:/Users/playa/.platformio/packages/framework-arduinoespressif32/tools/sdk/esp32s3/include/esp_event/include -IC:/Users/playa/.platformio/packages/framework-arduinoespressif32/tools/sdk/esp32s3/include/esp_netif/include -IC:/Users/playa/.platformio/packages/framework-arduinoespressif32/tools/sdk/esp32s3/include/esp_eth/include -IC:/Users/playa/.platformio/packages/framework-arduinoespressif32/tools/sdk/esp32s3/include/tcpip_adapter/include -IC:/Users/playa/.platformio/packages/framework-arduinoespressif32/tools/sdk/esp32s3/include/esp_phy/include -IC:/Users/playa/.platformio/packages/framework-arduinoespressif32/tools/sdk/esp32s3/include/esp_phy/esp32s3/include -IC:/Users/playa/.platformio/packages/framework-arduinoespressif32/tools/sdk/esp32s3/include/esp_ipc/include -IC:/Users/playa/.platformio/packages/framework-arduinoespressif32/tools/sdk/esp32s3/include/app_trace/include -IC:/Users/playa/.platformio/packages/framework-arduinoespressif32/tools/sdk/esp32s3/include/esp_timer/include -IC:/Users/playa/.platformio/packages/framework-arduinoespressif32/tools/sdk/esp32s3/include/mbedtls/port/include -IC:/Users/playa/.platformio/packages/framework-arduinoespressif32/tools/sdk/esp32s3/include/mbedtls/mbedtls/include -IC:/Users/playa/.platformio/packages/framework-arduinoespressif32/tools/sdk/esp32s3/include/mbedtls/esp_crt_bundle/include -IC:/Users/playa/.platformio/packages/framework-arduinoespressif32/tools/sdk/esp32s3/include/app_update/include -IC:/Users/playa/.platformio/packages/framework-arduinoespressif32/tools/sdk/esp32s3/include/spi_flash/include -IC:/Users/playa/.platformio/packages/framework-arduinoespressif32/tools/sdk/esp32s3/include/bootloader_support/include -IC:/Users/playa/.platformio/packages/framework-arduinoespressif32/tools/sdk/esp32s3/include/nvs_flash/include -IC:/Users/playa/.platformio/packages/framework-arduinoespressif32/tools/sdk/esp32s3/include/pthread/include -IC:/Users/playa/.platformio/packages/framework-arduinoespressif32/tools/sdk/esp32s3/include/esp_gdbstub/include -IC:/Users/playa/.platformio/packages/framework-arduinoespressif32/tools/sdk/esp32s3/include/esp_gdbstub/xtensa -IC:/Users/playa/.platformio/packages/framework-arduinoespressif32/tools/sdk/esp32s3/include/esp_gdbstub/esp32s3 -IC:/Users/playa/.platformio/packages/framework-arduinoespressif32/tools/sdk/esp32s3/include/espcoredump/include -IC:/Users/playa/.platformio/packages/framework-arduinoespressif32/tools/sdk/esp32s3/include/espcoredump/include/port/xtensa -IC:/Users/playa/.platformio/packages/framework-arduinoespressif32/tools/sdk/esp32s3/include/wpa_supplicant/include -IC:/Users/playa/.platformio/packages/framework-arduinoespressif32/tools/sdk/esp32s3/include/wpa_supplicant/port/include -IC:/Users/playa/.platformio/packages/framework-arduinoespressif32/tools/sdk/esp32s3/include/wpa_supplicant/esp_supplicant/include -IC:/Users/playa/.platformio/packages/framework-arduinoespressif32/tools/sdk/esp32s3/include/ieee802154/include -IC:/Users/playa/.platformio/packages/framework-arduinoespressif32/tools/sdk/esp32s3/include/console -IC:/Users/playa/.platformio/packages/framework-arduinoespressif32/tools/sdk/esp32s3/include/asio/asio/asio/include -IC:/Users/playa/.platformio/packages/framework-arduinoespressif32/tools/sdk/esp32s3/include/asio/port/include -IC:/Users/playa/.platformio/packages/framework-arduinoespressif32/tools/sdk/esp32s3/include/bt/common/osi/include -IC:/Users/playa/.platformio/packages/framework-arduinoespressif32/tools/sdk/esp32s3/include/bt/include/esp32c3/include -IC:/Users/playa/.platformio/packages/framework-arduinoespressif32/tools/sdk/esp32s3/include/bt/common/api/include/api -IC:/Users/playa/.platformio/packages/framework-arduinoespressif32/tools/sdk/esp32s3/include/bt/common/btc/profile/esp/blufi/include -IC:/Users/playa/.platformio/packages/framework-arduinoespressif32/tools/sdk/esp32s3/include/bt/common/btc/profile/esp/include -IC:/Users/playa/.platformio/packages/framework-arduinoespressif32/tools/sdk/esp32s3/include/bt/host/bluedroid/api/include/api -IC:/Users/playa/.platformio/packages/framework-arduinoespressif32/tools/sdk/esp32s3/include/bt/esp_ble_mesh/mesh_common/include -IC:/Users/playa/.platformio/packages/framework-arduinoespressif32/tools/sdk/esp32s3/include/bt/esp_ble_mesh/mesh_common/tinycrypt/include -IC:/Users/playa/.platformio/packages/framework-arduinoespressif32/tools/sdk/esp32s3/include/bt/esp_ble_mesh/mesh_core -IC:/Users/playa/.platformio/packages/framework-arduinoespressif32/tools/sdk/esp32s3/include/bt/esp_ble_mesh/mesh_core/include -IC:/Users/playa/.platformio/packages/framework-arduinoespressif32/tools/sdk/esp32s3/include/bt/esp_ble_mesh/mesh_core/storage -IC:/Users/playa/.platformio/packages/framework-arduinoespressif32/tools/sdk/esp32s3/include/bt/esp_ble_mesh/btc/include -IC:/Users/playa/.platformio/packages/framework-arduinoespressif32/tools/sdk/esp32s3/include/bt/esp_ble_mesh/mesh_models/common/include -IC:/Users/playa/.platformio/packages/framework-arduinoespressif32/tools/sdk/esp32s3/include/bt/esp_ble_mesh/mesh_models/client/include -IC:/Users/playa/.platformio/packages/framework-arduinoespressif32/tools/sdk/esp32s3/include/bt/esp_ble_mesh/mesh_models/server/include -IC:/Users/playa/.platformio/packages/framework-arduinoespressif32/tools/sdk/esp32s3/include/bt/esp_ble_mesh/api/core/include -IC:/Users/playa/.platformio/packages/framework-arduinoespressif32/tools/sdk/esp32s3/include/bt/esp_ble_mesh/api/models/include -IC:/Users/playa/.platformio/packages/framework-arduinoespressif32/tools/sdk/esp32s3/include/bt/esp_ble_mesh/api -IC:/Users/playa/.platformio/packages/framework-arduinoespressif32/tools/sdk/esp32s3/include/cbor/port/include -IC:/Users/playa/.platformio/packages/framework-arduinoespressif32/tools/sdk/esp32s3/include/unity/include -IC:/Users/playa/.platformio/packages/framework-arduinoespressif32/tools/sdk/esp32s3/include/unity/unity/src -IC:/Users/playa/.platformio/packages/framework-arduinoespressif32/tools/sdk/esp32s3/include/cmock/CMock/src -IC:/Users/playa/.platformio/packages/framework-arduinoespressif32/tools/sdk/esp32s3/include/coap/port/include -IC:/Users/playa/.platformio/packages/framework-arduinoespressif32/tools/sdk/esp32s3/include/coap/libcoap/include -IC:/Users/playa/.platformio/packages/framework-arduinoespressif32/tools/sdk/esp32s3/include/nghttp/port/include -IC:/Users/playa/.platformio/packages/framework-arduinoespressif32/tools/sdk/esp32s3/include/nghttp/nghttp2/lib/includes -IC:/Users/playa/.platformio/packages/framework-arduinoespressif32/tools/sdk/esp32s3/include/esp-tls -IC:/Users/playa/.platformio/packages/framework-arduinoespressif32/tools/sdk/esp32s3/include/esp-tls/esp-tls-crypto -IC:/Users/playa/.platformio/packages/framework-arduinoespressif32/tools/sdk/esp32s3/include/esp_adc_cal/include -IC:/Users/playa/.platformio/packages/framework-arduinoespressif32/tools/sdk/esp32s3/include/esp_hid/include -IC:/Users/playa/.platformio/packages/framework-arduinoespressif32/tools/sdk/esp32s3/include/tcp_transport/include -IC:/Users/playa/.platformio/packages/framework-arduinoespressif32/tools/sdk/esp32s3/include/esp_http_client/include -IC:/Users/playa/.platformio/packages/framework-arduinoespressif32/tools/sdk/esp32s3/include/esp_http_server/include -IC:/Users/playa/.platformio/packages/framework-arduinoespressif32/tools/sdk/esp32s3/include/esp_https_ota/include -IC:/Users/playa/.platformio/packages/framework-arduinoespressif32/tools/sdk/esp32s3/include/esp_https_server/include -IC:/Users/playa/.platformio/packages/framework-arduinoespressif32/tools/sdk/esp32s3/include/esp_lcd/include -IC:/Users/playa/.platformio/packages/framework-arduinoespressif32/tools/sdk/esp32s3/include/esp_lcd/interface -IC:/Users/playa/.platformio/packages/framework-arduinoespressif32/tools/sdk/esp32s3/include/protobuf-c/protobuf-c -IC:/Users/playa/.platformio/packages/framework-arduinoespressif32/tools/sdk/esp32s3/include/protocomm/include/common -IC:/Users/playa/.platformio/packages/framework-arduinoespressif32/tools/sdk/esp32s3/include/protocomm/include/security -IC:/Users/playa/.platformio/packages/framework-arduinoespressif32/tools/sdk/esp32s3/include/protocomm/include/transports -IC:/Users/playa/.platformio/packages/framework-arduinoespressif32/tools/sdk/esp32s3/include/mdns/include -IC:/Users/playa/.platformio/packages/framework-arduinoespressif32/tools/sdk/esp32s3/include/esp_local_ctrl/include -IC:/Users/playa/.platformio/packages/framework-arduinoespressif32/tools/sdk/esp32s3/include/sdmmc/include -IC:/Users/playa/.platformio/packages/framework-arduinoespressif32/tools/sdk/esp32s3/include/esp_serial_slave_link/include -IC:/Users/playa/.platformio/packages/framework-arduinoespressif32/tools/sdk/esp32s3/include/esp_websocket_client/include -IC:/Users/playa/.platformio/packages/framework-arduinoespressif32/tools/sdk/esp32s3/include/expat/expat/expat/lib -IC:/Users/playa/.platformio/packages/framework-arduinoespressif32/tools/sdk/esp32s3/include/expat/port/include -IC:/Users/playa/.platformio/packages/framework-arduinoespressif32/tools/sdk/esp32s3/include/wear_levelling/include -IC:/Users/playa/.platformio/packages/framework-arduinoespressif32/tools/sdk/esp32s3/include/fatfs/diskio -IC:/Users/playa/.platformio/packages/framework-arduinoespressif32/tools/sdk/esp32s3/include/fatfs/vfs -IC:/Users/playa/.platformio/packages/framework-arduinoespressif32/tools/sdk/esp32s3/include/fatfs/src -IC:/Users/playa/.platformio/packages/framework-arduinoespressif32/tools/sdk/esp32s3/include/freemodbus/freemodbus/common/include -IC:/Users/playa/.platformio/packages/framework-arduinoespressif32/tools/sdk/esp32s3/include/idf_test/include -IC:/Users/playa/.platformio/packages/framework-arduinoespressif32/tools/sdk/esp32s3/include/idf_test/include/esp32s3 -IC:/Users/playa/.platformio/packages/framework-arduinoespressif32/tools/sdk/esp32s3/include/jsmn/include -IC:/Users/playa/.platformio/packages/framework-arduinoespressif32/tools/sdk/esp32s3/include/json/cJSON -IC:/Users/playa/.platformio/packages/framework-arduinoespressif32/tools/sdk/esp32s3/include/libsodium/libsodium/src/libsodium/include -IC:/Users/playa/.platformio/packages/framework-arduinoespressif32/tools/sdk/esp32s3/include/libsodium/port_include -IC:/Users/playa/.platformio/packages/framework-arduinoespressif32/tools/sdk/esp32s3/include/mqtt/esp-mqtt/include -IC:/Users/playa/.platformio/packages/framework-arduinoespressif32/tools/sdk/esp32s3/include/openssl/include -IC:/Users/playa/.platformio/packages/framework-arduinoespressif32/tools/sdk/esp32s3/include/perfmon/include -IC:/Users/playa/.platformio/packages/framework-arduinoespressif32/tools/sdk/esp32s3/include/spiffs/include -IC:/Users/playa/.platformio/packages/framework-arduinoespressif32/tools/sdk/esp32s3/include/usb/include -IC:/Users/playa/.platformio/packages/framework-arduinoespressif32/tools/sdk/esp32s3/include/ulp/include -IC:/Users/playa/.platformio/packages/framework-arduinoespressif32/tools/sdk/esp32s3/include/wifi_provisioning/include -IC:/Users/playa/.platformio/packages/framework-arduinoespressif32/tools/sdk/esp32s3/include/rmaker_common/include -IC:/Users/playa/.platformio/packages/framework-arduinoespressif32/tools/sdk/esp32s3/include/esp_diagnostics/include -IC:/Users/playa/.platformio/packages/framework-arduinoespressif32/tools/sdk/esp32s3/include/rtc_store/include -IC:/Users/playa/.platformio/packages/framework-arduinoespressif32/tools/sdk/esp32s3/include/esp_insights/include -IC:/Users/playa/.platformio/packages/framework-arduinoespressif32/tools/sdk/esp32s3/include/json_parser/upstream/include -IC:/Users/playa/.platformio/packages/framework-arduinoespressif32/tools/sdk/esp32s3/include/json_parser/upstream -IC:/Users/playa/.platformio/packages/framework-arduinoespressif32/tools/sdk/esp32s3/include/json_generator/upstream -IC:/Users/playa/.platformio/packages/framework-arduinoespressif32/tools/sdk/esp32s3/include/esp_schedule/include -IC:/Users/playa/.platformio/packages/framework-arduinoespressif32/tools/sdk/esp32s3/include/espressif__esp_secure_cert_mgr/include -IC:/Users/playa/.platformio/packages/framework-arduinoespressif32/tools/sdk/esp32s3/include/esp_rainmaker/include -IC:/Users/playa/.platformio/packages/framework-arduinoespressif32/tools/sdk/esp32s3/include/gpio_button/button/include -IC:/Users/playa/.platformio/packages/framework-arduinoespressif32/tools/sdk/esp32s3/include/qrcode/include -IC:/Users/playa/.platformio/packages/framework-arduinoespressif32/tools/sdk/esp32s3/include/ws2812_led -IC:/Users/playa/.platformio/packages/framework-arduinoespressif32/tools/sdk/esp32s3/include/freertos/include/freertos -IC:/Users/playa/.platformio/packages/framework-arduinoespressif32/tools/sdk/esp32s3/include/arduino_tinyusb/tinyusb/src -IC:/Users/playa/.platformio/packages/framework-arduinoespressif32/tools/sdk/esp32s3/include/arduino_tinyusb/include -IC:/Users/playa/.platformio/packages/framework-arduinoespressif32/tools/sdk/esp32s3/include/esp_littlefs/include -IC:/Users/playa/.platformio/packages/framework-arduinoespressif32/tools/sdk/esp32s3/include/esp-dl/include -IC:/Users/playa/.platformio/packages/framework-arduinoespressif32/tools/sdk/esp32s3/include/esp-dl/include/tool -IC:/Users/playa/.platformio/packages/framework-arduinoespressif32/tools/sdk/esp32s3/include/esp-dl/include/typedef -IC:/Users/playa/.platformio/packages/framework-arduinoespressif32/tools/sdk/esp32s3/include/esp-dl/include/image -IC:/Users/playa/.platformio/packages/framework-arduinoespressif32/tools/sdk/esp32s3/include/esp-dl/include/math -IC:/Users/playa/.platformio/packages/framework-arduinoespressif32/tools/sdk/esp32s3/include/esp-dl/include/nn -IC:/Users/playa/.platformio/packages/framework-arduinoespressif32/tools/sdk/esp32s3/include/esp-dl/include/layer -IC:/Users/playa/.platformio/packages/framework-arduinoespressif32/tools/sdk/esp32s3/include/esp-dl/include/detect -IC:/Users/playa/.platformio/packages/framework-arduinoespressif32/tools/sdk/esp32s3/include/esp-dl/include/model_zoo -IC:/Users/playa/.platformio/packages/framework-arduinoespressif32/tools/sdk/esp32s3/include/esp32-camera/driver/include -IC:/Users/playa/.platformio/packages/framework-arduinoespressif32/tools/sdk/esp32s3/include/esp32-camera/conversions/include -IC:/Users/playa/.platformio/packages/framework-arduinoespressif32/tools/sdk/esp32s3/include/espressif__esp-dsp/modules/dotprod/include -IC:/Users/playa/.platformio/packages/framework-arduinoespressif32/tools/sdk/esp32s3/include/espressif__esp-dsp/modules/support/include -IC:/Users/playa/.platformio/packages/framework-arduinoespressif32/tools/sdk/esp32s3/include/espressif__esp-dsp/modules/support/mem/include -IC:/Users/playa/.platformio/packages/framework-arduinoespressif32/tools/sdk/esp32s3/include/espressif__esp-dsp/modules/windows/include -IC:/Users/playa/.platformio/packages/framework-arduinoespressif32/tools/sdk/esp32s3/include/espressif__esp-dsp/modules/windows/hann/include -IC:/Users/playa/.platformio/packages/framework-arduinoespressif32/tools/sdk/esp32s3/include/espressif__esp-dsp/modules/windows/blackman/include -IC:/Users/playa/.platformio/packages/framework-arduinoespressif32/tools/sdk/esp32s3/include/espressif__esp-dsp/modules/windows/blackman_harris/include -IC:/Users/playa/.platformio/packages/framework-arduinoespressif32/tools/sdk/esp32s3/include/espressif__esp-dsp/modules/windows/blackman_nuttall/include -IC:/Users/playa/.platformio/packages/framework-arduinoespressif32/tools/sdk/esp32s3/include/espressif__esp-dsp/modules/windows/nuttall/include -IC:/Users/playa/.platformio/packages/framework-arduinoespressif32/tools/sdk/esp32s3/include/espressif__esp-dsp/modules/windows/flat_top/include -IC:/Users/playa/.platformio/packages/framework-arduinoespressif32/tools/sdk/esp32s3/include/espressif__esp-dsp/modules/iir/include -IC:/Users/playa/.platformio/packages/framework-arduinoespressif32/tools/sdk/esp32s3/include/espressif__esp-dsp/modules/fir/include -IC:/Users/playa/.platformio/packages/framework-arduinoespressif32/tools/sdk/esp32s3/include/espressif__esp-dsp/modules/math/include -IC:/Users/playa/.platformio/packages/framework-arduinoespressif32/tools/sdk/esp32s3/include/espressif__esp-dsp/modules/math/add/include -IC:/Users/playa/.platformio/packages/framework-arduinoespressif32/tools/sdk/esp32s3/include/espressif__esp-dsp/modules/math/sub/include -IC:/Users/playa/.platformio/packages/framework-arduinoespressif32/tools/sdk/esp32s3/include/espressif__esp-dsp/modules/math/mul/include -IC:/Users/playa/.platformio/packages/framework-arduinoespressif32/tools/sdk/esp32s3/include/espressif__esp-dsp/modules/math/addc/include -IC:/Users/playa/.platformio/packages/framework-arduinoespressif32/tools/sdk/esp32s3/include/espressif__esp-dsp/modules/math/mulc/include -IC:/Users/playa/.platformio/packages/framework-arduinoespressif32/tools/sdk/esp32s3/include/espressif__esp-dsp/modules/math/sqrt/include -IC:/Users/playa/.platformio/packages/framework-arduinoespressif32/tools/sdk/esp32s3/include/espressif__esp-dsp/modules/matrix/mul/include -IC:/Users/playa/.platformio/packages/framework-arduinoespressif32/tools/sdk/esp32s3/include/espressif__esp-dsp/modules/matrix/add/include -IC:/Users/playa/.platformio/packages/framework-arduinoespressif32/tools/sdk/esp32s3/include/espressif__esp-dsp/modules/matrix/addc/include -IC:/Users/playa/.platformio/packages/framework-arduinoespressif32/tools/sdk/esp32s3/include/espressif__esp-dsp/modules/matrix/mulc/include -IC:/Users/playa/.platformio/packages/framework-arduinoespressif32/tools/sdk/esp32s3/include/espressif__esp-dsp/modules/matrix/sub/include -IC:/Users/playa/.platformio/packages/framework-arduinoespressif32/tools/sdk/esp32s3/include/espressif__esp-dsp/modules/matrix/include -IC:/Users/playa/.platformio/packages/framework-arduinoespressif32/tools/sdk/esp32s3/include/espressif__esp-dsp/modules/fft/include -IC:/Users/playa/.platformio/packages/framework-arduinoespressif32/tools/sdk/esp32s3/include/espressif__esp-dsp/modules/dct/include -IC:/Users/playa/.platformio/packages/framework-arduinoespressif32/tools/sdk/esp32s3/include/espressif__esp-dsp/modules/conv/include -IC:/Users/playa/.platformio/packages/framework-arduinoespressif32/tools/sdk/esp32s3/include/espressif__esp-dsp/modules/common/include -IC:/Users/playa/.platformio/packages/framework-arduinoespressif32/tools/sdk/esp32s3/include/espressif__esp-dsp/modules/matrix/mul/test/include -IC:/Users/playa/.platformio/packages/framework-arduinoespressif32/tools/sdk/esp32s3/include/espressif__esp-dsp/modules/kalman/ekf/include -IC:/Users/playa/.platformio/packages/framework-arduinoespressif32/tools/sdk/esp32s3/include/espressif__esp-dsp/modules/kalman/ekf_imu13states/include -IC:/Users/playa/.platformio/packages/framework-arduinoespressif32/tools/sdk/esp32s3/include/fb_gfx/include -IC:/Users/playa/.platformio/packages/framework-arduinoespressif32/tools/sdk/esp32s3/qio_opi/include -IC:/Users/playa/.platformio/packages/framework-arduinoespressif32/cores/esp32 -IC:/Users/playa/.platformio/packages/framework-arduinoespressif32/variants/esp32s3 src/main_basic.cpp
xtensa-esp32s3-elf-g++ @C:\Users\playa\OneDrive\Documents\PlatformIO\Projects\Display_Test\.pio\build\JC8048W550\tmp9kelkrjz.tmp
Using tempfile C:\Users\playa\OneDrive\Documents\PlatformIO\Projects\Display_Test\.pio\build\JC8048W550\tmphqqkdbvq.tmp for command line:
xtensa-esp32s3-elf-g++ -o .pio/build/JC8048W550/src/main_full.cpp.o -c -std=gnu++11 -fexceptions -fno-rtti -Os -mlongcalls -ffunction-sections -fdata-sections -Wno-error=unused-function -Wno-error=unused-variable -Wno-error=deprecated-declarations -Wno-unused-parameter -Wno-sign-compare -ggdb -freorder-blocks -Wwrite-strings -fstack-protector -fstrict-volatile-bitfields -Wno-error=unused-but-set-variable -fno-jump-tables -fno-tree-switch-conversion -MMD -DPLATFORMIO=60118 "-D ARDUINO_ESP32S3_DEV" "-D BOARD_HAS_PSRAM" "-D ARDUINO_USB_MODE=1" "-D ARDUINO_RUNNING_CORE=1" "-D ARDUINO_EVENT_RUNNING_CORE=1" "-D ARDUINO_USB_CDC_ON_BOOT=0" "-D JC8048W550" "-D DISPLAY_WIDTH=800" "-D DISPLAY_HEIGHT=480" "-D DISPLAY_SOFTWARE_ROTATION" "-D LVGL_BUFFER_PIXELS=(DISPLAY_WIDTH*DISPLAY_HEIGHT)" "-D LVGL_BUFFER_MALLOC_FLAGS=(MALLOC_CAP_SPIRAM|MALLOC_CAP_8BIT)" "-D GPIO_BCKL=2" "-D DISPLAY_ST7262_PAR" "-D ST7262_PANEL_CONFIG_CLK_SRC=LCD_CLK_SRC_PLL160M" "-D ST7262_PANEL_CONFIG_TIMINGS_PCLK_HZ=(16*1000000)" "-D ST7262_PANEL_CONFIG_TIMINGS_H_RES=DISPLAY_WIDTH" "-D ST7262_PANEL_CONFIG_TIMINGS_V_RES=DISPLAY_HEIGHT" "-D ST7262_PANEL_CONFIG_TIMINGS_HSYNC_PULSE_WIDTH=4" "-D ST7262_PANEL_CONFIG_TIMINGS_HSYNC_BACK_PORCH=8" "-D ST7262_PANEL_CONFIG_TIMINGS_HSYNC_FRONT_PORCH=8" "-D ST7262_PANEL_CONFIG_TIMINGS_VSYNC_PULSE_WIDTH=4" "-D ST7262_PANEL_CONFIG_TIMINGS_VSYNC_BACK_PORCH=8" "-D ST7262_PANEL_CONFIG_TIMINGS_VSYNC_FRONT_PORCH=8" "-D ST7262_PANEL_CONFIG_TIMINGS_FLAGS_HSYNC_IDLE_LOW=false" "-D ST7262_PANEL_CONFIG_TIMINGS_FLAGS_VSYNC_IDLE_LOW=false" "-D ST7262_PANEL_CONFIG_TIMINGS_FLAGS_DE_IDLE_HIGH=false" "-D ST7262_PANEL_CONFIG_TIMINGS_FLAGS_PCLK_ACTIVE_NEG=true" "-D ST7262_PANEL_CONFIG_TIMINGS_FLAGS_PCLK_IDLE_HIGH=false" "-D ST7262_PANEL_CONFIG_DATA_WIDTH=16" "-D ST7262_PANEL_CONFIG_SRAM_TRANS_ALIGN=4" "-D ST7262_PANEL_CONFIG_PSRAM_TRANS_ALIGN=64" "-D ST7262_PANEL_CONFIG_HSYNC_GPIO_NUM=39" "-D ST7262_PANEL_CONFIG_VSYNC_GPIO_NUM=41" "-D ST7262_PANEL_CONFIG_DE_GPIO_NUM=40" "-D ST7262_PANEL_CONFIG_PCLK_GPIO_NUM=42" "-D ST7262_PANEL_CONFIG_DATA_GPIO_R0=8" "-D ST7262_PANEL_CONFIG_DATA_GPIO_R1=3" "-D ST7262_PANEL_CONFIG_DATA_GPIO_R2=46" "-D ST7262_PANEL_CONFIG_DATA_GPIO_R3=9" "-D ST7262_PANEL_CONFIG_DATA_GPIO_R4=1" "-D ST7262_PANEL_CONFIG_DATA_GPIO_G0=5" "-D ST7262_PANEL_CONFIG_DATA_GPIO_G1=6" "-D ST7262_PANEL_CONFIG_DATA_GPIO_G2=7" "-D ST7262_PANEL_CONFIG_DATA_GPIO_G3=15" "-D ST7262_PANEL_CONFIG_DATA_GPIO_G4=16" "-D ST7262_PANEL_CONFIG_DATA_GPIO_G5=4" "-D ST7262_PANEL_CONFIG_DATA_GPIO_B0=45" "-D ST7262_PANEL_CONFIG_DATA_GPIO_B1=48" "-D ST7262_PANEL_CONFIG_DATA_GPIO_B2=47" "-D ST7262_PANEL_CONFIG_DATA_GPIO_B3=21" "-D ST7262_PANEL_CONFIG_DATA_GPIO_B4=14" "-D ST7262_PANEL_CONFIG_DISP_GPIO_NUM=GPIO_NUM_NC" "-D ST7262_PANEL_CONFIG_FLAGS_DISP_ACTIVE_LOW=false" "-D ST7262_PANEL_CONFIG_FLAGS_RELAX_ON_IDLE=false" "-D ST7262_PANEL_CONFIG_FLAGS_FB_IN_PSRAM=true" "-D DISPLAY_SWAP_XY=false" "-D DISPLAY_MIRROR_X=false" "-D DISPLAY_MIRROR_Y=false" "-D BOARD_HAS_TOUCH" "-D CONFIG_ESP_LCD_TOUCH_MAX_POINTS=1" "-D CONFIG_ESP_LCD_TOUCH_MAX_BUTTONS=0" "-D TOUCH_GT911_I2C" "-D GT911_I2C_HOST=I2C_NUM_0" "-D GT911_I2C_CONFIG_SDA_IO_NUM=19" "-D GT911_I2C_CONFIG_SCL_IO_NUM=20" "-D GT911_I2C_CONFIG_SDA_PULLUP_EN=GPIO_PULLUP_DISABLE" "-D GT911_I2C_CONFIG_SCL_PULLUP_EN=GPIO_PULLUP_DISABLE" "-D GT911_I2C_CONFIG_MASTER_CLK_SPEED=400000" "-D GT911_I2C_CONFIG_CLK_FLAGS=I2C_SCLK_SRC_FLAG_FOR_NOMAL" "-D GT911_IO_I2C_CONFIG_DEV_ADDR=GT911_IO_I2C_CONFIG_DEV_ADDRESS_5D" "-D GT911_IO_I2C_CONFIG_CONTROL_PHASE_BYTES=1" "-D GT911_IO_I2C_CONFIG_DC_BIT_OFFSET=0" "-D GT911_IO_I2C_CONFIG_LCD_CMD_BITS=16" "-D GT911_IO_I2C_CONFIG_LCD_PARAM_BITS=0" "-D GT911_IO_I2C_CONFIG_FLAGS_DC_LOW_ON_DATA=false" "-D GT911_IO_I2C_CONFIG_FLAGS_DISABLE_CONTROL_PHASE=true" "-D GT911_TOUCH_CONFIG_X_MAX=DISPLAY_WIDTH" "-D GT911_TOUCH_CONFIG_Y_MAX=DISPLAY_HEIGHT" "-D GT911_TOUCH_CONFIG_RST_GPIO_NUM=38" "-D GT911_TOUCH_CONFIG_INT_GPIO_NUM=18" "-D GT911_TOUCH_CONFIG_LEVELS_RESET=0" "-D GT911_TOUCH_CONFIG_LEVELS_INTERRUPT=0" "-D TOUCH_SWAP_XY=false" "-D TOUCH_MIRROR_X=false" "-D TOUCH_MIRROR_Y=false" "-D BOARD_HAS_TF" "-D TF_CS=10" "-D TF_SPI_MOSI=11" "-D TF_SPI_SCLK=12" "-D TF_SPI_MISO=13" -DLV_USE_DRAW_SW_ASM=0 -DLV_CONF_INCLUDE_SIMPLE -DBOARD_HAS_PSRAM -DARDUINO_USB_MODE=1 -DESP_PLATFORM -DCONFIG_LCD_COLOR_FORMAT_RGB565=1 -DCONFIG_LCD_AUTO_FLUSH=1 -DCONFIG_SPIRAM_CACHE_WORKAROUND=1 -DHAVE_CONFIG_H -DMBEDTLS_CONFIG_FILE=\"mbedtls/esp_config.h\" -DUNITY_INCLUDE_CONFIG_H -DWITH_POSIX -D_GNU_SOURCE -DIDF_VER=\"v4.4.7-dirty\" -DESP_PLATFORM -D_POSIX_READER_WRITER_LOCKS -DARDUINO_ARCH_ESP32 -DESP32 -DF_CPU=240000000L -DARDUINO=10812 -DARDUINO_VARIANT=\"esp32s3\" -DARDUINO_BOARD=\"JC8048W550\" -DARDUINO_PARTITION_default -Iinclude -I.pio/libdeps/JC8048W550/TAMC_GT911 -IC:/Users/playa/.platformio/packages/framework-arduinoespressif32/libraries/Wire/src -I.pio/libdeps/JC8048W550/lvgl -I.pio/libdeps/JC8048W550/lvgl/src -IC:/Users/playa/.platformio/packages/framework-arduinoespressif32/libraries/SD/src -IC:/Users/playa/.platformio/packages/framework-arduinoespressif32/libraries/SPI/src -IC:/Users/playa/.platformio/packages/framework-arduinoespressif32/libraries/LittleFS/src -IC:/Users/playa/.platformio/packages/framework-arduinoespressif32/libraries/FS/src -Isrc -IC:/Users/playa/.platformio/packages/framework-arduinoespressif32/tools/sdk/esp32s3/include/newlib/platform_include -IC:/Users/playa/.platformio/packages/framework-arduinoespressif32/tools/sdk/esp32s3/include/freertos/include -IC:/Users/playa/.platformio/packages/framework-arduinoespressif32/tools/sdk/esp32s3/include/freertos/include/esp_additions/freertos -IC:/Users/playa/.platformio/packages/framework-arduinoespressif32/tools/sdk/esp32s3/include/freertos/port/xtensa/include -IC:/Users/playa/.platformio/packages/framework-arduinoespressif32/tools/sdk/esp32s3/include/freertos/include/esp_additions -IC:/Users/playa/.platformio/packages/framework-arduinoespressif32/tools/sdk/esp32s3/include/esp_hw_support/include -IC:/Users/playa/.platformio/packages/framework-arduinoespressif32/tools/sdk/esp32s3/include/esp_hw_support/include/soc -IC:/Users/playa/.platformio/packages/framework-arduinoespressif32/tools/sdk/esp32s3/include/esp_hw_support/include/soc/esp32s3 -IC:/Users/playa/.platformio/packages/framework-arduinoespressif32/tools/sdk/esp32s3/include/esp_hw_support/port/esp32s3 -IC:/Users/playa/.platformio/packages/framework-arduinoespressif32/tools/sdk/esp32s3/include/esp_hw_support/port/esp32s3/private_include -IC:/Users/playa/.platformio/packages/framework-arduinoespressif32/tools/sdk/esp32s3/include/heap/include -IC:/Users/playa/.platformio/packages/framework-arduinoespressif32/tools/sdk/esp32s3/include/log/include -IC:/Users/playa/.platformio/packages/framework-arduinoespressif32/tools/sdk/esp32s3/include/lwip/include/apps -IC:/Users/playa/.platformio/packages/framework-arduinoespressif32/tools/sdk/esp32s3/include/lwip/include/apps/sntp -IC:/Users/playa/.platformio/packages/framework-arduinoespressif32/tools/sdk/esp32s3/include/lwip/lwip/src/include -IC:/Users/playa/.platformio/packages/framework-arduinoespressif32/tools/sdk/esp32s3/include/lwip/port/esp32/include -IC:/Users/playa/.platformio/packages/framework-arduinoespressif32/tools/sdk/esp32s3/include/lwip/port/esp32/include/arch -IC:/Users/playa/.platformio/packages/framework-arduinoespressif32/tools/sdk/esp32s3/include/soc/include -IC:/Users/playa/.platformio/packages/framework-arduinoespressif32/tools/sdk/esp32s3/include/soc/esp32s3 -IC:/Users/playa/.platformio/packages/framework-arduinoespressif32/tools/sdk/esp32s3/include/soc/esp32s3/include -IC:/Users/playa/.platformio/packages/framework-arduinoespressif32/tools/sdk/esp32s3/include/hal/esp32s3/include -IC:/Users/playa/.platformio/packages/framework-arduinoespressif32/tools/sdk/esp32s3/include/hal/include -IC:/Users/playa/.platformio/packages/framework-arduinoespressif32/tools/sdk/esp32s3/include/hal/platform_port/include -IC:/Users/playa/.platformio/packages/framework-arduinoespressif32/tools/sdk/esp32s3/include/esp_rom/include -IC:/Users/playa/.platformio/packages/framework-arduinoespressif32/tools/sdk/esp32s3/include/esp_rom/include/esp32s3 -IC:/Users/playa/.platformio/packages/framework-arduinoespressif32/tools/sdk/esp32s3/include/esp_rom/esp32s3 -IC:/Users/playa/.platformio/packages/framework-arduinoespressif32/tools/sdk/esp32s3/include/esp_common/include -IC:/Users/playa/.platformio/packages/framework-arduinoespressif32/tools/sdk/esp32s3/include/esp_system/include -IC:/Users/playa/.platformio/packages/framework-arduinoespressif32/tools/sdk/esp32s3/include/esp_system/port/soc -IC:/Users/playa/.platformio/packages/framework-arduinoespressif32/tools/sdk/esp32s3/include/esp_system/port/public_compat -IC:/Users/playa/.platformio/packages/framework-arduinoespressif32/tools/sdk/esp32s3/include/xtensa/include -IC:/Users/playa/.platformio/packages/framework-arduinoespressif32/tools/sdk/esp32s3/include/xtensa/esp32s3/include -IC:/Users/playa/.platformio/packages/framework-arduinoespressif32/tools/sdk/esp32s3/include/driver/include -IC:/Users/playa/.platformio/packages/framework-arduinoespressif32/tools/sdk/esp32s3/include/driver/esp32s3/include -IC:/Users/playa/.platformio/packages/framework-arduinoespressif32/tools/sdk/esp32s3/include/esp_pm/include -IC:/Users/playa/.platformio/packages/framework-arduinoespressif32/tools/sdk/esp32s3/include/esp_ringbuf/include -IC:/Users/playa/.platformio/packages/framework-arduinoespressif32/tools/sdk/esp32s3/include/efuse/include -IC:/Users/playa/.platformio/packages/framework-arduinoespressif32/tools/sdk/esp32s3/include/efuse/esp32s3/include -IC:/Users/playa/.platformio/packages/framework-arduinoespressif32/tools/sdk/esp32s3/include/vfs/include -IC:/Users/playa/.platformio/packages/framework-arduinoespressif32/tools/sdk/esp32s3/include/esp_wifi/include -IC:/Users/playa/.platformio/packages/framework-arduinoespressif32/tools/sdk/esp32s3/include/esp_event/include -IC:/Users/playa/.platformio/packages/framework-arduinoespressif32/tools/sdk/esp32s3/include/esp_netif/include -IC:/Users/playa/.platformio/packages/framework-arduinoespressif32/tools/sdk/esp32s3/include/esp_eth/include -IC:/Users/playa/.platformio/packages/framework-arduinoespressif32/tools/sdk/esp32s3/include/tcpip_adapter/include -IC:/Users/playa/.platformio/packages/framework-arduinoespressif32/tools/sdk/esp32s3/include/esp_phy/include -IC:/Users/playa/.platformio/packages/framework-arduinoespressif32/tools/sdk/esp32s3/include/esp_phy/esp32s3/include -IC:/Users/playa/.platformio/packages/framework-arduinoespressif32/tools/sdk/esp32s3/include/esp_ipc/include -IC:/Users/playa/.platformio/packages/framework-arduinoespressif32/tools/sdk/esp32s3/include/app_trace/include -IC:/Users/playa/.platformio/packages/framework-arduinoespressif32/tools/sdk/esp32s3/include/esp_timer/include -IC:/Users/playa/.platformio/packages/framework-arduinoespressif32/tools/sdk/esp32s3/include/mbedtls/port/include -IC:/Users/playa/.platformio/packages/framework-arduinoespressif32/tools/sdk/esp32s3/include/mbedtls/mbedtls/include -IC:/Users/playa/.platformio/packages/framework-arduinoespressif32/tools/sdk/esp32s3/include/mbedtls/esp_crt_bundle/include -IC:/Users/playa/.platformio/packages/framework-arduinoespressif32/tools/sdk/esp32s3/include/app_update/include -IC:/Users/playa/.platformio/packages/framework-arduinoespressif32/tools/sdk/esp32s3/include/spi_flash/include -IC:/Users/playa/.platformio/packages/framework-arduinoespressif32/tools/sdk/esp32s3/include/bootloader_support/include -IC:/Users/playa/.platformio/packages/framework-arduinoespressif32/tools/sdk/esp32s3/include/nvs_flash/include -IC:/Users/playa/.platformio/packages/framework-arduinoespressif32/tools/sdk/esp32s3/include/pthread/include -IC:/Users/playa/.platformio/packages/framework-arduinoespressif32/tools/sdk/esp32s3/include/esp_gdbstub/include -IC:/Users/playa/.platformio/packages/framework-arduinoespressif32/tools/sdk/esp32s3/include/esp_gdbstub/xtensa -IC:/Users/playa/.platformio/packages/framework-arduinoespressif32/tools/sdk/esp32s3/include/esp_gdbstub/esp32s3 -IC:/Users/playa/.platformio/packages/framework-arduinoespressif32/tools/sdk/esp32s3/include/espcoredump/include -IC:/Users/playa/.platformio/packages/framework-arduinoespressif32/tools/sdk/esp32s3/include/espcoredump/include/port/xtensa -IC:/Users/playa/.platformio/packages/framework-arduinoespressif32/tools/sdk/esp32s3/include/wpa_supplicant/include -IC:/Users/playa/.platformio/packages/framework-arduinoespressif32/tools/sdk/esp32s3/include/wpa_supplicant/port/include -IC:/Users/playa/.platformio/packages/framework-arduinoespressif32/tools/sdk/esp32s3/include/wpa_supplicant/esp_supplicant/include -IC:/Users/playa/.platformio/packages/framework-arduinoespressif32/tools/sdk/esp32s3/include/ieee802154/include -IC:/Users/playa/.platformio/packages/framework-arduinoespressif32/tools/sdk/esp32s3/include/console -IC:/Users/playa/.platformio/packages/framework-arduinoespressif32/tools/sdk/esp32s3/include/asio/asio/asio/include -IC:/Users/playa/.platformio/packages/framework-arduinoespressif32/tools/sdk/esp32s3/include/asio/port/include -IC:/Users/playa/.platformio/packages/framework-arduinoespressif32/tools/sdk/esp32s3/include/bt/common/osi/include -IC:/Users/playa/.platformio/packages/framework-arduinoespressif32/tools/sdk/esp32s3/include/bt/include/esp32c3/include -IC:/Users/playa/.platformio/packages/framework-arduinoespressif32/tools/sdk/esp32s3/include/bt/common/api/include/api -IC:/Users/playa/.platformio/packages/framework-arduinoespressif32/tools/sdk/esp32s3/include/bt/common/btc/profile/esp/blufi/include -IC:/Users/playa/.platformio/packages/framework-arduinoespressif32/tools/sdk/esp32s3/include/bt/common/btc/profile/esp/include -IC:/Users/playa/.platformio/packages/framework-arduinoespressif32/tools/sdk/esp32s3/include/bt/host/bluedroid/api/include/api -IC:/Users/playa/.platformio/packages/framework-arduinoespressif32/tools/sdk/esp32s3/include/bt/esp_ble_mesh/mesh_common/include -IC:/Users/playa/.platformio/packages/framework-arduinoespressif32/tools/sdk/esp32s3/include/bt/esp_ble_mesh/mesh_common/tinycrypt/include -IC:/Users/playa/.platformio/packages/framework-arduinoespressif32/tools/sdk/esp32s3/include/bt/esp_ble_mesh/mesh_core -IC:/Users/playa/.platformio/packages/framework-arduinoespressif32/tools/sdk/esp32s3/include/bt/esp_ble_mesh/mesh_core/include -IC:/Users/playa/.platformio/packages/framework-arduinoespressif32/tools/sdk/esp32s3/include/bt/esp_ble_mesh/mesh_core/storage -IC:/Users/playa/.platformio/packages/framework-arduinoespressif32/tools/sdk/esp32s3/include/bt/esp_ble_mesh/btc/include -IC:/Users/playa/.platformio/packages/framework-arduinoespressif32/tools/sdk/esp32s3/include/bt/esp_ble_mesh/mesh_models/common/include -IC:/Users/playa/.platformio/packages/framework-arduinoespressif32/tools/sdk/esp32s3/include/bt/esp_ble_mesh/mesh_models/client/include -IC:/Users/playa/.platformio/packages/framework-arduinoespressif32/tools/sdk/esp32s3/include/bt/esp_ble_mesh/mesh_models/server/include -IC:/Users/playa/.platformio/packages/framework-arduinoespressif32/tools/sdk/esp32s3/include/bt/esp_ble_mesh/api/core/include -IC:/Users/playa/.platformio/packages/framework-arduinoespressif32/tools/sdk/esp32s3/include/bt/esp_ble_mesh/api/models/include -IC:/Users/playa/.platformio/packages/framework-arduinoespressif32/tools/sdk/esp32s3/include/bt/esp_ble_mesh/api -IC:/Users/playa/.platformio/packages/framework-arduinoespressif32/tools/sdk/esp32s3/include/cbor/port/include -IC:/Users/playa/.platformio/packages/framework-arduinoespressif32/tools/sdk/esp32s3/include/unity/include -IC:/Users/playa/.platformio/packages/framework-arduinoespressif32/tools/sdk/esp32s3/include/unity/unity/src -IC:/Users/playa/.platformio/packages/framework-arduinoespressif32/tools/sdk/esp32s3/include/cmock/CMock/src -IC:/Users/playa/.platformio/packages/framework-arduinoespressif32/tools/sdk/esp32s3/include/coap/port/include -IC:/Users/playa/.platformio/packages/framework-arduinoespressif32/tools/sdk/esp32s3/include/coap/libcoap/include -IC:/Users/playa/.platformio/packages/framework-arduinoespressif32/tools/sdk/esp32s3/include/nghttp/port/include -IC:/Users/playa/.platformio/packages/framework-arduinoespressif32/tools/sdk/esp32s3/include/nghttp/nghttp2/lib/includes -IC:/Users/playa/.platformio/packages/framework-arduinoespressif32/tools/sdk/esp32s3/include/esp-tls -IC:/Users/playa/.platformio/packages/framework-arduinoespressif32/tools/sdk/esp32s3/include/esp-tls/esp-tls-crypto -IC:/Users/playa/.platformio/packages/framework-arduinoespressif32/tools/sdk/esp32s3/include/esp_adc_cal/include -IC:/Users/playa/.platformio/packages/framework-arduinoespressif32/tools/sdk/esp32s3/include/esp_hid/include -IC:/Users/playa/.platformio/packages/framework-arduinoespressif32/tools/sdk/esp32s3/include/tcp_transport/include -IC:/Users/playa/.platformio/packages/framework-arduinoespressif32/tools/sdk/esp32s3/include/esp_http_client/include -IC:/Users/playa/.platformio/packages/framework-arduinoespressif32/tools/sdk/esp32s3/include/esp_http_server/include -IC:/Users/playa/.platformio/packages/framework-arduinoespressif32/tools/sdk/esp32s3/include/esp_https_ota/include -IC:/Users/playa/.platformio/packages/framework-arduinoespressif32/tools/sdk/esp32s3/include/esp_https_server/include -IC:/Users/playa/.platformio/packages/framework-arduinoespressif32/tools/sdk/esp32s3/include/esp_lcd/include -IC:/Users/playa/.platformio/packages/framework-arduinoespressif32/tools/sdk/esp32s3/include/esp_lcd/interface -IC:/Users/playa/.platformio/packages/framework-arduinoespressif32/tools/sdk/esp32s3/include/protobuf-c/protobuf-c -IC:/Users/playa/.platformio/packages/framework-arduinoespressif32/tools/sdk/esp32s3/include/protocomm/include/common -IC:/Users/playa/.platformio/packages/framework-arduinoespressif32/tools/sdk/esp32s3/include/protocomm/include/security -IC:/Users/playa/.platformio/packages/framework-arduinoespressif32/tools/sdk/esp32s3/include/protocomm/include/transports -IC:/Users/playa/.platformio/packages/framework-arduinoespressif32/tools/sdk/esp32s3/include/mdns/include -IC:/Users/playa/.platformio/packages/framework-arduinoespressif32/tools/sdk/esp32s3/include/esp_local_ctrl/include -IC:/Users/playa/.platformio/packages/framework-arduinoespressif32/tools/sdk/esp32s3/include/sdmmc/include -IC:/Users/playa/.platformio/packages/framework-arduinoespressif32/tools/sdk/esp32s3/include/esp_serial_slave_link/include -IC:/Users/playa/.platformio/packages/framework-arduinoespressif32/tools/sdk/esp32s3/include/esp_websocket_client/include -IC:/Users/playa/.platformio/packages/framework-arduinoespressif32/tools/sdk/esp32s3/include/expat/expat/expat/lib -IC:/Users/playa/.platformio/packages/framework-arduinoespressif32/tools/sdk/esp32s3/include/expat/port/include -IC:/Users/playa/.platformio/packages/framework-arduinoespressif32/tools/sdk/esp32s3/include/wear_levelling/include -IC:/Users/playa/.platformio/packages/framework-arduinoespressif32/tools/sdk/esp32s3/include/fatfs/diskio -IC:/Users/playa/.platformio/packages/framework-arduinoespressif32/tools/sdk/esp32s3/include/fatfs/vfs -IC:/Users/playa/.platformio/packages/framework-arduinoespressif32/tools/sdk/esp32s3/include/fatfs/src -IC:/Users/playa/.platformio/packages/framework-arduinoespressif32/tools/sdk/esp32s3/include/freemodbus/freemodbus/common/include -IC:/Users/playa/.platformio/packages/framework-arduinoespressif32/tools/sdk/esp32s3/include/idf_test/include -IC:/Users/playa/.platformio/packages/framework-arduinoespressif32/tools/sdk/esp32s3/include/idf_test/include/esp32s3 -IC:/Users/playa/.platformio/packages/framework-arduinoespressif32/tools/sdk/esp32s3/include/jsmn/include -IC:/Users/playa/.platformio/packages/framework-arduinoespressif32/tools/sdk/esp32s3/include/json/cJSON -IC:/Users/playa/.platformio/packages/framework-arduinoespressif32/tools/sdk/esp32s3/include/libsodium/libsodium/src/libsodium/include -IC:/Users/playa/.platformio/packages/framework-arduinoespressif32/tools/sdk/esp32s3/include/libsodium/port_include -IC:/Users/playa/.platformio/packages/framework-arduinoespressif32/tools/sdk/esp32s3/include/mqtt/esp-mqtt/include -IC:/Users/playa/.platformio/packages/framework-arduinoespressif32/tools/sdk/esp32s3/include/openssl/include -IC:/Users/playa/.platformio/packages/framework-arduinoespressif32/tools/sdk/esp32s3/include/perfmon/include -IC:/Users/playa/.platformio/packages/framework-arduinoespressif32/tools/sdk/esp32s3/include/spiffs/include -IC:/Users/playa/.platformio/packages/framework-arduinoespressif32/tools/sdk/esp32s3/include/usb/include -IC:/Users/playa/.platformio/packages/framework-arduinoespressif32/tools/sdk/esp32s3/include/ulp/include -IC:/Users/playa/.platformio/packages/framework-arduinoespressif32/tools/sdk/esp32s3/include/wifi_provisioning/include -IC:/Users/playa/.platformio/packages/framework-arduinoespressif32/tools/sdk/esp32s3/include/rmaker_common/include -IC:/Users/playa/.platformio/packages/framework-arduinoespressif32/tools/sdk/esp32s3/include/esp_diagnostics/include -IC:/Users/playa/.platformio/packages/framework-arduinoespressif32/tools/sdk/esp32s3/include/rtc_store/include -IC:/Users/playa/.platformio/packages/framework-arduinoespressif32/tools/sdk/esp32s3/include/esp_insights/include -IC:/Users/playa/.platformio/packages/framework-arduinoespressif32/tools/sdk/esp32s3/include/json_parser/upstream/include -IC:/Users/playa/.platformio/packages/framework-arduinoespressif32/tools/sdk/esp32s3/include/json_parser/upstream -IC:/Users/playa/.platformio/packages/framework-arduinoespressif32/tools/sdk/esp32s3/include/json_generator/upstream -IC:/Users/playa/.platformio/packages/framework-arduinoespressif32/tools/sdk/esp32s3/include/esp_schedule/include -IC:/Users/playa/.platformio/packages/framework-arduinoespressif32/tools/sdk/esp32s3/include/espressif__esp_secure_cert_mgr/include -IC:/Users/playa/.platformio/packages/framework-arduinoespressif32/tools/sdk/esp32s3/include/esp_rainmaker/include -IC:/Users/playa/.platformio/packages/framework-arduinoespressif32/tools/sdk/esp32s3/include/gpio_button/button/include -IC:/Users/playa/.platformio/packages/framework-arduinoespressif32/tools/sdk/esp32s3/include/qrcode/include -IC:/Users/playa/.platformio/packages/framework-arduinoespressif32/tools/sdk/esp32s3/include/ws2812_led -IC:/Users/playa/.platformio/packages/framework-arduinoespressif32/tools/sdk/esp32s3/include/freertos/include/freertos -IC:/Users/playa/.platformio/packages/framework-arduinoespressif32/tools/sdk/esp32s3/include/arduino_tinyusb/tinyusb/src -IC:/Users/playa/.platformio/packages/framework-arduinoespressif32/tools/sdk/esp32s3/include/arduino_tinyusb/include -IC:/Users/playa/.platformio/packages/framework-arduinoespressif32/tools/sdk/esp32s3/include/esp_littlefs/include -IC:/Users/playa/.platformio/packages/framework-arduinoespressif32/tools/sdk/esp32s3/include/esp-dl/include -IC:/Users/playa/.platformio/packages/framework-arduinoespressif32/tools/sdk/esp32s3/include/esp-dl/include/tool -IC:/Users/playa/.platformio/packages/framework-arduinoespressif32/tools/sdk/esp32s3/include/esp-dl/include/typedef -IC:/Users/playa/.platformio/packages/framework-arduinoespressif32/tools/sdk/esp32s3/include/esp-dl/include/image -IC:/Users/playa/.platformio/packages/framework-arduinoespressif32/tools/sdk/esp32s3/include/esp-dl/include/math -IC:/Users/playa/.platformio/packages/framework-arduinoespressif32/tools/sdk/esp32s3/include/esp-dl/include/nn -IC:/Users/playa/.platformio/packages/framework-arduinoespressif32/tools/sdk/esp32s3/include/esp-dl/include/layer -IC:/Users/playa/.platformio/packages/framework-arduinoespressif32/tools/sdk/esp32s3/include/esp-dl/include/detect -IC:/Users/playa/.platformio/packages/framework-arduinoespressif32/tools/sdk/esp32s3/include/esp-dl/include/model_zoo -IC:/Users/playa/.platformio/packages/framework-arduinoespressif32/tools/sdk/esp32s3/include/esp32-camera/driver/include -IC:/Users/playa/.platformio/packages/framework-arduinoespressif32/tools/sdk/esp32s3/include/esp32-camera/conversions/include -IC:/Users/playa/.platformio/packages/framework-arduinoespressif32/tools/sdk/esp32s3/include/espressif__esp-dsp/modules/dotprod/include -IC:/Users/playa/.platformio/packages/framework-arduinoespressif32/tools/sdk/esp32s3/include/espressif__esp-dsp/modules/support/include -IC:/Users/playa/.platformio/packages/framework-arduinoespressif32/tools/sdk/esp32s3/include/espressif__esp-dsp/modules/support/mem/include -IC:/Users/playa/.platformio/packages/framework-arduinoespressif32/tools/sdk/esp32s3/include/espressif__esp-dsp/modules/windows/include -IC:/Users/playa/.platformio/packages/framework-arduinoespressif32/tools/sdk/esp32s3/include/espressif__esp-dsp/modules/windows/hann/include -IC:/Users/playa/.platformio/packages/framework-arduinoespressif32/tools/sdk/esp32s3/include/espressif__esp-dsp/modules/windows/blackman/include -IC:/Users/playa/.platformio/packages/framework-arduinoespressif32/tools/sdk/esp32s3/include/espressif__esp-dsp/modules/windows/blackman_harris/include -IC:/Users/playa/.platformio/packages/framework-arduinoespressif32/tools/sdk/esp32s3/include/espressif__esp-dsp/modules/windows/blackman_nuttall/include -IC:/Users/playa/.platformio/packages/framework-arduinoespressif32/tools/sdk/esp32s3/include/espressif__esp-dsp/modules/windows/nuttall/include -IC:/Users/playa/.platformio/packages/framework-arduinoespressif32/tools/sdk/esp32s3/include/espressif__esp-dsp/modules/windows/flat_top/include -IC:/Users/playa/.platformio/packages/framework-arduinoespressif32/tools/sdk/esp32s3/include/espressif__esp-dsp/modules/iir/include -IC:/Users/playa/.platformio/packages/framework-arduinoespressif32/tools/sdk/esp32s3/include/espressif__esp-dsp/modules/fir/include -IC:/Users/playa/.platformio/packages/framework-arduinoespressif32/tools/sdk/esp32s3/include/espressif__esp-dsp/modules/math/include -IC:/Users/playa/.platformio/packages/framework-arduinoespressif32/tools/sdk/esp32s3/include/espressif__esp-dsp/modules/math/add/include -IC:/Users/playa/.platformio/packages/framework-arduinoespressif32/tools/sdk/esp32s3/include/espressif__esp-dsp/modules/math/sub/include -IC:/Users/playa/.platformio/packages/framework-arduinoespressif32/tools/sdk/esp32s3/include/espressif__esp-dsp/modules/math/mul/include -IC:/Users/playa/.platformio/packages/framework-arduinoespressif32/tools/sdk/esp32s3/include/espressif__esp-dsp/modules/math/addc/include -IC:/Users/playa/.platformio/packages/framework-arduinoespressif32/tools/sdk/esp32s3/include/espressif__esp-dsp/modules/math/mulc/include -IC:/Users/playa/.platformio/packages/framework-arduinoespressif32/tools/sdk/esp32s3/include/espressif__esp-dsp/modules/math/sqrt/include -IC:/Users/playa/.platformio/packages/framework-arduinoespressif32/tools/sdk/esp32s3/include/espressif__esp-dsp/modules/matrix/mul/include -IC:/Users/playa/.platformio/packages/framework-arduinoespressif32/tools/sdk/esp32s3/include/espressif__esp-dsp/modules/matrix/add/include -IC:/Users/playa/.platformio/packages/framework-arduinoespressif32/tools/sdk/esp32s3/include/espressif__esp-dsp/modules/matrix/addc/include -IC:/Users/playa/.platformio/packages/framework-arduinoespressif32/tools/sdk/esp32s3/include/espressif__esp-dsp/modules/matrix/mulc/include -IC:/Users/playa/.platformio/packages/framework-arduinoespressif32/tools/sdk/esp32s3/include/espressif__esp-dsp/modules/matrix/sub/include -IC:/Users/playa/.platformio/packages/framework-arduinoespressif32/tools/sdk/esp32s3/include/espressif__esp-dsp/modules/matrix/include -IC:/Users/playa/.platformio/packages/framework-arduinoespressif32/tools/sdk/esp32s3/include/espressif__esp-dsp/modules/fft/include -IC:/Users/playa/.platformio/packages/framework-arduinoespressif32/tools/sdk/esp32s3/include/espressif__esp-dsp/modules/dct/include -IC:/Users/playa/.platformio/packages/framework-arduinoespressif32/tools/sdk/esp32s3/include/espressif__esp-dsp/modules/conv/include -IC:/Users/playa/.platformio/packages/framework-arduinoespressif32/tools/sdk/esp32s3/include/espressif__esp-dsp/modules/common/include -IC:/Users/playa/.platformio/packages/framework-arduinoespressif32/tools/sdk/esp32s3/include/espressif__esp-dsp/modules/matrix/mul/test/include -IC:/Users/playa/.platformio/packages/framework-arduinoespressif32/tools/sdk/esp32s3/include/espressif__esp-dsp/modules/kalman/ekf/include -IC:/Users/playa/.platformio/packages/framework-arduinoespressif32/tools/sdk/esp32s3/include/espressif__esp-dsp/modules/kalman/ekf_imu13states/include -IC:/Users/playa/.platformio/packages/framework-arduinoespressif32/tools/sdk/esp32s3/include/fb_gfx/include -IC:/Users/playa/.platformio/packages/framework-arduinoespressif32/tools/sdk/esp32s3/qio_opi/include -IC:/Users/playa/.platformio/packages/framework-arduinoespressif32/cores/esp32 -IC:/Users/playa/.platformio/packages/framework-arduinoespressif32/variants/esp32s3 src/main_full.cpp
xtensa-esp32s3-elf-g++ @C:\Users\playa\OneDrive\Documents\PlatformIO\Projects\Display_Test\.pio\build\JC8048W550\tmphqqkdbvq.tmp
Using tempfile C:\Users\playa\OneDrive\Documents\PlatformIO\Projects\Display_Test\.pio\build\JC8048W550\tmpyp_e_h9z.tmp for command line:
xtensa-esp32s3-elf-gcc -o .pio/build/JC8048W550/src/ui/ui.c.o -c -std=gnu99 -Wno-old-style-declaration -Os -mlongcalls -ffunction-sections -fdata-sections -Wno-error=unused-function -Wno-error=unused-variable -Wno-error=deprecated-declarations -Wno-unused-parameter -Wno-sign-compare -ggdb -freorder-blocks -Wwrite-strings -fstack-protector -fstrict-volatile-bitfields -Wno-error=unused-but-set-variable -fno-jump-tables -fno-tree-switch-conversion -MMD -DPLATFORMIO=60118 "-D ARDUINO_ESP32S3_DEV" "-D BOARD_HAS_PSRAM" "-D ARDUINO_USB_MODE=1" "-D ARDUINO_RUNNING_CORE=1" "-D ARDUINO_EVENT_RUNNING_CORE=1" "-D ARDUINO_USB_CDC_ON_BOOT=0" "-D JC8048W550" "-D DISPLAY_WIDTH=800" "-D DISPLAY_HEIGHT=480" "-D DISPLAY_SOFTWARE_ROTATION" "-D LVGL_BUFFER_PIXELS=(DISPLAY_WIDTH*DISPLAY_HEIGHT)" "-D LVGL_BUFFER_MALLOC_FLAGS=(MALLOC_CAP_SPIRAM|MALLOC_CAP_8BIT)" "-D GPIO_BCKL=2" "-D DISPLAY_ST7262_PAR" "-D ST7262_PANEL_CONFIG_CLK_SRC=LCD_CLK_SRC_PLL160M" "-D ST7262_PANEL_CONFIG_TIMINGS_PCLK_HZ=(16*1000000)" "-D ST7262_PANEL_CONFIG_TIMINGS_H_RES=DISPLAY_WIDTH" "-D ST7262_PANEL_CONFIG_TIMINGS_V_RES=DISPLAY_HEIGHT" "-D ST7262_PANEL_CONFIG_TIMINGS_HSYNC_PULSE_WIDTH=4" "-D ST7262_PANEL_CONFIG_TIMINGS_HSYNC_BACK_PORCH=8" "-D ST7262_PANEL_CONFIG_TIMINGS_HSYNC_FRONT_PORCH=8" "-D ST7262_PANEL_CONFIG_TIMINGS_VSYNC_PULSE_WIDTH=4" "-D ST7262_PANEL_CONFIG_TIMINGS_VSYNC_BACK_PORCH=8" "-D ST7262_PANEL_CONFIG_TIMINGS_VSYNC_FRONT_PORCH=8" "-D ST7262_PANEL_CONFIG_TIMINGS_FLAGS_HSYNC_IDLE_LOW=false" "-D ST7262_PANEL_CONFIG_TIMINGS_FLAGS_VSYNC_IDLE_LOW=false" "-D ST7262_PANEL_CONFIG_TIMINGS_FLAGS_DE_IDLE_HIGH=false" "-D ST7262_PANEL_CONFIG_TIMINGS_FLAGS_PCLK_ACTIVE_NEG=true" "-D ST7262_PANEL_CONFIG_TIMINGS_FLAGS_PCLK_IDLE_HIGH=false" "-D ST7262_PANEL_CONFIG_DATA_WIDTH=16" "-D ST7262_PANEL_CONFIG_SRAM_TRANS_ALIGN=4" "-D ST7262_PANEL_CONFIG_PSRAM_TRANS_ALIGN=64" "-D ST7262_PANEL_CONFIG_HSYNC_GPIO_NUM=39" "-D ST7262_PANEL_CONFIG_VSYNC_GPIO_NUM=41" "-D ST7262_PANEL_CONFIG_DE_GPIO_NUM=40" "-D ST7262_PANEL_CONFIG_PCLK_GPIO_NUM=42" "-D ST7262_PANEL_CONFIG_DATA_GPIO_R0=8" "-D ST7262_PANEL_CONFIG_DATA_GPIO_R1=3" "-D ST7262_PANEL_CONFIG_DATA_GPIO_R2=46" "-D ST7262_PANEL_CONFIG_DATA_GPIO_R3=9" "-D ST7262_PANEL_CONFIG_DATA_GPIO_R4=1" "-D ST7262_PANEL_CONFIG_DATA_GPIO_G0=5" "-D ST7262_PANEL_CONFIG_DATA_GPIO_G1=6" "-D ST7262_PANEL_CONFIG_DATA_GPIO_G2=7" "-D ST7262_PANEL_CONFIG_DATA_GPIO_G3=15" "-D ST7262_PANEL_CONFIG_DATA_GPIO_G4=16" "-D ST7262_PANEL_CONFIG_DATA_GPIO_G5=4" "-D ST7262_PANEL_CONFIG_DATA_GPIO_B0=45" "-D ST7262_PANEL_CONFIG_DATA_GPIO_B1=48" "-D ST7262_PANEL_CONFIG_DATA_GPIO_B2=47" "-D ST7262_PANEL_CONFIG_DATA_GPIO_B3=21" "-D ST7262_PANEL_CONFIG_DATA_GPIO_B4=14" "-D ST7262_PANEL_CONFIG_DISP_GPIO_NUM=GPIO_NUM_NC" "-D ST7262_PANEL_CONFIG_FLAGS_DISP_ACTIVE_LOW=false" "-D ST7262_PANEL_CONFIG_FLAGS_RELAX_ON_IDLE=false" "-D ST7262_PANEL_CONFIG_FLAGS_FB_IN_PSRAM=true" "-D DISPLAY_SWAP_XY=false" "-D DISPLAY_MIRROR_X=false" "-D DISPLAY_MIRROR_Y=false" "-D BOARD_HAS_TOUCH" "-D CONFIG_ESP_LCD_TOUCH_MAX_POINTS=1" "-D CONFIG_ESP_LCD_TOUCH_MAX_BUTTONS=0" "-D TOUCH_GT911_I2C" "-D GT911_I2C_HOST=I2C_NUM_0" "-D GT911_I2C_CONFIG_SDA_IO_NUM=19" "-D GT911_I2C_CONFIG_SCL_IO_NUM=20" "-D GT911_I2C_CONFIG_SDA_PULLUP_EN=GPIO_PULLUP_DISABLE" "-D GT911_I2C_CONFIG_SCL_PULLUP_EN=GPIO_PULLUP_DISABLE" "-D GT911_I2C_CONFIG_MASTER_CLK_SPEED=400000" "-D GT911_I2C_CONFIG_CLK_FLAGS=I2C_SCLK_SRC_FLAG_FOR_NOMAL" "-D GT911_IO_I2C_CONFIG_DEV_ADDR=GT911_IO_I2C_CONFIG_DEV_ADDRESS_5D" "-D GT911_IO_I2C_CONFIG_CONTROL_PHASE_BYTES=1" "-D GT911_IO_I2C_CONFIG_DC_BIT_OFFSET=0" "-D GT911_IO_I2C_CONFIG_LCD_CMD_BITS=16" "-D GT911_IO_I2C_CONFIG_LCD_PARAM_BITS=0" "-D GT911_IO_I2C_CONFIG_FLAGS_DC_LOW_ON_DATA=false" "-D GT911_IO_I2C_CONFIG_FLAGS_DISABLE_CONTROL_PHASE=true" "-D GT911_TOUCH_CONFIG_X_MAX=DISPLAY_WIDTH" "-D GT911_TOUCH_CONFIG_Y_MAX=DISPLAY_HEIGHT" "-D GT911_TOUCH_CONFIG_RST_GPIO_NUM=38" "-D GT911_TOUCH_CONFIG_INT_GPIO_NUM=18" "-D GT911_TOUCH_CONFIG_LEVELS_RESET=0" "-D GT911_TOUCH_CONFIG_LEVELS_INTERRUPT=0" "-D TOUCH_SWAP_XY=false" "-D TOUCH_MIRROR_X=false" "-D TOUCH_MIRROR_Y=false" "-D BOARD_HAS_TF" "-D TF_CS=10" "-D TF_SPI_MOSI=11" "-D TF_SPI_SCLK=12" "-D TF_SPI_MISO=13" -DLV_USE_DRAW_SW_ASM=0 -DLV_CONF_INCLUDE_SIMPLE -DBOARD_HAS_PSRAM -DARDUINO_USB_MODE=1 -DESP_PLATFORM -DCONFIG_LCD_COLOR_FORMAT_RGB565=1 -DCONFIG_LCD_AUTO_FLUSH=1 -DCONFIG_SPIRAM_CACHE_WORKAROUND=1 -DHAVE_CONFIG_H -DMBEDTLS_CONFIG_FILE=\"mbedtls/esp_config.h\" -DUNITY_INCLUDE_CONFIG_H -DWITH_POSIX -D_GNU_SOURCE -DIDF_VER=\"v4.4.7-dirty\" -DESP_PLATFORM -D_POSIX_READER_WRITER_LOCKS -DARDUINO_ARCH_ESP32 -DESP32 -DF_CPU=240000000L -DARDUINO=10812 -DARDUINO_VARIANT=\"esp32s3\" -DARDUINO_BOARD=\"JC8048W550\" -DARDUINO_PARTITION_default -Iinclude -I.pio/libdeps/JC8048W550/TAMC_GT911 -IC:/Users/playa/.platformio/packages/framework-arduinoespressif32/libraries/Wire/src -I.pio/libdeps/JC8048W550/lvgl -I.pio/libdeps/JC8048W550/lvgl/src -IC:/Users/playa/.platformio/packages/framework-arduinoespressif32/libraries/SD/src -IC:/Users/playa/.platformio/packages/framework-arduinoespressif32/libraries/SPI/src -IC:/Users/playa/.platformio/packages/framework-arduinoespressif32/libraries/LittleFS/src -IC:/Users/playa/.platformio/packages/framework-arduinoespressif32/libraries/FS/src -Isrc -IC:/Users/playa/.platformio/packages/framework-arduinoespressif32/tools/sdk/esp32s3/include/newlib/platform_include -IC:/Users/playa/.platformio/packages/framework-arduinoespressif32/tools/sdk/esp32s3/include/freertos/include -IC:/Users/playa/.platformio/packages/framework-arduinoespressif32/tools/sdk/esp32s3/include/freertos/include/esp_additions/freertos -IC:/Users/playa/.platformio/packages/framework-arduinoespressif32/tools/sdk/esp32s3/include/freertos/port/xtensa/include -IC:/Users/playa/.platformio/packages/framework-arduinoespressif32/tools/sdk/esp32s3/include/freertos/include/esp_additions -IC:/Users/playa/.platformio/packages/framework-arduinoespressif32/tools/sdk/esp32s3/include/esp_hw_support/include -IC:/Users/playa/.platformio/packages/framework-arduinoespressif32/tools/sdk/esp32s3/include/esp_hw_support/include/soc -IC:/Users/playa/.platformio/packages/framework-arduinoespressif32/tools/sdk/esp32s3/include/esp_hw_support/include/soc/esp32s3 -IC:/Users/playa/.platformio/packages/framework-arduinoespressif32/tools/sdk/esp32s3/include/esp_hw_support/port/esp32s3 -IC:/Users/playa/.platformio/packages/framework-arduinoespressif32/tools/sdk/esp32s3/include/esp_hw_support/port/esp32s3/private_include -IC:/Users/playa/.platformio/packages/framework-arduinoespressif32/tools/sdk/esp32s3/include/heap/include -IC:/Users/playa/.platformio/packages/framework-arduinoespressif32/tools/sdk/esp32s3/include/log/include -IC:/Users/playa/.platformio/packages/framework-arduinoespressif32/tools/sdk/esp32s3/include/lwip/include/apps -IC:/Users/playa/.platformio/packages/framework-arduinoespressif32/tools/sdk/esp32s3/include/lwip/include/apps/sntp -IC:/Users/playa/.platformio/packages/framework-arduinoespressif32/tools/sdk/esp32s3/include/lwip/lwip/src/include -IC:/Users/playa/.platformio/packages/framework-arduinoespressif32/tools/sdk/esp32s3/include/lwip/port/esp32/include -IC:/Users/playa/.platformio/packages/framework-arduinoespressif32/tools/sdk/esp32s3/include/lwip/port/esp32/include/arch -IC:/Users/playa/.platformio/packages/framework-arduinoespressif32/tools/sdk/esp32s3/include/soc/include -IC:/Users/playa/.platformio/packages/framework-arduinoespressif32/tools/sdk/esp32s3/include/soc/esp32s3 -IC:/Users/playa/.platformio/packages/framework-arduinoespressif32/tools/sdk/esp32s3/include/soc/esp32s3/include -IC:/Users/playa/.platformio/packages/framework-arduinoespressif32/tools/sdk/esp32s3/include/hal/esp32s3/include -IC:/Users/playa/.platformio/packages/framework-arduinoespressif32/tools/sdk/esp32s3/include/hal/include -IC:/Users/playa/.platformio/packages/framework-arduinoespressif32/tools/sdk/esp32s3/include/hal/platform_port/include -IC:/Users/playa/.platformio/packages/framework-arduinoespressif32/tools/sdk/esp32s3/include/esp_rom/include -IC:/Users/playa/.platformio/packages/framework-arduinoespressif32/tools/sdk/esp32s3/include/esp_rom/include/esp32s3 -IC:/Users/playa/.platformio/packages/framework-arduinoespressif32/tools/sdk/esp32s3/include/esp_rom/esp32s3 -IC:/Users/playa/.platformio/packages/framework-arduinoespressif32/tools/sdk/esp32s3/include/esp_common/include -IC:/Users/playa/.platformio/packages/framework-arduinoespressif32/tools/sdk/esp32s3/include/esp_system/include -IC:/Users/playa/.platformio/packages/framework-arduinoespressif32/tools/sdk/esp32s3/include/esp_system/port/soc -IC:/Users/playa/.platformio/packages/framework-arduinoespressif32/tools/sdk/esp32s3/include/esp_system/port/public_compat -IC:/Users/playa/.platformio/packages/framework-arduinoespressif32/tools/sdk/esp32s3/include/xtensa/include -IC:/Users/playa/.platformio/packages/framework-arduinoespressif32/tools/sdk/esp32s3/include/xtensa/esp32s3/include -IC:/Users/playa/.platformio/packages/framework-arduinoespressif32/tools/sdk/esp32s3/include/driver/include -IC:/Users/playa/.platformio/packages/framework-arduinoespressif32/tools/sdk/esp32s3/include/driver/esp32s3/include -IC:/Users/playa/.platformio/packages/framework-arduinoespressif32/tools/sdk/esp32s3/include/esp_pm/include -IC:/Users/playa/.platformio/packages/framework-arduinoespressif32/tools/sdk/esp32s3/include/esp_ringbuf/include -IC:/Users/playa/.platformio/packages/framework-arduinoespressif32/tools/sdk/esp32s3/include/efuse/include -IC:/Users/playa/.platformio/packages/framework-arduinoespressif32/tools/sdk/esp32s3/include/efuse/esp32s3/include -IC:/Users/playa/.platformio/packages/framework-arduinoespressif32/tools/sdk/esp32s3/include/vfs/include -IC:/Users/playa/.platformio/packages/framework-arduinoespressif32/tools/sdk/esp32s3/include/esp_wifi/include -IC:/Users/playa/.platformio/packages/framework-arduinoespressif32/tools/sdk/esp32s3/include/esp_event/include -IC:/Users/playa/.platformio/packages/framework-arduinoespressif32/tools/sdk/esp32s3/include/esp_netif/include -IC:/Users/playa/.platformio/packages/framework-arduinoespressif32/tools/sdk/esp32s3/include/esp_eth/include -IC:/Users/playa/.platformio/packages/framework-arduinoespressif32/tools/sdk/esp32s3/include/tcpip_adapter/include -IC:/Users/playa/.platformio/packages/framework-arduinoespressif32/tools/sdk/esp32s3/include/esp_phy/include -IC:/Users/playa/.platformio/packages/framework-arduinoespressif32/tools/sdk/esp32s3/include/esp_phy/esp32s3/include -IC:/Users/playa/.platformio/packages/framework-arduinoespressif32/tools/sdk/esp32s3/include/esp_ipc/include -IC:/Users/playa/.platformio/packages/framework-arduinoespressif32/tools/sdk/esp32s3/include/app_trace/include -IC:/Users/playa/.platformio/packages/framework-arduinoespressif32/tools/sdk/esp32s3/include/esp_timer/include -IC:/Users/playa/.platformio/packages/framework-arduinoespressif32/tools/sdk/esp32s3/include/mbedtls/port/include -IC:/Users/playa/.platformio/packages/framework-arduinoespressif32/tools/sdk/esp32s3/include/mbedtls/mbedtls/include -IC:/Users/playa/.platformio/packages/framework-arduinoespressif32/tools/sdk/esp32s3/include/mbedtls/esp_crt_bundle/include -IC:/Users/playa/.platformio/packages/framework-arduinoespressif32/tools/sdk/esp32s3/include/app_update/include -IC:/Users/playa/.platformio/packages/framework-arduinoespressif32/tools/sdk/esp32s3/include/spi_flash/include -IC:/Users/playa/.platformio/packages/framework-arduinoespressif32/tools/sdk/esp32s3/include/bootloader_support/include -IC:/Users/playa/.platformio/packages/framework-arduinoespressif32/tools/sdk/esp32s3/include/nvs_flash/include -IC:/Users/playa/.platformio/packages/framework-arduinoespressif32/tools/sdk/esp32s3/include/pthread/include -IC:/Users/playa/.platformio/packages/framework-arduinoespressif32/tools/sdk/esp32s3/include/esp_gdbstub/include -IC:/Users/playa/.platformio/packages/framework-arduinoespressif32/tools/sdk/esp32s3/include/esp_gdbstub/xtensa -IC:/Users/playa/.platformio/packages/framework-arduinoespressif32/tools/sdk/esp32s3/include/esp_gdbstub/esp32s3 -IC:/Users/playa/.platformio/packages/framework-arduinoespressif32/tools/sdk/esp32s3/include/espcoredump/include -IC:/Users/playa/.platformio/packages/framework-arduinoespressif32/tools/sdk/esp32s3/include/espcoredump/include/port/xtensa -IC:/Users/playa/.platformio/packages/framework-arduinoespressif32/tools/sdk/esp32s3/include/wpa_supplicant/include -IC:/Users/playa/.platformio/packages/framework-arduinoespressif32/tools/sdk/esp32s3/include/wpa_supplicant/port/include -IC:/Users/playa/.platformio/packages/framework-arduinoespressif32/tools/sdk/esp32s3/include/wpa_supplicant/esp_supplicant/include -IC:/Users/playa/.platformio/packages/framework-arduinoespressif32/tools/sdk/esp32s3/include/ieee802154/include -IC:/Users/playa/.platformio/packages/framework-arduinoespressif32/tools/sdk/esp32s3/include/console -IC:/Users/playa/.platformio/packages/framework-arduinoespressif32/tools/sdk/esp32s3/include/asio/asio/asio/include -IC:/Users/playa/.platformio/packages/framework-arduinoespressif32/tools/sdk/esp32s3/include/asio/port/include -IC:/Users/playa/.platformio/packages/framework-arduinoespressif32/tools/sdk/esp32s3/include/bt/common/osi/include -IC:/Users/playa/.platformio/packages/framework-arduinoespressif32/tools/sdk/esp32s3/include/bt/include/esp32c3/include -IC:/Users/playa/.platformio/packages/framework-arduinoespressif32/tools/sdk/esp32s3/include/bt/common/api/include/api -IC:/Users/playa/.platformio/packages/framework-arduinoespressif32/tools/sdk/esp32s3/include/bt/common/btc/profile/esp/blufi/include -IC:/Users/playa/.platformio/packages/framework-arduinoespressif32/tools/sdk/esp32s3/include/bt/common/btc/profile/esp/include -IC:/Users/playa/.platformio/packages/framework-arduinoespressif32/tools/sdk/esp32s3/include/bt/host/bluedroid/api/include/api -IC:/Users/playa/.platformio/packages/framework-arduinoespressif32/tools/sdk/esp32s3/include/bt/esp_ble_mesh/mesh_common/include -IC:/Users/playa/.platformio/packages/framework-arduinoespressif32/tools/sdk/esp32s3/include/bt/esp_ble_mesh/mesh_common/tinycrypt/include -IC:/Users/playa/.platformio/packages/framework-arduinoespressif32/tools/sdk/esp32s3/include/bt/esp_ble_mesh/mesh_core -IC:/Users/playa/.platformio/packages/framework-arduinoespressif32/tools/sdk/esp32s3/include/bt/esp_ble_mesh/mesh_core/include -IC:/Users/playa/.platformio/packages/framework-arduinoespressif32/tools/sdk/esp32s3/include/bt/esp_ble_mesh/mesh_core/storage -IC:/Users/playa/.platformio/packages/framework-arduinoespressif32/tools/sdk/esp32s3/include/bt/esp_ble_mesh/btc/include -IC:/Users/playa/.platformio/packages/framework-arduinoespressif32/tools/sdk/esp32s3/include/bt/esp_ble_mesh/mesh_models/common/include -IC:/Users/playa/.platformio/packages/framework-arduinoespressif32/tools/sdk/esp32s3/include/bt/esp_ble_mesh/mesh_models/client/include -IC:/Users/playa/.platformio/packages/framework-arduinoespressif32/tools/sdk/esp32s3/include/bt/esp_ble_mesh/mesh_models/server/include -IC:/Users/playa/.platformio/packages/framework-arduinoespressif32/tools/sdk/esp32s3/include/bt/esp_ble_mesh/api/core/include -IC:/Users/playa/.platformio/packages/framework-arduinoespressif32/tools/sdk/esp32s3/include/bt/esp_ble_mesh/api/models/include -IC:/Users/playa/.platformio/packages/framework-arduinoespressif32/tools/sdk/esp32s3/include/bt/esp_ble_mesh/api -IC:/Users/playa/.platformio/packages/framework-arduinoespressif32/tools/sdk/esp32s3/include/cbor/port/include -IC:/Users/playa/.platformio/packages/framework-arduinoespressif32/tools/sdk/esp32s3/include/unity/include -IC:/Users/playa/.platformio/packages/framework-arduinoespressif32/tools/sdk/esp32s3/include/unity/unity/src -IC:/Users/playa/.platformio/packages/framework-arduinoespressif32/tools/sdk/esp32s3/include/cmock/CMock/src -IC:/Users/playa/.platformio/packages/framework-arduinoespressif32/tools/sdk/esp32s3/include/coap/port/include -IC:/Users/playa/.platformio/packages/framework-arduinoespressif32/tools/sdk/esp32s3/include/coap/libcoap/include -IC:/Users/playa/.platformio/packages/framework-arduinoespressif32/tools/sdk/esp32s3/include/nghttp/port/include -IC:/Users/playa/.platformio/packages/framework-arduinoespressif32/tools/sdk/esp32s3/include/nghttp/nghttp2/lib/includes -IC:/Users/playa/.platformio/packages/framework-arduinoespressif32/tools/sdk/esp32s3/include/esp-tls -IC:/Users/playa/.platformio/packages/framework-arduinoespressif32/tools/sdk/esp32s3/include/esp-tls/esp-tls-crypto -IC:/Users/playa/.platformio/packages/framework-arduinoespressif32/tools/sdk/esp32s3/include/esp_adc_cal/include -IC:/Users/playa/.platformio/packages/framework-arduinoespressif32/tools/sdk/esp32s3/include/esp_hid/include -IC:/Users/playa/.platformio/packages/framework-arduinoespressif32/tools/sdk/esp32s3/include/tcp_transport/include -IC:/Users/playa/.platformio/packages/framework-arduinoespressif32/tools/sdk/esp32s3/include/esp_http_client/include -IC:/Users/playa/.platformio/packages/framework-arduinoespressif32/tools/sdk/esp32s3/include/esp_http_server/include -IC:/Users/playa/.platformio/packages/framework-arduinoespressif32/tools/sdk/esp32s3/include/esp_https_ota/include -IC:/Users/playa/.platformio/packages/framework-arduinoespressif32/tools/sdk/esp32s3/include/esp_https_server/include -IC:/Users/playa/.platformio/packages/framework-arduinoespressif32/tools/sdk/esp32s3/include/esp_lcd/include -IC:/Users/playa/.platformio/packages/framework-arduinoespressif32/tools/sdk/esp32s3/include/esp_lcd/interface -IC:/Users/playa/.platformio/packages/framework-arduinoespressif32/tools/sdk/esp32s3/include/protobuf-c/protobuf-c -IC:/Users/playa/.platformio/packages/framework-arduinoespressif32/tools/sdk/esp32s3/include/protocomm/include/common -IC:/Users/playa/.platformio/packages/framework-arduinoespressif32/tools/sdk/esp32s3/include/protocomm/include/security -IC:/Users/playa/.platformio/packages/framework-arduinoespressif32/tools/sdk/esp32s3/include/protocomm/include/transports -IC:/Users/playa/.platformio/packages/framework-arduinoespressif32/tools/sdk/esp32s3/include/mdns/include -IC:/Users/playa/.platformio/packages/framework-arduinoespressif32/tools/sdk/esp32s3/include/esp_local_ctrl/include -IC:/Users/playa/.platformio/packages/framework-arduinoespressif32/tools/sdk/esp32s3/include/sdmmc/include -IC:/Users/playa/.platformio/packages/framework-arduinoespressif32/tools/sdk/esp32s3/include/esp_serial_slave_link/include -IC:/Users/playa/.platformio/packages/framework-arduinoespressif32/tools/sdk/esp32s3/include/esp_websocket_client/include -IC:/Users/playa/.platformio/packages/framework-arduinoespressif32/tools/sdk/esp32s3/include/expat/expat/expat/lib -IC:/Users/playa/.platformio/packages/framework-arduinoespressif32/tools/sdk/esp32s3/include/expat/port/include -IC:/Users/playa/.platformio/packages/framework-arduinoespressif32/tools/sdk/esp32s3/include/wear_levelling/include -IC:/Users/playa/.platformio/packages/framework-arduinoespressif32/tools/sdk/esp32s3/include/fatfs/diskio -IC:/Users/playa/.platformio/packages/framework-arduinoespressif32/tools/sdk/esp32s3/include/fatfs/vfs -IC:/Users/playa/.platformio/packages/framework-arduinoespressif32/tools/sdk/esp32s3/include/fatfs/src -IC:/Users/playa/.platformio/packages/framework-arduinoespressif32/tools/sdk/esp32s3/include/freemodbus/freemodbus/common/include -IC:/Users/playa/.platformio/packages/framework-arduinoespressif32/tools/sdk/esp32s3/include/idf_test/include -IC:/Users/playa/.platformio/packages/framework-arduinoespressif32/tools/sdk/esp32s3/include/idf_test/include/esp32s3 -IC:/Users/playa/.platformio/packages/framework-arduinoespressif32/tools/sdk/esp32s3/include/jsmn/include -IC:/Users/playa/.platformio/packages/framework-arduinoespressif32/tools/sdk/esp32s3/include/json/cJSON -IC:/Users/playa/.platformio/packages/framework-arduinoespressif32/tools/sdk/esp32s3/include/libsodium/libsodium/src/libsodium/include -IC:/Users/playa/.platformio/packages/framework-arduinoespressif32/tools/sdk/esp32s3/include/libsodium/port_include -IC:/Users/playa/.platformio/packages/framework-arduinoespressif32/tools/sdk/esp32s3/include/mqtt/esp-mqtt/include -IC:/Users/playa/.platformio/packages/framework-arduinoespressif32/tools/sdk/esp32s3/include/openssl/include -IC:/Users/playa/.platformio/packages/framework-arduinoespressif32/tools/sdk/esp32s3/include/perfmon/include -IC:/Users/playa/.platformio/packages/framework-arduinoespressif32/tools/sdk/esp32s3/include/spiffs/include -IC:/Users/playa/.platformio/packages/framework-arduinoespressif32/tools/sdk/esp32s3/include/usb/include -IC:/Users/playa/.platformio/packages/framework-arduinoespressif32/tools/sdk/esp32s3/include/ulp/include -IC:/Users/playa/.platformio/packages/framework-arduinoespressif32/tools/sdk/esp32s3/include/wifi_provisioning/include -IC:/Users/playa/.platformio/packages/framework-arduinoespressif32/tools/sdk/esp32s3/include/rmaker_common/include -IC:/Users/playa/.platformio/packages/framework-arduinoespressif32/tools/sdk/esp32s3/include/esp_diagnostics/include -IC:/Users/playa/.platformio/packages/framework-arduinoespressif32/tools/sdk/esp32s3/include/rtc_store/include -IC:/Users/playa/.platformio/packages/framework-arduinoespressif32/tools/sdk/esp32s3/include/esp_insights/include -IC:/Users/playa/.platformio/packages/framework-arduinoespressif32/tools/sdk/esp32s3/include/json_parser/upstream/include -IC:/Users/playa/.platformio/packages/framework-arduinoespressif32/tools/sdk/esp32s3/include/json_parser/upstream -IC:/Users/playa/.platformio/packages/framework-arduinoespressif32/tools/sdk/esp32s3/include/json_generator/upstream -IC:/Users/playa/.platformio/packages/framework-arduinoespressif32/tools/sdk/esp32s3/include/esp_schedule/include -IC:/Users/playa/.platformio/packages/framework-arduinoespressif32/tools/sdk/esp32s3/include/espressif__esp_secure_cert_mgr/include -IC:/Users/playa/.platformio/packages/framework-arduinoespressif32/tools/sdk/esp32s3/include/esp_rainmaker/include -IC:/Users/playa/.platformio/packages/framework-arduinoespressif32/tools/sdk/esp32s3/include/gpio_button/button/include -IC:/Users/playa/.platformio/packages/framework-arduinoespressif32/tools/sdk/esp32s3/include/qrcode/include -IC:/Users/playa/.platformio/packages/framework-arduinoespressif32/tools/sdk/esp32s3/include/ws2812_led -IC:/Users/playa/.platformio/packages/framework-arduinoespressif32/tools/sdk/esp32s3/include/freertos/include/freertos -IC:/Users/playa/.platformio/packages/framework-arduinoespressif32/tools/sdk/esp32s3/include/arduino_tinyusb/tinyusb/src -IC:/Users/playa/.platformio/packages/framework-arduinoespressif32/tools/sdk/esp32s3/include/arduino_tinyusb/include -IC:/Users/playa/.platformio/packages/framework-arduinoespressif32/tools/sdk/esp32s3/include/esp_littlefs/include -IC:/Users/playa/.platformio/packages/framework-arduinoespressif32/tools/sdk/esp32s3/include/esp-dl/include -IC:/Users/playa/.platformio/packages/framework-arduinoespressif32/tools/sdk/esp32s3/include/esp-dl/include/tool -IC:/Users/playa/.platformio/packages/framework-arduinoespressif32/tools/sdk/esp32s3/include/esp-dl/include/typedef -IC:/Users/playa/.platformio/packages/framework-arduinoespressif32/tools/sdk/esp32s3/include/esp-dl/include/image -IC:/Users/playa/.platformio/packages/framework-arduinoespressif32/tools/sdk/esp32s3/include/esp-dl/include/math -IC:/Users/playa/.platformio/packages/framework-arduinoespressif32/tools/sdk/esp32s3/include/esp-dl/include/nn -IC:/Users/playa/.platformio/packages/framework-arduinoespressif32/tools/sdk/esp32s3/include/esp-dl/include/layer -IC:/Users/playa/.platformio/packages/framework-arduinoespressif32/tools/sdk/esp32s3/include/esp-dl/include/detect -IC:/Users/playa/.platformio/packages/framework-arduinoespressif32/tools/sdk/esp32s3/include/esp-dl/include/model_zoo -IC:/Users/playa/.platformio/packages/framework-arduinoespressif32/tools/sdk/esp32s3/include/esp32-camera/driver/include -IC:/Users/playa/.platformio/packages/framework-arduinoespressif32/tools/sdk/esp32s3/include/esp32-camera/conversions/include -IC:/Users/playa/.platformio/packages/framework-arduinoespressif32/tools/sdk/esp32s3/include/espressif__esp-dsp/modules/dotprod/include -IC:/Users/playa/.platformio/packages/framework-arduinoespressif32/tools/sdk/esp32s3/include/espressif__esp-dsp/modules/support/include -IC:/Users/playa/.platformio/packages/framework-arduinoespressif32/tools/sdk/esp32s3/include/espressif__esp-dsp/modules/support/mem/include -IC:/Users/playa/.platformio/packages/framework-arduinoespressif32/tools/sdk/esp32s3/include/espressif__esp-dsp/modules/windows/include -IC:/Users/playa/.platformio/packages/framework-arduinoespressif32/tools/sdk/esp32s3/include/espressif__esp-dsp/modules/windows/hann/include -IC:/Users/playa/.platformio/packages/framework-arduinoespressif32/tools/sdk/esp32s3/include/espressif__esp-dsp/modules/windows/blackman/include -IC:/Users/playa/.platformio/packages/framework-arduinoespressif32/tools/sdk/esp32s3/include/espressif__esp-dsp/modules/windows/blackman_harris/include -IC:/Users/playa/.platformio/packages/framework-arduinoespressif32/tools/sdk/esp32s3/include/espressif__esp-dsp/modules/windows/blackman_nuttall/include -IC:/Users/playa/.platformio/packages/framework-arduinoespressif32/tools/sdk/esp32s3/include/espressif__esp-dsp/modules/windows/nuttall/include -IC:/Users/playa/.platformio/packages/framework-arduinoespressif32/tools/sdk/esp32s3/include/espressif__esp-dsp/modules/windows/flat_top/include -IC:/Users/playa/.platformio/packages/framework-arduinoespressif32/tools/sdk/esp32s3/include/espressif__esp-dsp/modules/iir/include -IC:/Users/playa/.platformio/packages/framework-arduinoespressif32/tools/sdk/esp32s3/include/espressif__esp-dsp/modules/fir/include -IC:/Users/playa/.platformio/packages/framework-arduinoespressif32/tools/sdk/esp32s3/include/espressif__esp-dsp/modules/math/include -IC:/Users/playa/.platformio/packages/framework-arduinoespressif32/tools/sdk/esp32s3/include/espressif__esp-dsp/modules/math/add/include -IC:/Users/playa/.platformio/packages/framework-arduinoespressif32/tools/sdk/esp32s3/include/espressif__esp-dsp/modules/math/sub/include -IC:/Users/playa/.platformio/packages/framework-arduinoespressif32/tools/sdk/esp32s3/include/espressif__esp-dsp/modules/math/mul/include -IC:/Users/playa/.platformio/packages/framework-arduinoespressif32/tools/sdk/esp32s3/include/espressif__esp-dsp/modules/math/addc/include -IC:/Users/playa/.platformio/packages/framework-arduinoespressif32/tools/sdk/esp32s3/include/espressif__esp-dsp/modules/math/mulc/include -IC:/Users/playa/.platformio/packages/framework-arduinoespressif32/tools/sdk/esp32s3/include/espressif__esp-dsp/modules/math/sqrt/include -IC:/Users/playa/.platformio/packages/framework-arduinoespressif32/tools/sdk/esp32s3/include/espressif__esp-dsp/modules/matrix/mul/include -IC:/Users/playa/.platformio/packages/framework-arduinoespressif32/tools/sdk/esp32s3/include/espressif__esp-dsp/modules/matrix/add/include -IC:/Users/playa/.platformio/packages/framework-arduinoespressif32/tools/sdk/esp32s3/include/espressif__esp-dsp/modules/matrix/addc/include -IC:/Users/playa/.platformio/packages/framework-arduinoespressif32/tools/sdk/esp32s3/include/espressif__esp-dsp/modules/matrix/mulc/include -IC:/Users/playa/.platformio/packages/framework-arduinoespressif32/tools/sdk/esp32s3/include/espressif__esp-dsp/modules/matrix/sub/include -IC:/Users/playa/.platformio/packages/framework-arduinoespressif32/tools/sdk/esp32s3/include/espressif__esp-dsp/modules/matrix/include -IC:/Users/playa/.platformio/packages/framework-arduinoespressif32/tools/sdk/esp32s3/include/espressif__esp-dsp/modules/fft/include -IC:/Users/playa/.platformio/packages/framework-arduinoespressif32/tools/sdk/esp32s3/include/espressif__esp-dsp/modules/dct/include -IC:/Users/playa/.platformio/packages/framework-arduinoespressif32/tools/sdk/esp32s3/include/espressif__esp-dsp/modules/conv/include -IC:/Users/playa/.platformio/packages/framework-arduinoespressif32/tools/sdk/esp32s3/include/espressif__esp-dsp/modules/common/include -IC:/Users/playa/.platformio/packages/framework-arduinoespressif32/tools/sdk/esp32s3/include/espressif__esp-dsp/modules/matrix/mul/test/include -IC:/Users/playa/.platformio/packages/framework-arduinoespressif32/tools/sdk/esp32s3/include/espressif__esp-dsp/modules/kalman/ekf/include -IC:/Users/playa/.platformio/packages/framework-arduinoespressif32/tools/sdk/esp32s3/include/espressif__esp-dsp/modules/kalman/ekf_imu13states/include -IC:/Users/playa/.platformio/packages/framework-arduinoespressif32/tools/sdk/esp32s3/include/fb_gfx/include -IC:/Users/playa/.platformio/packages/framework-arduinoespressif32/tools/sdk/esp32s3/qio_opi/include -IC:/Users/playa/.platformio/packages/framework-arduinoespressif32/cores/esp32 -IC:/Users/playa/.platformio/packages/framework-arduinoespressif32/variants/esp32s3 src/ui/ui.c
xtensa-esp32s3-elf-gcc @C:\Users\playa\OneDrive\Documents\PlatformIO\Projects\Display_Test\.pio\build\JC8048W550\tmpyp_e_h9z.tmp
Using tempfile C:\Users\playa\OneDrive\Documents\PlatformIO\Projects\Display_Test\.pio\build\JC8048W550\tmp7kfzm0cr.tmp for command line:
xtensa-esp32s3-elf-gcc -o .pio/build/JC8048W550/src/ui/ui_Screen1.c.o -c -std=gnu99 -Wno-old-style-declaration -Os -mlongcalls -ffunction-sections -fdata-sections -Wno-error=unused-function -Wno-error=unused-variable -Wno-error=deprecated-declarations -Wno-unused-parameter -Wno-sign-compare -ggdb -freorder-blocks -Wwrite-strings -fstack-protector -fstrict-volatile-bitfields -Wno-error=unused-but-set-variable -fno-jump-tables -fno-tree-switch-conversion -MMD -DPLATFORMIO=60118 "-D ARDUINO_ESP32S3_DEV" "-D BOARD_HAS_PSRAM" "-D ARDUINO_USB_MODE=1" "-D ARDUINO_RUNNING_CORE=1" "-D ARDUINO_EVENT_RUNNING_CORE=1" "-D ARDUINO_USB_CDC_ON_BOOT=0" "-D JC8048W550" "-D DISPLAY_WIDTH=800" "-D DISPLAY_HEIGHT=480" "-D DISPLAY_SOFTWARE_ROTATION" "-D LVGL_BUFFER_PIXELS=(DISPLAY_WIDTH*DISPLAY_HEIGHT)" "-D LVGL_BUFFER_MALLOC_FLAGS=(MALLOC_CAP_SPIRAM|MALLOC_CAP_8BIT)" "-D GPIO_BCKL=2" "-D DISPLAY_ST7262_PAR" "-D ST7262_PANEL_CONFIG_CLK_SRC=LCD_CLK_SRC_PLL160M" "-D ST7262_PANEL_CONFIG_TIMINGS_PCLK_HZ=(16*1000000)" "-D ST7262_PANEL_CONFIG_TIMINGS_H_RES=DISPLAY_WIDTH" "-D ST7262_PANEL_CONFIG_TIMINGS_V_RES=DISPLAY_HEIGHT" "-D ST7262_PANEL_CONFIG_TIMINGS_HSYNC_PULSE_WIDTH=4" "-D ST7262_PANEL_CONFIG_TIMINGS_HSYNC_BACK_PORCH=8" "-D ST7262_PANEL_CONFIG_TIMINGS_HSYNC_FRONT_PORCH=8" "-D ST7262_PANEL_CONFIG_TIMINGS_VSYNC_PULSE_WIDTH=4" "-D ST7262_PANEL_CONFIG_TIMINGS_VSYNC_BACK_PORCH=8" "-D ST7262_PANEL_CONFIG_TIMINGS_VSYNC_FRONT_PORCH=8" "-D ST7262_PANEL_CONFIG_TIMINGS_FLAGS_HSYNC_IDLE_LOW=false" "-D ST7262_PANEL_CONFIG_TIMINGS_FLAGS_VSYNC_IDLE_LOW=false" "-D ST7262_PANEL_CONFIG_TIMINGS_FLAGS_DE_IDLE_HIGH=false" "-D ST7262_PANEL_CONFIG_TIMINGS_FLAGS_PCLK_ACTIVE_NEG=true" "-D ST7262_PANEL_CONFIG_TIMINGS_FLAGS_PCLK_IDLE_HIGH=false" "-D ST7262_PANEL_CONFIG_DATA_WIDTH=16" "-D ST7262_PANEL_CONFIG_SRAM_TRANS_ALIGN=4" "-D ST7262_PANEL_CONFIG_PSRAM_TRANS_ALIGN=64" "-D ST7262_PANEL_CONFIG_HSYNC_GPIO_NUM=39" "-D ST7262_PANEL_CONFIG_VSYNC_GPIO_NUM=41" "-D ST7262_PANEL_CONFIG_DE_GPIO_NUM=40" "-D ST7262_PANEL_CONFIG_PCLK_GPIO_NUM=42" "-D ST7262_PANEL_CONFIG_DATA_GPIO_R0=8" "-D ST7262_PANEL_CONFIG_DATA_GPIO_R1=3" "-D ST7262_PANEL_CONFIG_DATA_GPIO_R2=46" "-D ST7262_PANEL_CONFIG_DATA_GPIO_R3=9" "-D ST7262_PANEL_CONFIG_DATA_GPIO_R4=1" "-D ST7262_PANEL_CONFIG_DATA_GPIO_G0=5" "-D ST7262_PANEL_CONFIG_DATA_GPIO_G1=6" "-D ST7262_PANEL_CONFIG_DATA_GPIO_G2=7" "-D ST7262_PANEL_CONFIG_DATA_GPIO_G3=15" "-D ST7262_PANEL_CONFIG_DATA_GPIO_G4=16" "-D ST7262_PANEL_CONFIG_DATA_GPIO_G5=4" "-D ST7262_PANEL_CONFIG_DATA_GPIO_B0=45" "-D ST7262_PANEL_CONFIG_DATA_GPIO_B1=48" "-D ST7262_PANEL_CONFIG_DATA_GPIO_B2=47" "-D ST7262_PANEL_CONFIG_DATA_GPIO_B3=21" "-D ST7262_PANEL_CONFIG_DATA_GPIO_B4=14" "-D ST7262_PANEL_CONFIG_DISP_GPIO_NUM=GPIO_NUM_NC" "-D ST7262_PANEL_CONFIG_FLAGS_DISP_ACTIVE_LOW=false" "-D ST7262_PANEL_CONFIG_FLAGS_RELAX_ON_IDLE=false" "-D ST7262_PANEL_CONFIG_FLAGS_FB_IN_PSRAM=true" "-D DISPLAY_SWAP_XY=false" "-D DISPLAY_MIRROR_X=false" "-D DISPLAY_MIRROR_Y=false" "-D BOARD_HAS_TOUCH" "-D CONFIG_ESP_LCD_TOUCH_MAX_POINTS=1" "-D CONFIG_ESP_LCD_TOUCH_MAX_BUTTONS=0" "-D TOUCH_GT911_I2C" "-D GT911_I2C_HOST=I2C_NUM_0" "-D GT911_I2C_CONFIG_SDA_IO_NUM=19" "-D GT911_I2C_CONFIG_SCL_IO_NUM=20" "-D GT911_I2C_CONFIG_SDA_PULLUP_EN=GPIO_PULLUP_DISABLE" "-D GT911_I2C_CONFIG_SCL_PULLUP_EN=GPIO_PULLUP_DISABLE" "-D GT911_I2C_CONFIG_MASTER_CLK_SPEED=400000" "-D GT911_I2C_CONFIG_CLK_FLAGS=I2C_SCLK_SRC_FLAG_FOR_NOMAL" "-D GT911_IO_I2C_CONFIG_DEV_ADDR=GT911_IO_I2C_CONFIG_DEV_ADDRESS_5D" "-D GT911_IO_I2C_CONFIG_CONTROL_PHASE_BYTES=1" "-D GT911_IO_I2C_CONFIG_DC_BIT_OFFSET=0" "-D GT911_IO_I2C_CONFIG_LCD_CMD_BITS=16" "-D GT911_IO_I2C_CONFIG_LCD_PARAM_BITS=0" "-D GT911_IO_I2C_CONFIG_FLAGS_DC_LOW_ON_DATA=false" "-D GT911_IO_I2C_CONFIG_FLAGS_DISABLE_CONTROL_PHASE=true" "-D GT911_TOUCH_CONFIG_X_MAX=DISPLAY_WIDTH" "-D GT911_TOUCH_CONFIG_Y_MAX=DISPLAY_HEIGHT" "-D GT911_TOUCH_CONFIG_RST_GPIO_NUM=38" "-D GT911_TOUCH_CONFIG_INT_GPIO_NUM=18" "-D GT911_TOUCH_CONFIG_LEVELS_RESET=0" "-D GT911_TOUCH_CONFIG_LEVELS_INTERRUPT=0" "-D TOUCH_SWAP_XY=false" "-D TOUCH_MIRROR_X=false" "-D TOUCH_MIRROR_Y=false" "-D BOARD_HAS_TF" "-D TF_CS=10" "-D TF_SPI_MOSI=11" "-D TF_SPI_SCLK=12" "-D TF_SPI_MISO=13" -DLV_USE_DRAW_SW_ASM=0 -DLV_CONF_INCLUDE_SIMPLE -DBOARD_HAS_PSRAM -DARDUINO_USB_MODE=1 -DESP_PLATFORM -DCONFIG_LCD_COLOR_FORMAT_RGB565=1 -DCONFIG_LCD_AUTO_FLUSH=1 -DCONFIG_SPIRAM_CACHE_WORKAROUND=1 -DHAVE_CONFIG_H -DMBEDTLS_CONFIG_FILE=\"mbedtls/esp_config.h\" -DUNITY_INCLUDE_CONFIG_H -DWITH_POSIX -D_GNU_SOURCE -DIDF_VER=\"v4.4.7-dirty\" -DESP_PLATFORM -D_POSIX_READER_WRITER_LOCKS -DARDUINO_ARCH_ESP32 -DESP32 -DF_CPU=240000000L -DARDUINO=10812 -DARDUINO_VARIANT=\"esp32s3\" -DARDUINO_BOARD=\"JC8048W550\" -DARDUINO_PARTITION_default -Iinclude -I.pio/libdeps/JC8048W550/TAMC_GT911 -IC:/Users/playa/.platformio/packages/framework-arduinoespressif32/libraries/Wire/src -I.pio/libdeps/JC8048W550/lvgl -I.pio/libdeps/JC8048W550/lvgl/src -IC:/Users/playa/.platformio/packages/framework-arduinoespressif32/libraries/SD/src -IC:/Users/playa/.platformio/packages/framework-arduinoespressif32/libraries/SPI/src -IC:/Users/playa/.platformio/packages/framework-arduinoespressif32/libraries/LittleFS/src -IC:/Users/playa/.platformio/packages/framework-arduinoespressif32/libraries/FS/src -Isrc -IC:/Users/playa/.platformio/packages/framework-arduinoespressif32/tools/sdk/esp32s3/include/newlib/platform_include -IC:/Users/playa/.platformio/packages/framework-arduinoespressif32/tools/sdk/esp32s3/include/freertos/include -IC:/Users/playa/.platformio/packages/framework-arduinoespressif32/tools/sdk/esp32s3/include/freertos/include/esp_additions/freertos -IC:/Users/playa/.platformio/packages/framework-arduinoespressif32/tools/sdk/esp32s3/include/freertos/port/xtensa/include -IC:/Users/playa/.platformio/packages/framework-arduinoespressif32/tools/sdk/esp32s3/include/freertos/include/esp_additions -IC:/Users/playa/.platformio/packages/framework-arduinoespressif32/tools/sdk/esp32s3/include/esp_hw_support/include -IC:/Users/playa/.platformio/packages/framework-arduinoespressif32/tools/sdk/esp32s3/include/esp_hw_support/include/soc -IC:/Users/playa/.platformio/packages/framework-arduinoespressif32/tools/sdk/esp32s3/include/esp_hw_support/include/soc/esp32s3 -IC:/Users/playa/.platformio/packages/framework-arduinoespressif32/tools/sdk/esp32s3/include/esp_hw_support/port/esp32s3 -IC:/Users/playa/.platformio/packages/framework-arduinoespressif32/tools/sdk/esp32s3/include/esp_hw_support/port/esp32s3/private_include -IC:/Users/playa/.platformio/packages/framework-arduinoespressif32/tools/sdk/esp32s3/include/heap/include -IC:/Users/playa/.platformio/packages/framework-arduinoespressif32/tools/sdk/esp32s3/include/log/include -IC:/Users/playa/.platformio/packages/framework-arduinoespressif32/tools/sdk/esp32s3/include/lwip/include/apps -IC:/Users/playa/.platformio/packages/framework-arduinoespressif32/tools/sdk/esp32s3/include/lwip/include/apps/sntp -IC:/Users/playa/.platformio/packages/framework-arduinoespressif32/tools/sdk/esp32s3/include/lwip/lwip/src/include -IC:/Users/playa/.platformio/packages/framework-arduinoespressif32/tools/sdk/esp32s3/include/lwip/port/esp32/include -IC:/Users/playa/.platformio/packages/framework-arduinoespressif32/tools/sdk/esp32s3/include/lwip/port/esp32/include/arch -IC:/Users/playa/.platformio/packages/framework-arduinoespressif32/tools/sdk/esp32s3/include/soc/include -IC:/Users/playa/.platformio/packages/framework-arduinoespressif32/tools/sdk/esp32s3/include/soc/esp32s3 -IC:/Users/playa/.platformio/packages/framework-arduinoespressif32/tools/sdk/esp32s3/include/soc/esp32s3/include -IC:/Users/playa/.platformio/packages/framework-arduinoespressif32/tools/sdk/esp32s3/include/hal/esp32s3/include -IC:/Users/playa/.platformio/packages/framework-arduinoespressif32/tools/sdk/esp32s3/include/hal/include -IC:/Users/playa/.platformio/packages/framework-arduinoespressif32/tools/sdk/esp32s3/include/hal/platform_port/include -IC:/Users/playa/.platformio/packages/framework-arduinoespressif32/tools/sdk/esp32s3/include/esp_rom/include -IC:/Users/playa/.platformio/packages/framework-arduinoespressif32/tools/sdk/esp32s3/include/esp_rom/include/esp32s3 -IC:/Users/playa/.platformio/packages/framework-arduinoespressif32/tools/sdk/esp32s3/include/esp_rom/esp32s3 -IC:/Users/playa/.platformio/packages/framework-arduinoespressif32/tools/sdk/esp32s3/include/esp_common/include -IC:/Users/playa/.platformio/packages/framework-arduinoespressif32/tools/sdk/esp32s3/include/esp_system/include -IC:/Users/playa/.platformio/packages/framework-arduinoespressif32/tools/sdk/esp32s3/include/esp_system/port/soc -IC:/Users/playa/.platformio/packages/framework-arduinoespressif32/tools/sdk/esp32s3/include/esp_system/port/public_compat -IC:/Users/playa/.platformio/packages/framework-arduinoespressif32/tools/sdk/esp32s3/include/xtensa/include -IC:/Users/playa/.platformio/packages/framework-arduinoespressif32/tools/sdk/esp32s3/include/xtensa/esp32s3/include -IC:/Users/playa/.platformio/packages/framework-arduinoespressif32/tools/sdk/esp32s3/include/driver/include -IC:/Users/playa/.platformio/packages/framework-arduinoespressif32/tools/sdk/esp32s3/include/driver/esp32s3/include -IC:/Users/playa/.platformio/packages/framework-arduinoespressif32/tools/sdk/esp32s3/include/esp_pm/include -IC:/Users/playa/.platformio/packages/framework-arduinoespressif32/tools/sdk/esp32s3/include/esp_ringbuf/include -IC:/Users/playa/.platformio/packages/framework-arduinoespressif32/tools/sdk/esp32s3/include/efuse/include -IC:/Users/playa/.platformio/packages/framework-arduinoespressif32/tools/sdk/esp32s3/include/efuse/esp32s3/include -IC:/Users/playa/.platformio/packages/framework-arduinoespressif32/tools/sdk/esp32s3/include/vfs/include -IC:/Users/playa/.platformio/packages/framework-arduinoespressif32/tools/sdk/esp32s3/include/esp_wifi/include -IC:/Users/playa/.platformio/packages/framework-arduinoespressif32/tools/sdk/esp32s3/include/esp_event/include -IC:/Users/playa/.platformio/packages/framework-arduinoespressif32/tools/sdk/esp32s3/include/esp_netif/include -IC:/Users/playa/.platformio/packages/framework-arduinoespressif32/tools/sdk/esp32s3/include/esp_eth/include -IC:/Users/playa/.platformio/packages/framework-arduinoespressif32/tools/sdk/esp32s3/include/tcpip_adapter/include -IC:/Users/playa/.platformio/packages/framework-arduinoespressif32/tools/sdk/esp32s3/include/esp_phy/include -IC:/Users/playa/.platformio/packages/framework-arduinoespressif32/tools/sdk/esp32s3/include/esp_phy/esp32s3/include -IC:/Users/playa/.platformio/packages/framework-arduinoespressif32/tools/sdk/esp32s3/include/esp_ipc/include -IC:/Users/playa/.platformio/packages/framework-arduinoespressif32/tools/sdk/esp32s3/include/app_trace/include -IC:/Users/playa/.platformio/packages/framework-arduinoespressif32/tools/sdk/esp32s3/include/esp_timer/include -IC:/Users/playa/.platformio/packages/framework-arduinoespressif32/tools/sdk/esp32s3/include/mbedtls/port/include -IC:/Users/playa/.platformio/packages/framework-arduinoespressif32/tools/sdk/esp32s3/include/mbedtls/mbedtls/include -IC:/Users/playa/.platformio/packages/framework-arduinoespressif32/tools/sdk/esp32s3/include/mbedtls/esp_crt_bundle/include -IC:/Users/playa/.platformio/packages/framework-arduinoespressif32/tools/sdk/esp32s3/include/app_update/include -IC:/Users/playa/.platformio/packages/framework-arduinoespressif32/tools/sdk/esp32s3/include/spi_flash/include -IC:/Users/playa/.platformio/packages/framework-arduinoespressif32/tools/sdk/esp32s3/include/bootloader_support/include -IC:/Users/playa/.platformio/packages/framework-arduinoespressif32/tools/sdk/esp32s3/include/nvs_flash/include -IC:/Users/playa/.platformio/packages/framework-arduinoespressif32/tools/sdk/esp32s3/include/pthread/include -IC:/Users/playa/.platformio/packages/framework-arduinoespressif32/tools/sdk/esp32s3/include/esp_gdbstub/include -IC:/Users/playa/.platformio/packages/framework-arduinoespressif32/tools/sdk/esp32s3/include/esp_gdbstub/xtensa -IC:/Users/playa/.platformio/packages/framework-arduinoespressif32/tools/sdk/esp32s3/include/esp_gdbstub/esp32s3 -IC:/Users/playa/.platformio/packages/framework-arduinoespressif32/tools/sdk/esp32s3/include/espcoredump/include -IC:/Users/playa/.platformio/packages/framework-arduinoespressif32/tools/sdk/esp32s3/include/espcoredump/include/port/xtensa -IC:/Users/playa/.platformio/packages/framework-arduinoespressif32/tools/sdk/esp32s3/include/wpa_supplicant/include -IC:/Users/playa/.platformio/packages/framework-arduinoespressif32/tools/sdk/esp32s3/include/wpa_supplicant/port/include -IC:/Users/playa/.platformio/packages/framework-arduinoespressif32/tools/sdk/esp32s3/include/wpa_supplicant/esp_supplicant/include -IC:/Users/playa/.platformio/packages/framework-arduinoespressif32/tools/sdk/esp32s3/include/ieee802154/include -IC:/Users/playa/.platformio/packages/framework-arduinoespressif32/tools/sdk/esp32s3/include/console -IC:/Users/playa/.platformio/packages/framework-arduinoespressif32/tools/sdk/esp32s3/include/asio/asio/asio/include -IC:/Users/playa/.platformio/packages/framework-arduinoespressif32/tools/sdk/esp32s3/include/asio/port/include -IC:/Users/playa/.platformio/packages/framework-arduinoespressif32/tools/sdk/esp32s3/include/bt/common/osi/include -IC:/Users/playa/.platformio/packages/framework-arduinoespressif32/tools/sdk/esp32s3/include/bt/include/esp32c3/include -IC:/Users/playa/.platformio/packages/framework-arduinoespressif32/tools/sdk/esp32s3/include/bt/common/api/include/api -IC:/Users/playa/.platformio/packages/framework-arduinoespressif32/tools/sdk/esp32s3/include/bt/common/btc/profile/esp/blufi/include -IC:/Users/playa/.platformio/packages/framework-arduinoespressif32/tools/sdk/esp32s3/include/bt/common/btc/profile/esp/include -IC:/Users/playa/.platformio/packages/framework-arduinoespressif32/tools/sdk/esp32s3/include/bt/host/bluedroid/api/include/api -IC:/Users/playa/.platformio/packages/framework-arduinoespressif32/tools/sdk/esp32s3/include/bt/esp_ble_mesh/mesh_common/include -IC:/Users/playa/.platformio/packages/framework-arduinoespressif32/tools/sdk/esp32s3/include/bt/esp_ble_mesh/mesh_common/tinycrypt/include -IC:/Users/playa/.platformio/packages/framework-arduinoespressif32/tools/sdk/esp32s3/include/bt/esp_ble_mesh/mesh_core -IC:/Users/playa/.platformio/packages/framework-arduinoespressif32/tools/sdk/esp32s3/include/bt/esp_ble_mesh/mesh_core/include -IC:/Users/playa/.platformio/packages/framework-arduinoespressif32/tools/sdk/esp32s3/include/bt/esp_ble_mesh/mesh_core/storage -IC:/Users/playa/.platformio/packages/framework-arduinoespressif32/tools/sdk/esp32s3/include/bt/esp_ble_mesh/btc/include -IC:/Users/playa/.platformio/packages/framework-arduinoespressif32/tools/sdk/esp32s3/include/bt/esp_ble_mesh/mesh_models/common/include -IC:/Users/playa/.platformio/packages/framework-arduinoespressif32/tools/sdk/esp32s3/include/bt/esp_ble_mesh/mesh_models/client/include -IC:/Users/playa/.platformio/packages/framework-arduinoespressif32/tools/sdk/esp32s3/include/bt/esp_ble_mesh/mesh_models/server/include -IC:/Users/playa/.platformio/packages/framework-arduinoespressif32/tools/sdk/esp32s3/include/bt/esp_ble_mesh/api/core/include -IC:/Users/playa/.platformio/packages/framework-arduinoespressif32/tools/sdk/esp32s3/include/bt/esp_ble_mesh/api/models/include -IC:/Users/playa/.platformio/packages/framework-arduinoespressif32/tools/sdk/esp32s3/include/bt/esp_ble_mesh/api -IC:/Users/playa/.platformio/packages/framework-arduinoespressif32/tools/sdk/esp32s3/include/cbor/port/include -IC:/Users/playa/.platformio/packages/framework-arduinoespressif32/tools/sdk/esp32s3/include/unity/include -IC:/Users/playa/.platformio/packages/framework-arduinoespressif32/tools/sdk/esp32s3/include/unity/unity/src -IC:/Users/playa/.platformio/packages/framework-arduinoespressif32/tools/sdk/esp32s3/include/cmock/CMock/src -IC:/Users/playa/.platformio/packages/framework-arduinoespressif32/tools/sdk/esp32s3/include/coap/port/include -IC:/Users/playa/.platformio/packages/framework-arduinoespressif32/tools/sdk/esp32s3/include/coap/libcoap/include -IC:/Users/playa/.platformio/packages/framework-arduinoespressif32/tools/sdk/esp32s3/include/nghttp/port/include -IC:/Users/playa/.platformio/packages/framework-arduinoespressif32/tools/sdk/esp32s3/include/nghttp/nghttp2/lib/includes -IC:/Users/playa/.platformio/packages/framework-arduinoespressif32/tools/sdk/esp32s3/include/esp-tls -IC:/Users/playa/.platformio/packages/framework-arduinoespressif32/tools/sdk/esp32s3/include/esp-tls/esp-tls-crypto -IC:/Users/playa/.platformio/packages/framework-arduinoespressif32/tools/sdk/esp32s3/include/esp_adc_cal/include -IC:/Users/playa/.platformio/packages/framework-arduinoespressif32/tools/sdk/esp32s3/include/esp_hid/include -IC:/Users/playa/.platformio/packages/framework-arduinoespressif32/tools/sdk/esp32s3/include/tcp_transport/include -IC:/Users/playa/.platformio/packages/framework-arduinoespressif32/tools/sdk/esp32s3/include/esp_http_client/include -IC:/Users/playa/.platformio/packages/framework-arduinoespressif32/tools/sdk/esp32s3/include/esp_http_server/include -IC:/Users/playa/.platformio/packages/framework-arduinoespressif32/tools/sdk/esp32s3/include/esp_https_ota/include -IC:/Users/playa/.platformio/packages/framework-arduinoespressif32/tools/sdk/esp32s3/include/esp_https_server/include -IC:/Users/playa/.platformio/packages/framework-arduinoespressif32/tools/sdk/esp32s3/include/esp_lcd/include -IC:/Users/playa/.platformio/packages/framework-arduinoespressif32/tools/sdk/esp32s3/include/esp_lcd/interface -IC:/Users/playa/.platformio/packages/framework-arduinoespressif32/tools/sdk/esp32s3/include/protobuf-c/protobuf-c -IC:/Users/playa/.platformio/packages/framework-arduinoespressif32/tools/sdk/esp32s3/include/protocomm/include/common -IC:/Users/playa/.platformio/packages/framework-arduinoespressif32/tools/sdk/esp32s3/include/protocomm/include/security -IC:/Users/playa/.platformio/packages/framework-arduinoespressif32/tools/sdk/esp32s3/include/protocomm/include/transports -IC:/Users/playa/.platformio/packages/framework-arduinoespressif32/tools/sdk/esp32s3/include/mdns/include -IC:/Users/playa/.platformio/packages/framework-arduinoespressif32/tools/sdk/esp32s3/include/esp_local_ctrl/include -IC:/Users/playa/.platformio/packages/framework-arduinoespressif32/tools/sdk/esp32s3/include/sdmmc/include -IC:/Users/playa/.platformio/packages/framework-arduinoespressif32/tools/sdk/esp32s3/include/esp_serial_slave_link/include -IC:/Users/playa/.platformio/packages/framework-arduinoespressif32/tools/sdk/esp32s3/include/esp_websocket_client/include -IC:/Users/playa/.platformio/packages/framework-arduinoespressif32/tools/sdk/esp32s3/include/expat/expat/expat/lib -IC:/Users/playa/.platformio/packages/framework-arduinoespressif32/tools/sdk/esp32s3/include/expat/port/include -IC:/Users/playa/.platformio/packages/framework-arduinoespressif32/tools/sdk/esp32s3/include/wear_levelling/include -IC:/Users/playa/.platformio/packages/framework-arduinoespressif32/tools/sdk/esp32s3/include/fatfs/diskio -IC:/Users/playa/.platformio/packages/framework-arduinoespressif32/tools/sdk/esp32s3/include/fatfs/vfs -IC:/Users/playa/.platformio/packages/framework-arduinoespressif32/tools/sdk/esp32s3/include/fatfs/src -IC:/Users/playa/.platformio/packages/framework-arduinoespressif32/tools/sdk/esp32s3/include/freemodbus/freemodbus/common/include -IC:/Users/playa/.platformio/packages/framework-arduinoespressif32/tools/sdk/esp32s3/include/idf_test/include -IC:/Users/playa/.platformio/packages/framework-arduinoespressif32/tools/sdk/esp32s3/include/idf_test/include/esp32s3 -IC:/Users/playa/.platformio/packages/framework-arduinoespressif32/tools/sdk/esp32s3/include/jsmn/include -IC:/Users/playa/.platformio/packages/framework-arduinoespressif32/tools/sdk/esp32s3/include/json/cJSON -IC:/Users/playa/.platformio/packages/framework-arduinoespressif32/tools/sdk/esp32s3/include/libsodium/libsodium/src/libsodium/include -IC:/Users/playa/.platformio/packages/framework-arduinoespressif32/tools/sdk/esp32s3/include/libsodium/port_include -IC:/Users/playa/.platformio/packages/framework-arduinoespressif32/tools/sdk/esp32s3/include/mqtt/esp-mqtt/include -IC:/Users/playa/.platformio/packages/framework-arduinoespressif32/tools/sdk/esp32s3/include/openssl/include -IC:/Users/playa/.platformio/packages/framework-arduinoespressif32/tools/sdk/esp32s3/include/perfmon/include -IC:/Users/playa/.platformio/packages/framework-arduinoespressif32/tools/sdk/esp32s3/include/spiffs/include -IC:/Users/playa/.platformio/packages/framework-arduinoespressif32/tools/sdk/esp32s3/include/usb/include -IC:/Users/playa/.platformio/packages/framework-arduinoespressif32/tools/sdk/esp32s3/include/ulp/include -IC:/Users/playa/.platformio/packages/framework-arduinoespressif32/tools/sdk/esp32s3/include/wifi_provisioning/include -IC:/Users/playa/.platformio/packages/framework-arduinoespressif32/tools/sdk/esp32s3/include/rmaker_common/include -IC:/Users/playa/.platformio/packages/framework-arduinoespressif32/tools/sdk/esp32s3/include/esp_diagnostics/include -IC:/Users/playa/.platformio/packages/framework-arduinoespressif32/tools/sdk/esp32s3/include/rtc_store/include -IC:/Users/playa/.platformio/packages/framework-arduinoespressif32/tools/sdk/esp32s3/include/esp_insights/include -IC:/Users/playa/.platformio/packages/framework-arduinoespressif32/tools/sdk/esp32s3/include/json_parser/upstream/include -IC:/Users/playa/.platformio/packages/framework-arduinoespressif32/tools/sdk/esp32s3/include/json_parser/upstream -IC:/Users/playa/.platformio/packages/framework-arduinoespressif32/tools/sdk/esp32s3/include/json_generator/upstream -IC:/Users/playa/.platformio/packages/framework-arduinoespressif32/tools/sdk/esp32s3/include/esp_schedule/include -IC:/Users/playa/.platformio/packages/framework-arduinoespressif32/tools/sdk/esp32s3/include/espressif__esp_secure_cert_mgr/include -IC:/Users/playa/.platformio/packages/framework-arduinoespressif32/tools/sdk/esp32s3/include/esp_rainmaker/include -IC:/Users/playa/.platformio/packages/framework-arduinoespressif32/tools/sdk/esp32s3/include/gpio_button/button/include -IC:/Users/playa/.platformio/packages/framework-arduinoespressif32/tools/sdk/esp32s3/include/qrcode/include -IC:/Users/playa/.platformio/packages/framework-arduinoespressif32/tools/sdk/esp32s3/include/ws2812_led -IC:/Users/playa/.platformio/packages/framework-arduinoespressif32/tools/sdk/esp32s3/include/freertos/include/freertos -IC:/Users/playa/.platformio/packages/framework-arduinoespressif32/tools/sdk/esp32s3/include/arduino_tinyusb/tinyusb/src -IC:/Users/playa/.platformio/packages/framework-arduinoespressif32/tools/sdk/esp32s3/include/arduino_tinyusb/include -IC:/Users/playa/.platformio/packages/framework-arduinoespressif32/tools/sdk/esp32s3/include/esp_littlefs/include -IC:/Users/playa/.platformio/packages/framework-arduinoespressif32/tools/sdk/esp32s3/include/esp-dl/include -IC:/Users/playa/.platformio/packages/framework-arduinoespressif32/tools/sdk/esp32s3/include/esp-dl/include/tool -IC:/Users/playa/.platformio/packages/framework-arduinoespressif32/tools/sdk/esp32s3/include/esp-dl/include/typedef -IC:/Users/playa/.platformio/packages/framework-arduinoespressif32/tools/sdk/esp32s3/include/esp-dl/include/image -IC:/Users/playa/.platformio/packages/framework-arduinoespressif32/tools/sdk/esp32s3/include/esp-dl/include/math -IC:/Users/playa/.platformio/packages/framework-arduinoespressif32/tools/sdk/esp32s3/include/esp-dl/include/nn -IC:/Users/playa/.platformio/packages/framework-arduinoespressif32/tools/sdk/esp32s3/include/esp-dl/include/layer -IC:/Users/playa/.platformio/packages/framework-arduinoespressif32/tools/sdk/esp32s3/include/esp-dl/include/detect -IC:/Users/playa/.platformio/packages/framework-arduinoespressif32/tools/sdk/esp32s3/include/esp-dl/include/model_zoo -IC:/Users/playa/.platformio/packages/framework-arduinoespressif32/tools/sdk/esp32s3/include/esp32-camera/driver/include -IC:/Users/playa/.platformio/packages/framework-arduinoespressif32/tools/sdk/esp32s3/include/esp32-camera/conversions/include -IC:/Users/playa/.platformio/packages/framework-arduinoespressif32/tools/sdk/esp32s3/include/espressif__esp-dsp/modules/dotprod/include -IC:/Users/playa/.platformio/packages/framework-arduinoespressif32/tools/sdk/esp32s3/include/espressif__esp-dsp/modules/support/include -IC:/Users/playa/.platformio/packages/framework-arduinoespressif32/tools/sdk/esp32s3/include/espressif__esp-dsp/modules/support/mem/include -IC:/Users/playa/.platformio/packages/framework-arduinoespressif32/tools/sdk/esp32s3/include/espressif__esp-dsp/modules/windows/include -IC:/Users/playa/.platformio/packages/framework-arduinoespressif32/tools/sdk/esp32s3/include/espressif__esp-dsp/modules/windows/hann/include -IC:/Users/playa/.platformio/packages/framework-arduinoespressif32/tools/sdk/esp32s3/include/espressif__esp-dsp/modules/windows/blackman/include -IC:/Users/playa/.platformio/packages/framework-arduinoespressif32/tools/sdk/esp32s3/include/espressif__esp-dsp/modules/windows/blackman_harris/include -IC:/Users/playa/.platformio/packages/framework-arduinoespressif32/tools/sdk/esp32s3/include/espressif__esp-dsp/modules/windows/blackman_nuttall/include -IC:/Users/playa/.platformio/packages/framework-arduinoespressif32/tools/sdk/esp32s3/include/espressif__esp-dsp/modules/windows/nuttall/include -IC:/Users/playa/.platformio/packages/framework-arduinoespressif32/tools/sdk/esp32s3/include/espressif__esp-dsp/modules/windows/flat_top/include -IC:/Users/playa/.platformio/packages/framework-arduinoespressif32/tools/sdk/esp32s3/include/espressif__esp-dsp/modules/iir/include -IC:/Users/playa/.platformio/packages/framework-arduinoespressif32/tools/sdk/esp32s3/include/espressif__esp-dsp/modules/fir/include -IC:/Users/playa/.platformio/packages/framework-arduinoespressif32/tools/sdk/esp32s3/include/espressif__esp-dsp/modules/math/include -IC:/Users/playa/.platformio/packages/framework-arduinoespressif32/tools/sdk/esp32s3/include/espressif__esp-dsp/modules/math/add/include -IC:/Users/playa/.platformio/packages/framework-arduinoespressif32/tools/sdk/esp32s3/include/espressif__esp-dsp/modules/math/sub/include -IC:/Users/playa/.platformio/packages/framework-arduinoespressif32/tools/sdk/esp32s3/include/espressif__esp-dsp/modules/math/mul/include -IC:/Users/playa/.platformio/packages/framework-arduinoespressif32/tools/sdk/esp32s3/include/espressif__esp-dsp/modules/math/addc/include -IC:/Users/playa/.platformio/packages/framework-arduinoespressif32/tools/sdk/esp32s3/include/espressif__esp-dsp/modules/math/mulc/include -IC:/Users/playa/.platformio/packages/framework-arduinoespressif32/tools/sdk/esp32s3/include/espressif__esp-dsp/modules/math/sqrt/include -IC:/Users/playa/.platformio/packages/framework-arduinoespressif32/tools/sdk/esp32s3/include/espressif__esp-dsp/modules/matrix/mul/include -IC:/Users/playa/.platformio/packages/framework-arduinoespressif32/tools/sdk/esp32s3/include/espressif__esp-dsp/modules/matrix/add/include -IC:/Users/playa/.platformio/packages/framework-arduinoespressif32/tools/sdk/esp32s3/include/espressif__esp-dsp/modules/matrix/addc/include -IC:/Users/playa/.platformio/packages/framework-arduinoespressif32/tools/sdk/esp32s3/include/espressif__esp-dsp/modules/matrix/mulc/include -IC:/Users/playa/.platformio/packages/framework-arduinoespressif32/tools/sdk/esp32s3/include/espressif__esp-dsp/modules/matrix/sub/include -IC:/Users/playa/.platformio/packages/framework-arduinoespressif32/tools/sdk/esp32s3/include/espressif__esp-dsp/modules/matrix/include -IC:/Users/playa/.platformio/packages/framework-arduinoespressif32/tools/sdk/esp32s3/include/espressif__esp-dsp/modules/fft/include -IC:/Users/playa/.platformio/packages/framework-arduinoespressif32/tools/sdk/esp32s3/include/espressif__esp-dsp/modules/dct/include -IC:/Users/playa/.platformio/packages/framework-arduinoespressif32/tools/sdk/esp32s3/include/espressif__esp-dsp/modules/conv/include -IC:/Users/playa/.platformio/packages/framework-arduinoespressif32/tools/sdk/esp32s3/include/espressif__esp-dsp/modules/common/include -IC:/Users/playa/.platformio/packages/framework-arduinoespressif32/tools/sdk/esp32s3/include/espressif__esp-dsp/modules/matrix/mul/test/include -IC:/Users/playa/.platformio/packages/framework-arduinoespressif32/tools/sdk/esp32s3/include/espressif__esp-dsp/modules/kalman/ekf/include -IC:/Users/playa/.platformio/packages/framework-arduinoespressif32/tools/sdk/esp32s3/include/espressif__esp-dsp/modules/kalman/ekf_imu13states/include -IC:/Users/playa/.platformio/packages/framework-arduinoespressif32/tools/sdk/esp32s3/include/fb_gfx/include -IC:/Users/playa/.platformio/packages/framework-arduinoespressif32/tools/sdk/esp32s3/qio_opi/include -IC:/Users/playa/.platformio/packages/framework-arduinoespressif32/cores/esp32 -IC:/Users/playa/.platformio/packages/framework-arduinoespressif32/variants/esp32s3 src/ui/ui_Screen1.c
xtensa-esp32s3-elf-gcc @C:\Users\playa\OneDrive\Documents\PlatformIO\Projects\Display_Test\.pio\build\JC8048W550\tmp7kfzm0cr.tmp
Using tempfile C:\Users\playa\OneDrive\Documents\PlatformIO\Projects\Display_Test\.pio\build\JC8048W550\tmpt_tkgyc4.tmp for command line:
xtensa-esp32s3-elf-gcc -o .pio/build/JC8048W550/src/ui/ui_helpers.c.o -c -std=gnu99 -Wno-old-style-declaration -Os -mlongcalls -ffunction-sections -fdata-sections -Wno-error=unused-function -Wno-error=unused-variable -Wno-error=deprecated-declarations -Wno-unused-parameter -Wno-sign-compare -ggdb -freorder-blocks -Wwrite-strings -fstack-protector -fstrict-volatile-bitfields -Wno-error=unused-but-set-variable -fno-jump-tables -fno-tree-switch-conversion -MMD -DPLATFORMIO=60118 "-D ARDUINO_ESP32S3_DEV" "-D BOARD_HAS_PSRAM" "-D ARDUINO_USB_MODE=1" "-D ARDUINO_RUNNING_CORE=1" "-D ARDUINO_EVENT_RUNNING_CORE=1" "-D ARDUINO_USB_CDC_ON_BOOT=0" "-D JC8048W550" "-D DISPLAY_WIDTH=800" "-D DISPLAY_HEIGHT=480" "-D DISPLAY_SOFTWARE_ROTATION" "-D LVGL_BUFFER_PIXELS=(DISPLAY_WIDTH*DISPLAY_HEIGHT)" "-D LVGL_BUFFER_MALLOC_FLAGS=(MALLOC_CAP_SPIRAM|MALLOC_CAP_8BIT)" "-D GPIO_BCKL=2" "-D DISPLAY_ST7262_PAR" "-D ST7262_PANEL_CONFIG_CLK_SRC=LCD_CLK_SRC_PLL160M" "-D ST7262_PANEL_CONFIG_TIMINGS_PCLK_HZ=(16*1000000)" "-D ST7262_PANEL_CONFIG_TIMINGS_H_RES=DISPLAY_WIDTH" "-D ST7262_PANEL_CONFIG_TIMINGS_V_RES=DISPLAY_HEIGHT" "-D ST7262_PANEL_CONFIG_TIMINGS_HSYNC_PULSE_WIDTH=4" "-D ST7262_PANEL_CONFIG_TIMINGS_HSYNC_BACK_PORCH=8" "-D ST7262_PANEL_CONFIG_TIMINGS_HSYNC_FRONT_PORCH=8" "-D ST7262_PANEL_CONFIG_TIMINGS_VSYNC_PULSE_WIDTH=4" "-D ST7262_PANEL_CONFIG_TIMINGS_VSYNC_BACK_PORCH=8" "-D ST7262_PANEL_CONFIG_TIMINGS_VSYNC_FRONT_PORCH=8" "-D ST7262_PANEL_CONFIG_TIMINGS_FLAGS_HSYNC_IDLE_LOW=false" "-D ST7262_PANEL_CONFIG_TIMINGS_FLAGS_VSYNC_IDLE_LOW=false" "-D ST7262_PANEL_CONFIG_TIMINGS_FLAGS_DE_IDLE_HIGH=false" "-D ST7262_PANEL_CONFIG_TIMINGS_FLAGS_PCLK_ACTIVE_NEG=true" "-D ST7262_PANEL_CONFIG_TIMINGS_FLAGS_PCLK_IDLE_HIGH=false" "-D ST7262_PANEL_CONFIG_DATA_WIDTH=16" "-D ST7262_PANEL_CONFIG_SRAM_TRANS_ALIGN=4" "-D ST7262_PANEL_CONFIG_PSRAM_TRANS_ALIGN=64" "-D ST7262_PANEL_CONFIG_HSYNC_GPIO_NUM=39" "-D ST7262_PANEL_CONFIG_VSYNC_GPIO_NUM=41" "-D ST7262_PANEL_CONFIG_DE_GPIO_NUM=40" "-D ST7262_PANEL_CONFIG_PCLK_GPIO_NUM=42" "-D ST7262_PANEL_CONFIG_DATA_GPIO_R0=8" "-D ST7262_PANEL_CONFIG_DATA_GPIO_R1=3" "-D ST7262_PANEL_CONFIG_DATA_GPIO_R2=46" "-D ST7262_PANEL_CONFIG_DATA_GPIO_R3=9" "-D ST7262_PANEL_CONFIG_DATA_GPIO_R4=1" "-D ST7262_PANEL_CONFIG_DATA_GPIO_G0=5" "-D ST7262_PANEL_CONFIG_DATA_GPIO_G1=6" "-D ST7262_PANEL_CONFIG_DATA_GPIO_G2=7" "-D ST7262_PANEL_CONFIG_DATA_GPIO_G3=15" "-D ST7262_PANEL_CONFIG_DATA_GPIO_G4=16" "-D ST7262_PANEL_CONFIG_DATA_GPIO_G5=4" "-D ST7262_PANEL_CONFIG_DATA_GPIO_B0=45" "-D ST7262_PANEL_CONFIG_DATA_GPIO_B1=48" "-D ST7262_PANEL_CONFIG_DATA_GPIO_B2=47" "-D ST7262_PANEL_CONFIG_DATA_GPIO_B3=21" "-D ST7262_PANEL_CONFIG_DATA_GPIO_B4=14" "-D ST7262_PANEL_CONFIG_DISP_GPIO_NUM=GPIO_NUM_NC" "-D ST7262_PANEL_CONFIG_FLAGS_DISP_ACTIVE_LOW=false" "-D ST7262_PANEL_CONFIG_FLAGS_RELAX_ON_IDLE=false" "-D ST7262_PANEL_CONFIG_FLAGS_FB_IN_PSRAM=true" "-D DISPLAY_SWAP_XY=false" "-D DISPLAY_MIRROR_X=false" "-D DISPLAY_MIRROR_Y=false" "-D BOARD_HAS_TOUCH" "-D CONFIG_ESP_LCD_TOUCH_MAX_POINTS=1" "-D CONFIG_ESP_LCD_TOUCH_MAX_BUTTONS=0" "-D TOUCH_GT911_I2C" "-D GT911_I2C_HOST=I2C_NUM_0" "-D GT911_I2C_CONFIG_SDA_IO_NUM=19" "-D GT911_I2C_CONFIG_SCL_IO_NUM=20" "-D GT911_I2C_CONFIG_SDA_PULLUP_EN=GPIO_PULLUP_DISABLE" "-D GT911_I2C_CONFIG_SCL_PULLUP_EN=GPIO_PULLUP_DISABLE" "-D GT911_I2C_CONFIG_MASTER_CLK_SPEED=400000" "-D GT911_I2C_CONFIG_CLK_FLAGS=I2C_SCLK_SRC_FLAG_FOR_NOMAL" "-D GT911_IO_I2C_CONFIG_DEV_ADDR=GT911_IO_I2C_CONFIG_DEV_ADDRESS_5D" "-D GT911_IO_I2C_CONFIG_CONTROL_PHASE_BYTES=1" "-D GT911_IO_I2C_CONFIG_DC_BIT_OFFSET=0" "-D GT911_IO_I2C_CONFIG_LCD_CMD_BITS=16" "-D GT911_IO_I2C_CONFIG_LCD_PARAM_BITS=0" "-D GT911_IO_I2C_CONFIG_FLAGS_DC_LOW_ON_DATA=false" "-D GT911_IO_I2C_CONFIG_FLAGS_DISABLE_CONTROL_PHASE=true" "-D GT911_TOUCH_CONFIG_X_MAX=DISPLAY_WIDTH" "-D GT911_TOUCH_CONFIG_Y_MAX=DISPLAY_HEIGHT" "-D GT911_TOUCH_CONFIG_RST_GPIO_NUM=38" "-D GT911_TOUCH_CONFIG_INT_GPIO_NUM=18" "-D GT911_TOUCH_CONFIG_LEVELS_RESET=0" "-D GT911_TOUCH_CONFIG_LEVELS_INTERRUPT=0" "-D TOUCH_SWAP_XY=false" "-D TOUCH_MIRROR_X=false" "-D TOUCH_MIRROR_Y=false" "-D BOARD_HAS_TF" "-D TF_CS=10" "-D TF_SPI_MOSI=11" "-D TF_SPI_SCLK=12" "-D TF_SPI_MISO=13" -DLV_USE_DRAW_SW_ASM=0 -DLV_CONF_INCLUDE_SIMPLE -DBOARD_HAS_PSRAM -DARDUINO_USB_MODE=1 -DESP_PLATFORM -DCONFIG_LCD_COLOR_FORMAT_RGB565=1 -DCONFIG_LCD_AUTO_FLUSH=1 -DCONFIG_SPIRAM_CACHE_WORKAROUND=1 -DHAVE_CONFIG_H -DMBEDTLS_CONFIG_FILE=\"mbedtls/esp_config.h\" -DUNITY_INCLUDE_CONFIG_H -DWITH_POSIX -D_GNU_SOURCE -DIDF_VER=\"v4.4.7-dirty\" -DESP_PLATFORM -D_POSIX_READER_WRITER_LOCKS -DARDUINO_ARCH_ESP32 -DESP32 -DF_CPU=240000000L -DARDUINO=10812 -DARDUINO_VARIANT=\"esp32s3\" -DARDUINO_BOARD=\"JC8048W550\" -DARDUINO_PARTITION_default -Iinclude -I.pio/libdeps/JC8048W550/TAMC_GT911 -IC:/Users/playa/.platformio/packages/framework-arduinoespressif32/libraries/Wire/src -I.pio/libdeps/JC8048W550/lvgl -I.pio/libdeps/JC8048W550/lvgl/src -IC:/Users/playa/.platformio/packages/framework-arduinoespressif32/libraries/SD/src -IC:/Users/playa/.platformio/packages/framework-arduinoespressif32/libraries/SPI/src -IC:/Users/playa/.platformio/packages/framework-arduinoespressif32/libraries/LittleFS/src -IC:/Users/playa/.platformio/packages/framework-arduinoespressif32/libraries/FS/src -Isrc -IC:/Users/playa/.platformio/packages/framework-arduinoespressif32/tools/sdk/esp32s3/include/newlib/platform_include -IC:/Users/playa/.platformio/packages/framework-arduinoespressif32/tools/sdk/esp32s3/include/freertos/include -IC:/Users/playa/.platformio/packages/framework-arduinoespressif32/tools/sdk/esp32s3/include/freertos/include/esp_additions/freertos -IC:/Users/playa/.platformio/packages/framework-arduinoespressif32/tools/sdk/esp32s3/include/freertos/port/xtensa/include -IC:/Users/playa/.platformio/packages/framework-arduinoespressif32/tools/sdk/esp32s3/include/freertos/include/esp_additions -IC:/Users/playa/.platformio/packages/framework-arduinoespressif32/tools/sdk/esp32s3/include/esp_hw_support/include -IC:/Users/playa/.platformio/packages/framework-arduinoespressif32/tools/sdk/esp32s3/include/esp_hw_support/include/soc -IC:/Users/playa/.platformio/packages/framework-arduinoespressif32/tools/sdk/esp32s3/include/esp_hw_support/include/soc/esp32s3 -IC:/Users/playa/.platformio/packages/framework-arduinoespressif32/tools/sdk/esp32s3/include/esp_hw_support/port/esp32s3 -IC:/Users/playa/.platformio/packages/framework-arduinoespressif32/tools/sdk/esp32s3/include/esp_hw_support/port/esp32s3/private_include -IC:/Users/playa/.platformio/packages/framework-arduinoespressif32/tools/sdk/esp32s3/include/heap/include -IC:/Users/playa/.platformio/packages/framework-arduinoespressif32/tools/sdk/esp32s3/include/log/include -IC:/Users/playa/.platformio/packages/framework-arduinoespressif32/tools/sdk/esp32s3/include/lwip/include/apps -IC:/Users/playa/.platformio/packages/framework-arduinoespressif32/tools/sdk/esp32s3/include/lwip/include/apps/sntp -IC:/Users/playa/.platformio/packages/framework-arduinoespressif32/tools/sdk/esp32s3/include/lwip/lwip/src/include -IC:/Users/playa/.platformio/packages/framework-arduinoespressif32/tools/sdk/esp32s3/include/lwip/port/esp32/include -IC:/Users/playa/.platformio/packages/framework-arduinoespressif32/tools/sdk/esp32s3/include/lwip/port/esp32/include/arch -IC:/Users/playa/.platformio/packages/framework-arduinoespressif32/tools/sdk/esp32s3/include/soc/include -IC:/Users/playa/.platformio/packages/framework-arduinoespressif32/tools/sdk/esp32s3/include/soc/esp32s3 -IC:/Users/playa/.platformio/packages/framework-arduinoespressif32/tools/sdk/esp32s3/include/soc/esp32s3/include -IC:/Users/playa/.platformio/packages/framework-arduinoespressif32/tools/sdk/esp32s3/include/hal/esp32s3/include -IC:/Users/playa/.platformio/packages/framework-arduinoespressif32/tools/sdk/esp32s3/include/hal/include -IC:/Users/playa/.platformio/packages/framework-arduinoespressif32/tools/sdk/esp32s3/include/hal/platform_port/include -IC:/Users/playa/.platformio/packages/framework-arduinoespressif32/tools/sdk/esp32s3/include/esp_rom/include -IC:/Users/playa/.platformio/packages/framework-arduinoespressif32/tools/sdk/esp32s3/include/esp_rom/include/esp32s3 -IC:/Users/playa/.platformio/packages/framework-arduinoespressif32/tools/sdk/esp32s3/include/esp_rom/esp32s3 -IC:/Users/playa/.platformio/packages/framework-arduinoespressif32/tools/sdk/esp32s3/include/esp_common/include -IC:/Users/playa/.platformio/packages/framework-arduinoespressif32/tools/sdk/esp32s3/include/esp_system/include -IC:/Users/playa/.platformio/packages/framework-arduinoespressif32/tools/sdk/esp32s3/include/esp_system/port/soc -IC:/Users/playa/.platformio/packages/framework-arduinoespressif32/tools/sdk/esp32s3/include/esp_system/port/public_compat -IC:/Users/playa/.platformio/packages/framework-arduinoespressif32/tools/sdk/esp32s3/include/xtensa/include -IC:/Users/playa/.platformio/packages/framework-arduinoespressif32/tools/sdk/esp32s3/include/xtensa/esp32s3/include -IC:/Users/playa/.platformio/packages/framework-arduinoespressif32/tools/sdk/esp32s3/include/driver/include -IC:/Users/playa/.platformio/packages/framework-arduinoespressif32/tools/sdk/esp32s3/include/driver/esp32s3/include -IC:/Users/playa/.platformio/packages/framework-arduinoespressif32/tools/sdk/esp32s3/include/esp_pm/include -IC:/Users/playa/.platformio/packages/framework-arduinoespressif32/tools/sdk/esp32s3/include/esp_ringbuf/include -IC:/Users/playa/.platformio/packages/framework-arduinoespressif32/tools/sdk/esp32s3/include/efuse/include -IC:/Users/playa/.platformio/packages/framework-arduinoespressif32/tools/sdk/esp32s3/include/efuse/esp32s3/include -IC:/Users/playa/.platformio/packages/framework-arduinoespressif32/tools/sdk/esp32s3/include/vfs/include -IC:/Users/playa/.platformio/packages/framework-arduinoespressif32/tools/sdk/esp32s3/include/esp_wifi/include -IC:/Users/playa/.platformio/packages/framework-arduinoespressif32/tools/sdk/esp32s3/include/esp_event/include -IC:/Users/playa/.platformio/packages/framework-arduinoespressif32/tools/sdk/esp32s3/include/esp_netif/include -IC:/Users/playa/.platformio/packages/framework-arduinoespressif32/tools/sdk/esp32s3/include/esp_eth/include -IC:/Users/playa/.platformio/packages/framework-arduinoespressif32/tools/sdk/esp32s3/include/tcpip_adapter/include -IC:/Users/playa/.platformio/packages/framework-arduinoespressif32/tools/sdk/esp32s3/include/esp_phy/include -IC:/Users/playa/.platformio/packages/framework-arduinoespressif32/tools/sdk/esp32s3/include/esp_phy/esp32s3/include -IC:/Users/playa/.platformio/packages/framework-arduinoespressif32/tools/sdk/esp32s3/include/esp_ipc/include -IC:/Users/playa/.platformio/packages/framework-arduinoespressif32/tools/sdk/esp32s3/include/app_trace/include -IC:/Users/playa/.platformio/packages/framework-arduinoespressif32/tools/sdk/esp32s3/include/esp_timer/include -IC:/Users/playa/.platformio/packages/framework-arduinoespressif32/tools/sdk/esp32s3/include/mbedtls/port/include -IC:/Users/playa/.platformio/packages/framework-arduinoespressif32/tools/sdk/esp32s3/include/mbedtls/mbedtls/include -IC:/Users/playa/.platformio/packages/framework-arduinoespressif32/tools/sdk/esp32s3/include/mbedtls/esp_crt_bundle/include -IC:/Users/playa/.platformio/packages/framework-arduinoespressif32/tools/sdk/esp32s3/include/app_update/include -IC:/Users/playa/.platformio/packages/framework-arduinoespressif32/tools/sdk/esp32s3/include/spi_flash/include -IC:/Users/playa/.platformio/packages/framework-arduinoespressif32/tools/sdk/esp32s3/include/bootloader_support/include -IC:/Users/playa/.platformio/packages/framework-arduinoespressif32/tools/sdk/esp32s3/include/nvs_flash/include -IC:/Users/playa/.platformio/packages/framework-arduinoespressif32/tools/sdk/esp32s3/include/pthread/include -IC:/Users/playa/.platformio/packages/framework-arduinoespressif32/tools/sdk/esp32s3/include/esp_gdbstub/include -IC:/Users/playa/.platformio/packages/framework-arduinoespressif32/tools/sdk/esp32s3/include/esp_gdbstub/xtensa -IC:/Users/playa/.platformio/packages/framework-arduinoespressif32/tools/sdk/esp32s3/include/esp_gdbstub/esp32s3 -IC:/Users/playa/.platformio/packages/framework-arduinoespressif32/tools/sdk/esp32s3/include/espcoredump/include -IC:/Users/playa/.platformio/packages/framework-arduinoespressif32/tools/sdk/esp32s3/include/espcoredump/include/port/xtensa -IC:/Users/playa/.platformio/packages/framework-arduinoespressif32/tools/sdk/esp32s3/include/wpa_supplicant/include -IC:/Users/playa/.platformio/packages/framework-arduinoespressif32/tools/sdk/esp32s3/include/wpa_supplicant/port/include -IC:/Users/playa/.platformio/packages/framework-arduinoespressif32/tools/sdk/esp32s3/include/wpa_supplicant/esp_supplicant/include -IC:/Users/playa/.platformio/packages/framework-arduinoespressif32/tools/sdk/esp32s3/include/ieee802154/include -IC:/Users/playa/.platformio/packages/framework-arduinoespressif32/tools/sdk/esp32s3/include/console -IC:/Users/playa/.platformio/packages/framework-arduinoespressif32/tools/sdk/esp32s3/include/asio/asio/asio/include -IC:/Users/playa/.platformio/packages/framework-arduinoespressif32/tools/sdk/esp32s3/include/asio/port/include -IC:/Users/playa/.platformio/packages/framework-arduinoespressif32/tools/sdk/esp32s3/include/bt/common/osi/include -IC:/Users/playa/.platformio/packages/framework-arduinoespressif32/tools/sdk/esp32s3/include/bt/include/esp32c3/include -IC:/Users/playa/.platformio/packages/framework-arduinoespressif32/tools/sdk/esp32s3/include/bt/common/api/include/api -IC:/Users/playa/.platformio/packages/framework-arduinoespressif32/tools/sdk/esp32s3/include/bt/common/btc/profile/esp/blufi/include -IC:/Users/playa/.platformio/packages/framework-arduinoespressif32/tools/sdk/esp32s3/include/bt/common/btc/profile/esp/include -IC:/Users/playa/.platformio/packages/framework-arduinoespressif32/tools/sdk/esp32s3/include/bt/host/bluedroid/api/include/api -IC:/Users/playa/.platformio/packages/framework-arduinoespressif32/tools/sdk/esp32s3/include/bt/esp_ble_mesh/mesh_common/include -IC:/Users/playa/.platformio/packages/framework-arduinoespressif32/tools/sdk/esp32s3/include/bt/esp_ble_mesh/mesh_common/tinycrypt/include -IC:/Users/playa/.platformio/packages/framework-arduinoespressif32/tools/sdk/esp32s3/include/bt/esp_ble_mesh/mesh_core -IC:/Users/playa/.platformio/packages/framework-arduinoespressif32/tools/sdk/esp32s3/include/bt/esp_ble_mesh/mesh_core/include -IC:/Users/playa/.platformio/packages/framework-arduinoespressif32/tools/sdk/esp32s3/include/bt/esp_ble_mesh/mesh_core/storage -IC:/Users/playa/.platformio/packages/framework-arduinoespressif32/tools/sdk/esp32s3/include/bt/esp_ble_mesh/btc/include -IC:/Users/playa/.platformio/packages/framework-arduinoespressif32/tools/sdk/esp32s3/include/bt/esp_ble_mesh/mesh_models/common/include -IC:/Users/playa/.platformio/packages/framework-arduinoespressif32/tools/sdk/esp32s3/include/bt/esp_ble_mesh/mesh_models/client/include -IC:/Users/playa/.platformio/packages/framework-arduinoespressif32/tools/sdk/esp32s3/include/bt/esp_ble_mesh/mesh_models/server/include -IC:/Users/playa/.platformio/packages/framework-arduinoespressif32/tools/sdk/esp32s3/include/bt/esp_ble_mesh/api/core/include -IC:/Users/playa/.platformio/packages/framework-arduinoespressif32/tools/sdk/esp32s3/include/bt/esp_ble_mesh/api/models/include -IC:/Users/playa/.platformio/packages/framework-arduinoespressif32/tools/sdk/esp32s3/include/bt/esp_ble_mesh/api -IC:/Users/playa/.platformio/packages/framework-arduinoespressif32/tools/sdk/esp32s3/include/cbor/port/include -IC:/Users/playa/.platformio/packages/framework-arduinoespressif32/tools/sdk/esp32s3/include/unity/include -IC:/Users/playa/.platformio/packages/framework-arduinoespressif32/tools/sdk/esp32s3/include/unity/unity/src -IC:/Users/playa/.platformio/packages/framework-arduinoespressif32/tools/sdk/esp32s3/include/cmock/CMock/src -IC:/Users/playa/.platformio/packages/framework-arduinoespressif32/tools/sdk/esp32s3/include/coap/port/include -IC:/Users/playa/.platformio/packages/framework-arduinoespressif32/tools/sdk/esp32s3/include/coap/libcoap/include -IC:/Users/playa/.platformio/packages/framework-arduinoespressif32/tools/sdk/esp32s3/include/nghttp/port/include -IC:/Users/playa/.platformio/packages/framework-arduinoespressif32/tools/sdk/esp32s3/include/nghttp/nghttp2/lib/includes -IC:/Users/playa/.platformio/packages/framework-arduinoespressif32/tools/sdk/esp32s3/include/esp-tls -IC:/Users/playa/.platformio/packages/framework-arduinoespressif32/tools/sdk/esp32s3/include/esp-tls/esp-tls-crypto -IC:/Users/playa/.platformio/packages/framework-arduinoespressif32/tools/sdk/esp32s3/include/esp_adc_cal/include -IC:/Users/playa/.platformio/packages/framework-arduinoespressif32/tools/sdk/esp32s3/include/esp_hid/include -IC:/Users/playa/.platformio/packages/framework-arduinoespressif32/tools/sdk/esp32s3/include/tcp_transport/include -IC:/Users/playa/.platformio/packages/framework-arduinoespressif32/tools/sdk/esp32s3/include/esp_http_client/include -IC:/Users/playa/.platformio/packages/framework-arduinoespressif32/tools/sdk/esp32s3/include/esp_http_server/include -IC:/Users/playa/.platformio/packages/framework-arduinoespressif32/tools/sdk/esp32s3/include/esp_https_ota/include -IC:/Users/playa/.platformio/packages/framework-arduinoespressif32/tools/sdk/esp32s3/include/esp_https_server/include -IC:/Users/playa/.platformio/packages/framework-arduinoespressif32/tools/sdk/esp32s3/include/esp_lcd/include -IC:/Users/playa/.platformio/packages/framework-arduinoespressif32/tools/sdk/esp32s3/include/esp_lcd/interface -IC:/Users/playa/.platformio/packages/framework-arduinoespressif32/tools/sdk/esp32s3/include/protobuf-c/protobuf-c -IC:/Users/playa/.platformio/packages/framework-arduinoespressif32/tools/sdk/esp32s3/include/protocomm/include/common -IC:/Users/playa/.platformio/packages/framework-arduinoespressif32/tools/sdk/esp32s3/include/protocomm/include/security -IC:/Users/playa/.platformio/packages/framework-arduinoespressif32/tools/sdk/esp32s3/include/protocomm/include/transports -IC:/Users/playa/.platformio/packages/framework-arduinoespressif32/tools/sdk/esp32s3/include/mdns/include -IC:/Users/playa/.platformio/packages/framework-arduinoespressif32/tools/sdk/esp32s3/include/esp_local_ctrl/include -IC:/Users/playa/.platformio/packages/framework-arduinoespressif32/tools/sdk/esp32s3/include/sdmmc/include -IC:/Users/playa/.platformio/packages/framework-arduinoespressif32/tools/sdk/esp32s3/include/esp_serial_slave_link/include -IC:/Users/playa/.platformio/packages/framework-arduinoespressif32/tools/sdk/esp32s3/include/esp_websocket_client/include -IC:/Users/playa/.platformio/packages/framework-arduinoespressif32/tools/sdk/esp32s3/include/expat/expat/expat/lib -IC:/Users/playa/.platformio/packages/framework-arduinoespressif32/tools/sdk/esp32s3/include/expat/port/include -IC:/Users/playa/.platformio/packages/framework-arduinoespressif32/tools/sdk/esp32s3/include/wear_levelling/include -IC:/Users/playa/.platformio/packages/framework-arduinoespressif32/tools/sdk/esp32s3/include/fatfs/diskio -IC:/Users/playa/.platformio/packages/framework-arduinoespressif32/tools/sdk/esp32s3/include/fatfs/vfs -IC:/Users/playa/.platformio/packages/framework-arduinoespressif32/tools/sdk/esp32s3/include/fatfs/src -IC:/Users/playa/.platformio/packages/framework-arduinoespressif32/tools/sdk/esp32s3/include/freemodbus/freemodbus/common/include -IC:/Users/playa/.platformio/packages/framework-arduinoespressif32/tools/sdk/esp32s3/include/idf_test/include -IC:/Users/playa/.platformio/packages/framework-arduinoespressif32/tools/sdk/esp32s3/include/idf_test/include/esp32s3 -IC:/Users/playa/.platformio/packages/framework-arduinoespressif32/tools/sdk/esp32s3/include/jsmn/include -IC:/Users/playa/.platformio/packages/framework-arduinoespressif32/tools/sdk/esp32s3/include/json/cJSON -IC:/Users/playa/.platformio/packages/framework-arduinoespressif32/tools/sdk/esp32s3/include/libsodium/libsodium/src/libsodium/include -IC:/Users/playa/.platformio/packages/framework-arduinoespressif32/tools/sdk/esp32s3/include/libsodium/port_include -IC:/Users/playa/.platformio/packages/framework-arduinoespressif32/tools/sdk/esp32s3/include/mqtt/esp-mqtt/include -IC:/Users/playa/.platformio/packages/framework-arduinoespressif32/tools/sdk/esp32s3/include/openssl/include -IC:/Users/playa/.platformio/packages/framework-arduinoespressif32/tools/sdk/esp32s3/include/perfmon/include -IC:/Users/playa/.platformio/packages/framework-arduinoespressif32/tools/sdk/esp32s3/include/spiffs/include -IC:/Users/playa/.platformio/packages/framework-arduinoespressif32/tools/sdk/esp32s3/include/usb/include -IC:/Users/playa/.platformio/packages/framework-arduinoespressif32/tools/sdk/esp32s3/include/ulp/include -IC:/Users/playa/.platformio/packages/framework-arduinoespressif32/tools/sdk/esp32s3/include/wifi_provisioning/include -IC:/Users/playa/.platformio/packages/framework-arduinoespressif32/tools/sdk/esp32s3/include/rmaker_common/include -IC:/Users/playa/.platformio/packages/framework-arduinoespressif32/tools/sdk/esp32s3/include/esp_diagnostics/include -IC:/Users/playa/.platformio/packages/framework-arduinoespressif32/tools/sdk/esp32s3/include/rtc_store/include -IC:/Users/playa/.platformio/packages/framework-arduinoespressif32/tools/sdk/esp32s3/include/esp_insights/include -IC:/Users/playa/.platformio/packages/framework-arduinoespressif32/tools/sdk/esp32s3/include/json_parser/upstream/include -IC:/Users/playa/.platformio/packages/framework-arduinoespressif32/tools/sdk/esp32s3/include/json_parser/upstream -IC:/Users/playa/.platformio/packages/framework-arduinoespressif32/tools/sdk/esp32s3/include/json_generator/upstream -IC:/Users/playa/.platformio/packages/framework-arduinoespressif32/tools/sdk/esp32s3/include/esp_schedule/include -IC:/Users/playa/.platformio/packages/framework-arduinoespressif32/tools/sdk/esp32s3/include/espressif__esp_secure_cert_mgr/include -IC:/Users/playa/.platformio/packages/framework-arduinoespressif32/tools/sdk/esp32s3/include/esp_rainmaker/include -IC:/Users/playa/.platformio/packages/framework-arduinoespressif32/tools/sdk/esp32s3/include/gpio_button/button/include -IC:/Users/playa/.platformio/packages/framework-arduinoespressif32/tools/sdk/esp32s3/include/qrcode/include -IC:/Users/playa/.platformio/packages/framework-arduinoespressif32/tools/sdk/esp32s3/include/ws2812_led -IC:/Users/playa/.platformio/packages/framework-arduinoespressif32/tools/sdk/esp32s3/include/freertos/include/freertos -IC:/Users/playa/.platformio/packages/framework-arduinoespressif32/tools/sdk/esp32s3/include/arduino_tinyusb/tinyusb/src -IC:/Users/playa/.platformio/packages/framework-arduinoespressif32/tools/sdk/esp32s3/include/arduino_tinyusb/include -IC:/Users/playa/.platformio/packages/framework-arduinoespressif32/tools/sdk/esp32s3/include/esp_littlefs/include -IC:/Users/playa/.platformio/packages/framework-arduinoespressif32/tools/sdk/esp32s3/include/esp-dl/include -IC:/Users/playa/.platformio/packages/framework-arduinoespressif32/tools/sdk/esp32s3/include/esp-dl/include/tool -IC:/Users/playa/.platformio/packages/framework-arduinoespressif32/tools/sdk/esp32s3/include/esp-dl/include/typedef -IC:/Users/playa/.platformio/packages/framework-arduinoespressif32/tools/sdk/esp32s3/include/esp-dl/include/image -IC:/Users/playa/.platformio/packages/framework-arduinoespressif32/tools/sdk/esp32s3/include/esp-dl/include/math -IC:/Users/playa/.platformio/packages/framework-arduinoespressif32/tools/sdk/esp32s3/include/esp-dl/include/nn -IC:/Users/playa/.platformio/packages/framework-arduinoespressif32/tools/sdk/esp32s3/include/esp-dl/include/layer -IC:/Users/playa/.platformio/packages/framework-arduinoespressif32/tools/sdk/esp32s3/include/esp-dl/include/detect -IC:/Users/playa/.platformio/packages/framework-arduinoespressif32/tools/sdk/esp32s3/include/esp-dl/include/model_zoo -IC:/Users/playa/.platformio/packages/framework-arduinoespressif32/tools/sdk/esp32s3/include/esp32-camera/driver/include -IC:/Users/playa/.platformio/packages/framework-arduinoespressif32/tools/sdk/esp32s3/include/esp32-camera/conversions/include -IC:/Users/playa/.platformio/packages/framework-arduinoespressif32/tools/sdk/esp32s3/include/espressif__esp-dsp/modules/dotprod/include -IC:/Users/playa/.platformio/packages/framework-arduinoespressif32/tools/sdk/esp32s3/include/espressif__esp-dsp/modules/support/include -IC:/Users/playa/.platformio/packages/framework-arduinoespressif32/tools/sdk/esp32s3/include/espressif__esp-dsp/modules/support/mem/include -IC:/Users/playa/.platformio/packages/framework-arduinoespressif32/tools/sdk/esp32s3/include/espressif__esp-dsp/modules/windows/include -IC:/Users/playa/.platformio/packages/framework-arduinoespressif32/tools/sdk/esp32s3/include/espressif__esp-dsp/modules/windows/hann/include -IC:/Users/playa/.platformio/packages/framework-arduinoespressif32/tools/sdk/esp32s3/include/espressif__esp-dsp/modules/windows/blackman/include -IC:/Users/playa/.platformio/packages/framework-arduinoespressif32/tools/sdk/esp32s3/include/espressif__esp-dsp/modules/windows/blackman_harris/include -IC:/Users/playa/.platformio/packages/framework-arduinoespressif32/tools/sdk/esp32s3/include/espressif__esp-dsp/modules/windows/blackman_nuttall/include -IC:/Users/playa/.platformio/packages/framework-arduinoespressif32/tools/sdk/esp32s3/include/espressif__esp-dsp/modules/windows/nuttall/include -IC:/Users/playa/.platformio/packages/framework-arduinoespressif32/tools/sdk/esp32s3/include/espressif__esp-dsp/modules/windows/flat_top/include -IC:/Users/playa/.platformio/packages/framework-arduinoespressif32/tools/sdk/esp32s3/include/espressif__esp-dsp/modules/iir/include -IC:/Users/playa/.platformio/packages/framework-arduinoespressif32/tools/sdk/esp32s3/include/espressif__esp-dsp/modules/fir/include -IC:/Users/playa/.platformio/packages/framework-arduinoespressif32/tools/sdk/esp32s3/include/espressif__esp-dsp/modules/math/include -IC:/Users/playa/.platformio/packages/framework-arduinoespressif32/tools/sdk/esp32s3/include/espressif__esp-dsp/modules/math/add/include -IC:/Users/playa/.platformio/packages/framework-arduinoespressif32/tools/sdk/esp32s3/include/espressif__esp-dsp/modules/math/sub/include -IC:/Users/playa/.platformio/packages/framework-arduinoespressif32/tools/sdk/esp32s3/include/espressif__esp-dsp/modules/math/mul/include -IC:/Users/playa/.platformio/packages/framework-arduinoespressif32/tools/sdk/esp32s3/include/espressif__esp-dsp/modules/math/addc/include -IC:/Users/playa/.platformio/packages/framework-arduinoespressif32/tools/sdk/esp32s3/include/espressif__esp-dsp/modules/math/mulc/include -IC:/Users/playa/.platformio/packages/framework-arduinoespressif32/tools/sdk/esp32s3/include/espressif__esp-dsp/modules/math/sqrt/include -IC:/Users/playa/.platformio/packages/framework-arduinoespressif32/tools/sdk/esp32s3/include/espressif__esp-dsp/modules/matrix/mul/include -IC:/Users/playa/.platformio/packages/framework-arduinoespressif32/tools/sdk/esp32s3/include/espressif__esp-dsp/modules/matrix/add/include -IC:/Users/playa/.platformio/packages/framework-arduinoespressif32/tools/sdk/esp32s3/include/espressif__esp-dsp/modules/matrix/addc/include -IC:/Users/playa/.platformio/packages/framework-arduinoespressif32/tools/sdk/esp32s3/include/espressif__esp-dsp/modules/matrix/mulc/include -IC:/Users/playa/.platformio/packages/framework-arduinoespressif32/tools/sdk/esp32s3/include/espressif__esp-dsp/modules/matrix/sub/include -IC:/Users/playa/.platformio/packages/framework-arduinoespressif32/tools/sdk/esp32s3/include/espressif__esp-dsp/modules/matrix/include -IC:/Users/playa/.platformio/packages/framework-arduinoespressif32/tools/sdk/esp32s3/include/espressif__esp-dsp/modules/fft/include -IC:/Users/playa/.platformio/packages/framework-arduinoespressif32/tools/sdk/esp32s3/include/espressif__esp-dsp/modules/dct/include -IC:/Users/playa/.platformio/packages/framework-arduinoespressif32/tools/sdk/esp32s3/include/espressif__esp-dsp/modules/conv/include -IC:/Users/playa/.platformio/packages/framework-arduinoespressif32/tools/sdk/esp32s3/include/espressif__esp-dsp/modules/common/include -IC:/Users/playa/.platformio/packages/framework-arduinoespressif32/tools/sdk/esp32s3/include/espressif__esp-dsp/modules/matrix/mul/test/include -IC:/Users/playa/.platformio/packages/framework-arduinoespressif32/tools/sdk/esp32s3/include/espressif__esp-dsp/modules/kalman/ekf/include -IC:/Users/playa/.platformio/packages/framework-arduinoespressif32/tools/sdk/esp32s3/include/espressif__esp-dsp/modules/kalman/ekf_imu13states/include -IC:/Users/playa/.platformio/packages/framework-arduinoespressif32/tools/sdk/esp32s3/include/fb_gfx/include -IC:/Users/playa/.platformio/packages/framework-arduinoespressif32/tools/sdk/esp32s3/qio_opi/include -IC:/Users/playa/.platformio/packages/framework-arduinoespressif32/cores/esp32 -IC:/Users/playa/.platformio/packages/framework-arduinoespressif32/variants/esp32s3 src/ui/ui_helpers.c
xtensa-esp32s3-elf-gcc @C:\Users\playa\OneDrive\Documents\PlatformIO\Projects\Display_Test\.pio\build\JC8048W550\tmpt_tkgyc4.tmp
Using tempfile C:\Users\playa\OneDrive\Documents\PlatformIO\Projects\Display_Test\.pio\build\JC8048W550\tmprs85no9y.tmp for command line:
xtensa-esp32s3-elf-gcc -o .pio/build/JC8048W550/src/ui/ui_comp_hook.c.o -c -std=gnu99 -Wno-old-style-declaration -Os -mlongcalls -ffunction-sections -fdata-sections -Wno-error=unused-function -Wno-error=unused-variable -Wno-error=deprecated-declarations -Wno-unused-parameter -Wno-sign-compare -ggdb -freorder-blocks -Wwrite-strings -fstack-protector -fstrict-volatile-bitfields -Wno-error=unused-but-set-variable -fno-jump-tables -fno-tree-switch-conversion -MMD -DPLATFORMIO=60118 "-D ARDUINO_ESP32S3_DEV" "-D BOARD_HAS_PSRAM" "-D ARDUINO_USB_MODE=1" "-D ARDUINO_RUNNING_CORE=1" "-D ARDUINO_EVENT_RUNNING_CORE=1" "-D ARDUINO_USB_CDC_ON_BOOT=0" "-D JC8048W550" "-D DISPLAY_WIDTH=800" "-D DISPLAY_HEIGHT=480" "-D DISPLAY_SOFTWARE_ROTATION" "-D LVGL_BUFFER_PIXELS=(DISPLAY_WIDTH*DISPLAY_HEIGHT)" "-D LVGL_BUFFER_MALLOC_FLAGS=(MALLOC_CAP_SPIRAM|MALLOC_CAP_8BIT)" "-D GPIO_BCKL=2" "-D DISPLAY_ST7262_PAR" "-D ST7262_PANEL_CONFIG_CLK_SRC=LCD_CLK_SRC_PLL160M" "-D ST7262_PANEL_CONFIG_TIMINGS_PCLK_HZ=(16*1000000)" "-D ST7262_PANEL_CONFIG_TIMINGS_H_RES=DISPLAY_WIDTH" "-D ST7262_PANEL_CONFIG_TIMINGS_V_RES=DISPLAY_HEIGHT" "-D ST7262_PANEL_CONFIG_TIMINGS_HSYNC_PULSE_WIDTH=4" "-D ST7262_PANEL_CONFIG_TIMINGS_HSYNC_BACK_PORCH=8" "-D ST7262_PANEL_CONFIG_TIMINGS_HSYNC_FRONT_PORCH=8" "-D ST7262_PANEL_CONFIG_TIMINGS_VSYNC_PULSE_WIDTH=4" "-D ST7262_PANEL_CONFIG_TIMINGS_VSYNC_BACK_PORCH=8" "-D ST7262_PANEL_CONFIG_TIMINGS_VSYNC_FRONT_PORCH=8" "-D ST7262_PANEL_CONFIG_TIMINGS_FLAGS_HSYNC_IDLE_LOW=false" "-D ST7262_PANEL_CONFIG_TIMINGS_FLAGS_VSYNC_IDLE_LOW=false" "-D ST7262_PANEL_CONFIG_TIMINGS_FLAGS_DE_IDLE_HIGH=false" "-D ST7262_PANEL_CONFIG_TIMINGS_FLAGS_PCLK_ACTIVE_NEG=true" "-D ST7262_PANEL_CONFIG_TIMINGS_FLAGS_PCLK_IDLE_HIGH=false" "-D ST7262_PANEL_CONFIG_DATA_WIDTH=16" "-D ST7262_PANEL_CONFIG_SRAM_TRANS_ALIGN=4" "-D ST7262_PANEL_CONFIG_PSRAM_TRANS_ALIGN=64" "-D ST7262_PANEL_CONFIG_HSYNC_GPIO_NUM=39" "-D ST7262_PANEL_CONFIG_VSYNC_GPIO_NUM=41" "-D ST7262_PANEL_CONFIG_DE_GPIO_NUM=40" "-D ST7262_PANEL_CONFIG_PCLK_GPIO_NUM=42" "-D ST7262_PANEL_CONFIG_DATA_GPIO_R0=8" "-D ST7262_PANEL_CONFIG_DATA_GPIO_R1=3" "-D ST7262_PANEL_CONFIG_DATA_GPIO_R2=46" "-D ST7262_PANEL_CONFIG_DATA_GPIO_R3=9" "-D ST7262_PANEL_CONFIG_DATA_GPIO_R4=1" "-D ST7262_PANEL_CONFIG_DATA_GPIO_G0=5" "-D ST7262_PANEL_CONFIG_DATA_GPIO_G1=6" "-D ST7262_PANEL_CONFIG_DATA_GPIO_G2=7" "-D ST7262_PANEL_CONFIG_DATA_GPIO_G3=15" "-D ST7262_PANEL_CONFIG_DATA_GPIO_G4=16" "-D ST7262_PANEL_CONFIG_DATA_GPIO_G5=4" "-D ST7262_PANEL_CONFIG_DATA_GPIO_B0=45" "-D ST7262_PANEL_CONFIG_DATA_GPIO_B1=48" "-D ST7262_PANEL_CONFIG_DATA_GPIO_B2=47" "-D ST7262_PANEL_CONFIG_DATA_GPIO_B3=21" "-D ST7262_PANEL_CONFIG_DATA_GPIO_B4=14" "-D ST7262_PANEL_CONFIG_DISP_GPIO_NUM=GPIO_NUM_NC" "-D ST7262_PANEL_CONFIG_FLAGS_DISP_ACTIVE_LOW=false" "-D ST7262_PANEL_CONFIG_FLAGS_RELAX_ON_IDLE=false" "-D ST7262_PANEL_CONFIG_FLAGS_FB_IN_PSRAM=true" "-D DISPLAY_SWAP_XY=false" "-D DISPLAY_MIRROR_X=false" "-D DISPLAY_MIRROR_Y=false" "-D BOARD_HAS_TOUCH" "-D CONFIG_ESP_LCD_TOUCH_MAX_POINTS=1" "-D CONFIG_ESP_LCD_TOUCH_MAX_BUTTONS=0" "-D TOUCH_GT911_I2C" "-D GT911_I2C_HOST=I2C_NUM_0" "-D GT911_I2C_CONFIG_SDA_IO_NUM=19" "-D GT911_I2C_CONFIG_SCL_IO_NUM=20" "-D GT911_I2C_CONFIG_SDA_PULLUP_EN=GPIO_PULLUP_DISABLE" "-D GT911_I2C_CONFIG_SCL_PULLUP_EN=GPIO_PULLUP_DISABLE" "-D GT911_I2C_CONFIG_MASTER_CLK_SPEED=400000" "-D GT911_I2C_CONFIG_CLK_FLAGS=I2C_SCLK_SRC_FLAG_FOR_NOMAL" "-D GT911_IO_I2C_CONFIG_DEV_ADDR=GT911_IO_I2C_CONFIG_DEV_ADDRESS_5D" "-D GT911_IO_I2C_CONFIG_CONTROL_PHASE_BYTES=1" "-D GT911_IO_I2C_CONFIG_DC_BIT_OFFSET=0" "-D GT911_IO_I2C_CONFIG_LCD_CMD_BITS=16" "-D GT911_IO_I2C_CONFIG_LCD_PARAM_BITS=0" "-D GT911_IO_I2C_CONFIG_FLAGS_DC_LOW_ON_DATA=false" "-D GT911_IO_I2C_CONFIG_FLAGS_DISABLE_CONTROL_PHASE=true" "-D GT911_TOUCH_CONFIG_X_MAX=DISPLAY_WIDTH" "-D GT911_TOUCH_CONFIG_Y_MAX=DISPLAY_HEIGHT" "-D GT911_TOUCH_CONFIG_RST_GPIO_NUM=38" "-D GT911_TOUCH_CONFIG_INT_GPIO_NUM=18" "-D GT911_TOUCH_CONFIG_LEVELS_RESET=0" "-D GT911_TOUCH_CONFIG_LEVELS_INTERRUPT=0" "-D TOUCH_SWAP_XY=false" "-D TOUCH_MIRROR_X=false" "-D TOUCH_MIRROR_Y=false" "-D BOARD_HAS_TF" "-D TF_CS=10" "-D TF_SPI_MOSI=11" "-D TF_SPI_SCLK=12" "-D TF_SPI_MISO=13" -DLV_USE_DRAW_SW_ASM=0 -DLV_CONF_INCLUDE_SIMPLE -DBOARD_HAS_PSRAM -DARDUINO_USB_MODE=1 -DESP_PLATFORM -DCONFIG_LCD_COLOR_FORMAT_RGB565=1 -DCONFIG_LCD_AUTO_FLUSH=1 -DCONFIG_SPIRAM_CACHE_WORKAROUND=1 -DHAVE_CONFIG_H -DMBEDTLS_CONFIG_FILE=\"mbedtls/esp_config.h\" -DUNITY_INCLUDE_CONFIG_H -DWITH_POSIX -D_GNU_SOURCE -DIDF_VER=\"v4.4.7-dirty\" -DESP_PLATFORM -D_POSIX_READER_WRITER_LOCKS -DARDUINO_ARCH_ESP32 -DESP32 -DF_CPU=240000000L -DARDUINO=10812 -DARDUINO_VARIANT=\"esp32s3\" -DARDUINO_BOARD=\"JC8048W550\" -DARDUINO_PARTITION_default -Iinclude -I.pio/libdeps/JC8048W550/TAMC_GT911 -IC:/Users/playa/.platformio/packages/framework-arduinoespressif32/libraries/Wire/src -I.pio/libdeps/JC8048W550/lvgl -I.pio/libdeps/JC8048W550/lvgl/src -IC:/Users/playa/.platformio/packages/framework-arduinoespressif32/libraries/SD/src -IC:/Users/playa/.platformio/packages/framework-arduinoespressif32/libraries/SPI/src -IC:/Users/playa/.platformio/packages/framework-arduinoespressif32/libraries/LittleFS/src -IC:/Users/playa/.platformio/packages/framework-arduinoespressif32/libraries/FS/src -Isrc -IC:/Users/playa/.platformio/packages/framework-arduinoespressif32/tools/sdk/esp32s3/include/newlib/platform_include -IC:/Users/playa/.platformio/packages/framework-arduinoespressif32/tools/sdk/esp32s3/include/freertos/include -IC:/Users/playa/.platformio/packages/framework-arduinoespressif32/tools/sdk/esp32s3/include/freertos/include/esp_additions/freertos -IC:/Users/playa/.platformio/packages/framework-arduinoespressif32/tools/sdk/esp32s3/include/freertos/port/xtensa/include -IC:/Users/playa/.platformio/packages/framework-arduinoespressif32/tools/sdk/esp32s3/include/freertos/include/esp_additions -IC:/Users/playa/.platformio/packages/framework-arduinoespressif32/tools/sdk/esp32s3/include/esp_hw_support/include -IC:/Users/playa/.platformio/packages/framework-arduinoespressif32/tools/sdk/esp32s3/include/esp_hw_support/include/soc -IC:/Users/playa/.platformio/packages/framework-arduinoespressif32/tools/sdk/esp32s3/include/esp_hw_support/include/soc/esp32s3 -IC:/Users/playa/.platformio/packages/framework-arduinoespressif32/tools/sdk/esp32s3/include/esp_hw_support/port/esp32s3 -IC:/Users/playa/.platformio/packages/framework-arduinoespressif32/tools/sdk/esp32s3/include/esp_hw_support/port/esp32s3/private_include -IC:/Users/playa/.platformio/packages/framework-arduinoespressif32/tools/sdk/esp32s3/include/heap/include -IC:/Users/playa/.platformio/packages/framework-arduinoespressif32/tools/sdk/esp32s3/include/log/include -IC:/Users/playa/.platformio/packages/framework-arduinoespressif32/tools/sdk/esp32s3/include/lwip/include/apps -IC:/Users/playa/.platformio/packages/framework-arduinoespressif32/tools/sdk/esp32s3/include/lwip/include/apps/sntp -IC:/Users/playa/.platformio/packages/framework-arduinoespressif32/tools/sdk/esp32s3/include/lwip/lwip/src/include -IC:/Users/playa/.platformio/packages/framework-arduinoespressif32/tools/sdk/esp32s3/include/lwip/port/esp32/include -IC:/Users/playa/.platformio/packages/framework-arduinoespressif32/tools/sdk/esp32s3/include/lwip/port/esp32/include/arch -IC:/Users/playa/.platformio/packages/framework-arduinoespressif32/tools/sdk/esp32s3/include/soc/include -IC:/Users/playa/.platformio/packages/framework-arduinoespressif32/tools/sdk/esp32s3/include/soc/esp32s3 -IC:/Users/playa/.platformio/packages/framework-arduinoespressif32/tools/sdk/esp32s3/include/soc/esp32s3/include -IC:/Users/playa/.platformio/packages/framework-arduinoespressif32/tools/sdk/esp32s3/include/hal/esp32s3/include -IC:/Users/playa/.platformio/packages/framework-arduinoespressif32/tools/sdk/esp32s3/include/hal/include -IC:/Users/playa/.platformio/packages/framework-arduinoespressif32/tools/sdk/esp32s3/include/hal/platform_port/include -IC:/Users/playa/.platformio/packages/framework-arduinoespressif32/tools/sdk/esp32s3/include/esp_rom/include -IC:/Users/playa/.platformio/packages/framework-arduinoespressif32/tools/sdk/esp32s3/include/esp_rom/include/esp32s3 -IC:/Users/playa/.platformio/packages/framework-arduinoespressif32/tools/sdk/esp32s3/include/esp_rom/esp32s3 -IC:/Users/playa/.platformio/packages/framework-arduinoespressif32/tools/sdk/esp32s3/include/esp_common/include -IC:/Users/playa/.platformio/packages/framework-arduinoespressif32/tools/sdk/esp32s3/include/esp_system/include -IC:/Users/playa/.platformio/packages/framework-arduinoespressif32/tools/sdk/esp32s3/include/esp_system/port/soc -IC:/Users/playa/.platformio/packages/framework-arduinoespressif32/tools/sdk/esp32s3/include/esp_system/port/public_compat -IC:/Users/playa/.platformio/packages/framework-arduinoespressif32/tools/sdk/esp32s3/include/xtensa/include -IC:/Users/playa/.platformio/packages/framework-arduinoespressif32/tools/sdk/esp32s3/include/xtensa/esp32s3/include -IC:/Users/playa/.platformio/packages/framework-arduinoespressif32/tools/sdk/esp32s3/include/driver/include -IC:/Users/playa/.platformio/packages/framework-arduinoespressif32/tools/sdk/esp32s3/include/driver/esp32s3/include -IC:/Users/playa/.platformio/packages/framework-arduinoespressif32/tools/sdk/esp32s3/include/esp_pm/include -IC:/Users/playa/.platformio/packages/framework-arduinoespressif32/tools/sdk/esp32s3/include/esp_ringbuf/include -IC:/Users/playa/.platformio/packages/framework-arduinoespressif32/tools/sdk/esp32s3/include/efuse/include -IC:/Users/playa/.platformio/packages/framework-arduinoespressif32/tools/sdk/esp32s3/include/efuse/esp32s3/include -IC:/Users/playa/.platformio/packages/framework-arduinoespressif32/tools/sdk/esp32s3/include/vfs/include -IC:/Users/playa/.platformio/packages/framework-arduinoespressif32/tools/sdk/esp32s3/include/esp_wifi/include -IC:/Users/playa/.platformio/packages/framework-arduinoespressif32/tools/sdk/esp32s3/include/esp_event/include -IC:/Users/playa/.platformio/packages/framework-arduinoespressif32/tools/sdk/esp32s3/include/esp_netif/include -IC:/Users/playa/.platformio/packages/framework-arduinoespressif32/tools/sdk/esp32s3/include/esp_eth/include -IC:/Users/playa/.platformio/packages/framework-arduinoespressif32/tools/sdk/esp32s3/include/tcpip_adapter/include -IC:/Users/playa/.platformio/packages/framework-arduinoespressif32/tools/sdk/esp32s3/include/esp_phy/include -IC:/Users/playa/.platformio/packages/framework-arduinoespressif32/tools/sdk/esp32s3/include/esp_phy/esp32s3/include -IC:/Users/playa/.platformio/packages/framework-arduinoespressif32/tools/sdk/esp32s3/include/esp_ipc/include -IC:/Users/playa/.platformio/packages/framework-arduinoespressif32/tools/sdk/esp32s3/include/app_trace/include -IC:/Users/playa/.platformio/packages/framework-arduinoespressif32/tools/sdk/esp32s3/include/esp_timer/include -IC:/Users/playa/.platformio/packages/framework-arduinoespressif32/tools/sdk/esp32s3/include/mbedtls/port/include -IC:/Users/playa/.platformio/packages/framework-arduinoespressif32/tools/sdk/esp32s3/include/mbedtls/mbedtls/include -IC:/Users/playa/.platformio/packages/framework-arduinoespressif32/tools/sdk/esp32s3/include/mbedtls/esp_crt_bundle/include -IC:/Users/playa/.platformio/packages/framework-arduinoespressif32/tools/sdk/esp32s3/include/app_update/include -IC:/Users/playa/.platformio/packages/framework-arduinoespressif32/tools/sdk/esp32s3/include/spi_flash/include -IC:/Users/playa/.platformio/packages/framework-arduinoespressif32/tools/sdk/esp32s3/include/bootloader_support/include -IC:/Users/playa/.platformio/packages/framework-arduinoespressif32/tools/sdk/esp32s3/include/nvs_flash/include -IC:/Users/playa/.platformio/packages/framework-arduinoespressif32/tools/sdk/esp32s3/include/pthread/include -IC:/Users/playa/.platformio/packages/framework-arduinoespressif32/tools/sdk/esp32s3/include/esp_gdbstub/include -IC:/Users/playa/.platformio/packages/framework-arduinoespressif32/tools/sdk/esp32s3/include/esp_gdbstub/xtensa -IC:/Users/playa/.platformio/packages/framework-arduinoespressif32/tools/sdk/esp32s3/include/esp_gdbstub/esp32s3 -IC:/Users/playa/.platformio/packages/framework-arduinoespressif32/tools/sdk/esp32s3/include/espcoredump/include -IC:/Users/playa/.platformio/packages/framework-arduinoespressif32/tools/sdk/esp32s3/include/espcoredump/include/port/xtensa -IC:/Users/playa/.platformio/packages/framework-arduinoespressif32/tools/sdk/esp32s3/include/wpa_supplicant/include -IC:/Users/playa/.platformio/packages/framework-arduinoespressif32/tools/sdk/esp32s3/include/wpa_supplicant/port/include -IC:/Users/playa/.platformio/packages/framework-arduinoespressif32/tools/sdk/esp32s3/include/wpa_supplicant/esp_supplicant/include -IC:/Users/playa/.platformio/packages/framework-arduinoespressif32/tools/sdk/esp32s3/include/ieee802154/include -IC:/Users/playa/.platformio/packages/framework-arduinoespressif32/tools/sdk/esp32s3/include/console -IC:/Users/playa/.platformio/packages/framework-arduinoespressif32/tools/sdk/esp32s3/include/asio/asio/asio/include -IC:/Users/playa/.platformio/packages/framework-arduinoespressif32/tools/sdk/esp32s3/include/asio/port/include -IC:/Users/playa/.platformio/packages/framework-arduinoespressif32/tools/sdk/esp32s3/include/bt/common/osi/include -IC:/Users/playa/.platformio/packages/framework-arduinoespressif32/tools/sdk/esp32s3/include/bt/include/esp32c3/include -IC:/Users/playa/.platformio/packages/framework-arduinoespressif32/tools/sdk/esp32s3/include/bt/common/api/include/api -IC:/Users/playa/.platformio/packages/framework-arduinoespressif32/tools/sdk/esp32s3/include/bt/common/btc/profile/esp/blufi/include -IC:/Users/playa/.platformio/packages/framework-arduinoespressif32/tools/sdk/esp32s3/include/bt/common/btc/profile/esp/include -IC:/Users/playa/.platformio/packages/framework-arduinoespressif32/tools/sdk/esp32s3/include/bt/host/bluedroid/api/include/api -IC:/Users/playa/.platformio/packages/framework-arduinoespressif32/tools/sdk/esp32s3/include/bt/esp_ble_mesh/mesh_common/include -IC:/Users/playa/.platformio/packages/framework-arduinoespressif32/tools/sdk/esp32s3/include/bt/esp_ble_mesh/mesh_common/tinycrypt/include -IC:/Users/playa/.platformio/packages/framework-arduinoespressif32/tools/sdk/esp32s3/include/bt/esp_ble_mesh/mesh_core -IC:/Users/playa/.platformio/packages/framework-arduinoespressif32/tools/sdk/esp32s3/include/bt/esp_ble_mesh/mesh_core/include -IC:/Users/playa/.platformio/packages/framework-arduinoespressif32/tools/sdk/esp32s3/include/bt/esp_ble_mesh/mesh_core/storage -IC:/Users/playa/.platformio/packages/framework-arduinoespressif32/tools/sdk/esp32s3/include/bt/esp_ble_mesh/btc/include -IC:/Users/playa/.platformio/packages/framework-arduinoespressif32/tools/sdk/esp32s3/include/bt/esp_ble_mesh/mesh_models/common/include -IC:/Users/playa/.platformio/packages/framework-arduinoespressif32/tools/sdk/esp32s3/include/bt/esp_ble_mesh/mesh_models/client/include -IC:/Users/playa/.platformio/packages/framework-arduinoespressif32/tools/sdk/esp32s3/include/bt/esp_ble_mesh/mesh_models/server/include -IC:/Users/playa/.platformio/packages/framework-arduinoespressif32/tools/sdk/esp32s3/include/bt/esp_ble_mesh/api/core/include -IC:/Users/playa/.platformio/packages/framework-arduinoespressif32/tools/sdk/esp32s3/include/bt/esp_ble_mesh/api/models/include -IC:/Users/playa/.platformio/packages/framework-arduinoespressif32/tools/sdk/esp32s3/include/bt/esp_ble_mesh/api -IC:/Users/playa/.platformio/packages/framework-arduinoespressif32/tools/sdk/esp32s3/include/cbor/port/include -IC:/Users/playa/.platformio/packages/framework-arduinoespressif32/tools/sdk/esp32s3/include/unity/include -IC:/Users/playa/.platformio/packages/framework-arduinoespressif32/tools/sdk/esp32s3/include/unity/unity/src -IC:/Users/playa/.platformio/packages/framework-arduinoespressif32/tools/sdk/esp32s3/include/cmock/CMock/src -IC:/Users/playa/.platformio/packages/framework-arduinoespressif32/tools/sdk/esp32s3/include/coap/port/include -IC:/Users/playa/.platformio/packages/framework-arduinoespressif32/tools/sdk/esp32s3/include/coap/libcoap/include -IC:/Users/playa/.platformio/packages/framework-arduinoespressif32/tools/sdk/esp32s3/include/nghttp/port/include -IC:/Users/playa/.platformio/packages/framework-arduinoespressif32/tools/sdk/esp32s3/include/nghttp/nghttp2/lib/includes -IC:/Users/playa/.platformio/packages/framework-arduinoespressif32/tools/sdk/esp32s3/include/esp-tls -IC:/Users/playa/.platformio/packages/framework-arduinoespressif32/tools/sdk/esp32s3/include/esp-tls/esp-tls-crypto -IC:/Users/playa/.platformio/packages/framework-arduinoespressif32/tools/sdk/esp32s3/include/esp_adc_cal/include -IC:/Users/playa/.platformio/packages/framework-arduinoespressif32/tools/sdk/esp32s3/include/esp_hid/include -IC:/Users/playa/.platformio/packages/framework-arduinoespressif32/tools/sdk/esp32s3/include/tcp_transport/include -IC:/Users/playa/.platformio/packages/framework-arduinoespressif32/tools/sdk/esp32s3/include/esp_http_client/include -IC:/Users/playa/.platformio/packages/framework-arduinoespressif32/tools/sdk/esp32s3/include/esp_http_server/include -IC:/Users/playa/.platformio/packages/framework-arduinoespressif32/tools/sdk/esp32s3/include/esp_https_ota/include -IC:/Users/playa/.platformio/packages/framework-arduinoespressif32/tools/sdk/esp32s3/include/esp_https_server/include -IC:/Users/playa/.platformio/packages/framework-arduinoespressif32/tools/sdk/esp32s3/include/esp_lcd/include -IC:/Users/playa/.platformio/packages/framework-arduinoespressif32/tools/sdk/esp32s3/include/esp_lcd/interface -IC:/Users/playa/.platformio/packages/framework-arduinoespressif32/tools/sdk/esp32s3/include/protobuf-c/protobuf-c -IC:/Users/playa/.platformio/packages/framework-arduinoespressif32/tools/sdk/esp32s3/include/protocomm/include/common -IC:/Users/playa/.platformio/packages/framework-arduinoespressif32/tools/sdk/esp32s3/include/protocomm/include/security -IC:/Users/playa/.platformio/packages/framework-arduinoespressif32/tools/sdk/esp32s3/include/protocomm/include/transports -IC:/Users/playa/.platformio/packages/framework-arduinoespressif32/tools/sdk/esp32s3/include/mdns/include -IC:/Users/playa/.platformio/packages/framework-arduinoespressif32/tools/sdk/esp32s3/include/esp_local_ctrl/include -IC:/Users/playa/.platformio/packages/framework-arduinoespressif32/tools/sdk/esp32s3/include/sdmmc/include -IC:/Users/playa/.platformio/packages/framework-arduinoespressif32/tools/sdk/esp32s3/include/esp_serial_slave_link/include -IC:/Users/playa/.platformio/packages/framework-arduinoespressif32/tools/sdk/esp32s3/include/esp_websocket_client/include -IC:/Users/playa/.platformio/packages/framework-arduinoespressif32/tools/sdk/esp32s3/include/expat/expat/expat/lib -IC:/Users/playa/.platformio/packages/framework-arduinoespressif32/tools/sdk/esp32s3/include/expat/port/include -IC:/Users/playa/.platformio/packages/framework-arduinoespressif32/tools/sdk/esp32s3/include/wear_levelling/include -IC:/Users/playa/.platformio/packages/framework-arduinoespressif32/tools/sdk/esp32s3/include/fatfs/diskio -IC:/Users/playa/.platformio/packages/framework-arduinoespressif32/tools/sdk/esp32s3/include/fatfs/vfs -IC:/Users/playa/.platformio/packages/framework-arduinoespressif32/tools/sdk/esp32s3/include/fatfs/src -IC:/Users/playa/.platformio/packages/framework-arduinoespressif32/tools/sdk/esp32s3/include/freemodbus/freemodbus/common/include -IC:/Users/playa/.platformio/packages/framework-arduinoespressif32/tools/sdk/esp32s3/include/idf_test/include -IC:/Users/playa/.platformio/packages/framework-arduinoespressif32/tools/sdk/esp32s3/include/idf_test/include/esp32s3 -IC:/Users/playa/.platformio/packages/framework-arduinoespressif32/tools/sdk/esp32s3/include/jsmn/include -IC:/Users/playa/.platformio/packages/framework-arduinoespressif32/tools/sdk/esp32s3/include/json/cJSON -IC:/Users/playa/.platformio/packages/framework-arduinoespressif32/tools/sdk/esp32s3/include/libsodium/libsodium/src/libsodium/include -IC:/Users/playa/.platformio/packages/framework-arduinoespressif32/tools/sdk/esp32s3/include/libsodium/port_include -IC:/Users/playa/.platformio/packages/framework-arduinoespressif32/tools/sdk/esp32s3/include/mqtt/esp-mqtt/include -IC:/Users/playa/.platformio/packages/framework-arduinoespressif32/tools/sdk/esp32s3/include/openssl/include -IC:/Users/playa/.platformio/packages/framework-arduinoespressif32/tools/sdk/esp32s3/include/perfmon/include -IC:/Users/playa/.platformio/packages/framework-arduinoespressif32/tools/sdk/esp32s3/include/spiffs/include -IC:/Users/playa/.platformio/packages/framework-arduinoespressif32/tools/sdk/esp32s3/include/usb/include -IC:/Users/playa/.platformio/packages/framework-arduinoespressif32/tools/sdk/esp32s3/include/ulp/include -IC:/Users/playa/.platformio/packages/framework-arduinoespressif32/tools/sdk/esp32s3/include/wifi_provisioning/include -IC:/Users/playa/.platformio/packages/framework-arduinoespressif32/tools/sdk/esp32s3/include/rmaker_common/include -IC:/Users/playa/.platformio/packages/framework-arduinoespressif32/tools/sdk/esp32s3/include/esp_diagnostics/include -IC:/Users/playa/.platformio/packages/framework-arduinoespressif32/tools/sdk/esp32s3/include/rtc_store/include -IC:/Users/playa/.platformio/packages/framework-arduinoespressif32/tools/sdk/esp32s3/include/esp_insights/include -IC:/Users/playa/.platformio/packages/framework-arduinoespressif32/tools/sdk/esp32s3/include/json_parser/upstream/include -IC:/Users/playa/.platformio/packages/framework-arduinoespressif32/tools/sdk/esp32s3/include/json_parser/upstream -IC:/Users/playa/.platformio/packages/framework-arduinoespressif32/tools/sdk/esp32s3/include/json_generator/upstream -IC:/Users/playa/.platformio/packages/framework-arduinoespressif32/tools/sdk/esp32s3/include/esp_schedule/include -IC:/Users/playa/.platformio/packages/framework-arduinoespressif32/tools/sdk/esp32s3/include/espressif__esp_secure_cert_mgr/include -IC:/Users/playa/.platformio/packages/framework-arduinoespressif32/tools/sdk/esp32s3/include/esp_rainmaker/include -IC:/Users/playa/.platformio/packages/framework-arduinoespressif32/tools/sdk/esp32s3/include/gpio_button/button/include -IC:/Users/playa/.platformio/packages/framework-arduinoespressif32/tools/sdk/esp32s3/include/qrcode/include -IC:/Users/playa/.platformio/packages/framework-arduinoespressif32/tools/sdk/esp32s3/include/ws2812_led -IC:/Users/playa/.platformio/packages/framework-arduinoespressif32/tools/sdk/esp32s3/include/freertos/include/freertos -IC:/Users/playa/.platformio/packages/framework-arduinoespressif32/tools/sdk/esp32s3/include/arduino_tinyusb/tinyusb/src -IC:/Users/playa/.platformio/packages/framework-arduinoespressif32/tools/sdk/esp32s3/include/arduino_tinyusb/include -IC:/Users/playa/.platformio/packages/framework-arduinoespressif32/tools/sdk/esp32s3/include/esp_littlefs/include -IC:/Users/playa/.platformio/packages/framework-arduinoespressif32/tools/sdk/esp32s3/include/esp-dl/include -IC:/Users/playa/.platformio/packages/framework-arduinoespressif32/tools/sdk/esp32s3/include/esp-dl/include/tool -IC:/Users/playa/.platformio/packages/framework-arduinoespressif32/tools/sdk/esp32s3/include/esp-dl/include/typedef -IC:/Users/playa/.platformio/packages/framework-arduinoespressif32/tools/sdk/esp32s3/include/esp-dl/include/image -IC:/Users/playa/.platformio/packages/framework-arduinoespressif32/tools/sdk/esp32s3/include/esp-dl/include/math -IC:/Users/playa/.platformio/packages/framework-arduinoespressif32/tools/sdk/esp32s3/include/esp-dl/include/nn -IC:/Users/playa/.platformio/packages/framework-arduinoespressif32/tools/sdk/esp32s3/include/esp-dl/include/layer -IC:/Users/playa/.platformio/packages/framework-arduinoespressif32/tools/sdk/esp32s3/include/esp-dl/include/detect -IC:/Users/playa/.platformio/packages/framework-arduinoespressif32/tools/sdk/esp32s3/include/esp-dl/include/model_zoo -IC:/Users/playa/.platformio/packages/framework-arduinoespressif32/tools/sdk/esp32s3/include/esp32-camera/driver/include -IC:/Users/playa/.platformio/packages/framework-arduinoespressif32/tools/sdk/esp32s3/include/esp32-camera/conversions/include -IC:/Users/playa/.platformio/packages/framework-arduinoespressif32/tools/sdk/esp32s3/include/espressif__esp-dsp/modules/dotprod/include -IC:/Users/playa/.platformio/packages/framework-arduinoespressif32/tools/sdk/esp32s3/include/espressif__esp-dsp/modules/support/include -IC:/Users/playa/.platformio/packages/framework-arduinoespressif32/tools/sdk/esp32s3/include/espressif__esp-dsp/modules/support/mem/include -IC:/Users/playa/.platformio/packages/framework-arduinoespressif32/tools/sdk/esp32s3/include/espressif__esp-dsp/modules/windows/include -IC:/Users/playa/.platformio/packages/framework-arduinoespressif32/tools/sdk/esp32s3/include/espressif__esp-dsp/modules/windows/hann/include -IC:/Users/playa/.platformio/packages/framework-arduinoespressif32/tools/sdk/esp32s3/include/espressif__esp-dsp/modules/windows/blackman/include -IC:/Users/playa/.platformio/packages/framework-arduinoespressif32/tools/sdk/esp32s3/include/espressif__esp-dsp/modules/windows/blackman_harris/include -IC:/Users/playa/.platformio/packages/framework-arduinoespressif32/tools/sdk/esp32s3/include/espressif__esp-dsp/modules/windows/blackman_nuttall/include -IC:/Users/playa/.platformio/packages/framework-arduinoespressif32/tools/sdk/esp32s3/include/espressif__esp-dsp/modules/windows/nuttall/include -IC:/Users/playa/.platformio/packages/framework-arduinoespressif32/tools/sdk/esp32s3/include/espressif__esp-dsp/modules/windows/flat_top/include -IC:/Users/playa/.platformio/packages/framework-arduinoespressif32/tools/sdk/esp32s3/include/espressif__esp-dsp/modules/iir/include -IC:/Users/playa/.platformio/packages/framework-arduinoespressif32/tools/sdk/esp32s3/include/espressif__esp-dsp/modules/fir/include -IC:/Users/playa/.platformio/packages/framework-arduinoespressif32/tools/sdk/esp32s3/include/espressif__esp-dsp/modules/math/include -IC:/Users/playa/.platformio/packages/framework-arduinoespressif32/tools/sdk/esp32s3/include/espressif__esp-dsp/modules/math/add/include -IC:/Users/playa/.platformio/packages/framework-arduinoespressif32/tools/sdk/esp32s3/include/espressif__esp-dsp/modules/math/sub/include -IC:/Users/playa/.platformio/packages/framework-arduinoespressif32/tools/sdk/esp32s3/include/espressif__esp-dsp/modules/math/mul/include -IC:/Users/playa/.platformio/packages/framework-arduinoespressif32/tools/sdk/esp32s3/include/espressif__esp-dsp/modules/math/addc/include -IC:/Users/playa/.platformio/packages/framework-arduinoespressif32/tools/sdk/esp32s3/include/espressif__esp-dsp/modules/math/mulc/include -IC:/Users/playa/.platformio/packages/framework-arduinoespressif32/tools/sdk/esp32s3/include/espressif__esp-dsp/modules/math/sqrt/include -IC:/Users/playa/.platformio/packages/framework-arduinoespressif32/tools/sdk/esp32s3/include/espressif__esp-dsp/modules/matrix/mul/include -IC:/Users/playa/.platformio/packages/framework-arduinoespressif32/tools/sdk/esp32s3/include/espressif__esp-dsp/modules/matrix/add/include -IC:/Users/playa/.platformio/packages/framework-arduinoespressif32/tools/sdk/esp32s3/include/espressif__esp-dsp/modules/matrix/addc/include -IC:/Users/playa/.platformio/packages/framework-arduinoespressif32/tools/sdk/esp32s3/include/espressif__esp-dsp/modules/matrix/mulc/include -IC:/Users/playa/.platformio/packages/framework-arduinoespressif32/tools/sdk/esp32s3/include/espressif__esp-dsp/modules/matrix/sub/include -IC:/Users/playa/.platformio/packages/framework-arduinoespressif32/tools/sdk/esp32s3/include/espressif__esp-dsp/modules/matrix/include -IC:/Users/playa/.platformio/packages/framework-arduinoespressif32/tools/sdk/esp32s3/include/espressif__esp-dsp/modules/fft/include -IC:/Users/playa/.platformio/packages/framework-arduinoespressif32/tools/sdk/esp32s3/include/espressif__esp-dsp/modules/dct/include -IC:/Users/playa/.platformio/packages/framework-arduinoespressif32/tools/sdk/esp32s3/include/espressif__esp-dsp/modules/conv/include -IC:/Users/playa/.platformio/packages/framework-arduinoespressif32/tools/sdk/esp32s3/include/espressif__esp-dsp/modules/common/include -IC:/Users/playa/.platformio/packages/framework-arduinoespressif32/tools/sdk/esp32s3/include/espressif__esp-dsp/modules/matrix/mul/test/include -IC:/Users/playa/.platformio/packages/framework-arduinoespressif32/tools/sdk/esp32s3/include/espressif__esp-dsp/modules/kalman/ekf/include -IC:/Users/playa/.platformio/packages/framework-arduinoespressif32/tools/sdk/esp32s3/include/espressif__esp-dsp/modules/kalman/ekf_imu13states/include -IC:/Users/playa/.platformio/packages/framework-arduinoespressif32/tools/sdk/esp32s3/include/fb_gfx/include -IC:/Users/playa/.platformio/packages/framework-arduinoespressif32/tools/sdk/esp32s3/qio_opi/include -IC:/Users/playa/.platformio/packages/framework-arduinoespressif32/cores/esp32 -IC:/Users/playa/.platformio/packages/framework-arduinoespressif32/variants/esp32s3 src/ui/ui_comp_hook.c
xtensa-esp32s3-elf-gcc @C:\Users\playa\OneDrive\Documents\PlatformIO\Projects\Display_Test\.pio\build\JC8048W550\tmprs85no9y.tmp
Using tempfile C:\Users\playa\OneDrive\Documents\PlatformIO\Projects\Display_Test\.pio\build\JC8048W550\tmpdu65ohfx.tmp for command line:
xtensa-esp32s3-elf-gcc -o .pio/build/JC8048W550/src/ui/ui_img_200339424.c.o -c -std=gnu99 -Wno-old-style-declaration -Os -mlongcalls -ffunction-sections -fdata-sections -Wno-error=unused-function -Wno-error=unused-variable -Wno-error=deprecated-declarations -Wno-unused-parameter -Wno-sign-compare -ggdb -freorder-blocks -Wwrite-strings -fstack-protector -fstrict-volatile-bitfields -Wno-error=unused-but-set-variable -fno-jump-tables -fno-tree-switch-conversion -MMD -DPLATFORMIO=60118 "-D ARDUINO_ESP32S3_DEV" "-D BOARD_HAS_PSRAM" "-D ARDUINO_USB_MODE=1" "-D ARDUINO_RUNNING_CORE=1" "-D ARDUINO_EVENT_RUNNING_CORE=1" "-D ARDUINO_USB_CDC_ON_BOOT=0" "-D JC8048W550" "-D DISPLAY_WIDTH=800" "-D DISPLAY_HEIGHT=480" "-D DISPLAY_SOFTWARE_ROTATION" "-D LVGL_BUFFER_PIXELS=(DISPLAY_WIDTH*DISPLAY_HEIGHT)" "-D LVGL_BUFFER_MALLOC_FLAGS=(MALLOC_CAP_SPIRAM|MALLOC_CAP_8BIT)" "-D GPIO_BCKL=2" "-D DISPLAY_ST7262_PAR" "-D ST7262_PANEL_CONFIG_CLK_SRC=LCD_CLK_SRC_PLL160M" "-D ST7262_PANEL_CONFIG_TIMINGS_PCLK_HZ=(16*1000000)" "-D ST7262_PANEL_CONFIG_TIMINGS_H_RES=DISPLAY_WIDTH" "-D ST7262_PANEL_CONFIG_TIMINGS_V_RES=DISPLAY_HEIGHT" "-D ST7262_PANEL_CONFIG_TIMINGS_HSYNC_PULSE_WIDTH=4" "-D ST7262_PANEL_CONFIG_TIMINGS_HSYNC_BACK_PORCH=8" "-D ST7262_PANEL_CONFIG_TIMINGS_HSYNC_FRONT_PORCH=8" "-D ST7262_PANEL_CONFIG_TIMINGS_VSYNC_PULSE_WIDTH=4" "-D ST7262_PANEL_CONFIG_TIMINGS_VSYNC_BACK_PORCH=8" "-D ST7262_PANEL_CONFIG_TIMINGS_VSYNC_FRONT_PORCH=8" "-D ST7262_PANEL_CONFIG_TIMINGS_FLAGS_HSYNC_IDLE_LOW=false" "-D ST7262_PANEL_CONFIG_TIMINGS_FLAGS_VSYNC_IDLE_LOW=false" "-D ST7262_PANEL_CONFIG_TIMINGS_FLAGS_DE_IDLE_HIGH=false" "-D ST7262_PANEL_CONFIG_TIMINGS_FLAGS_PCLK_ACTIVE_NEG=true" "-D ST7262_PANEL_CONFIG_TIMINGS_FLAGS_PCLK_IDLE_HIGH=false" "-D ST7262_PANEL_CONFIG_DATA_WIDTH=16" "-D ST7262_PANEL_CONFIG_SRAM_TRANS_ALIGN=4" "-D ST7262_PANEL_CONFIG_PSRAM_TRANS_ALIGN=64" "-D ST7262_PANEL_CONFIG_HSYNC_GPIO_NUM=39" "-D ST7262_PANEL_CONFIG_VSYNC_GPIO_NUM=41" "-D ST7262_PANEL_CONFIG_DE_GPIO_NUM=40" "-D ST7262_PANEL_CONFIG_PCLK_GPIO_NUM=42" "-D ST7262_PANEL_CONFIG_DATA_GPIO_R0=8" "-D ST7262_PANEL_CONFIG_DATA_GPIO_R1=3" "-D ST7262_PANEL_CONFIG_DATA_GPIO_R2=46" "-D ST7262_PANEL_CONFIG_DATA_GPIO_R3=9" "-D ST7262_PANEL_CONFIG_DATA_GPIO_R4=1" "-D ST7262_PANEL_CONFIG_DATA_GPIO_G0=5" "-D ST7262_PANEL_CONFIG_DATA_GPIO_G1=6" "-D ST7262_PANEL_CONFIG_DATA_GPIO_G2=7" "-D ST7262_PANEL_CONFIG_DATA_GPIO_G3=15" "-D ST7262_PANEL_CONFIG_DATA_GPIO_G4=16" "-D ST7262_PANEL_CONFIG_DATA_GPIO_G5=4" "-D ST7262_PANEL_CONFIG_DATA_GPIO_B0=45" "-D ST7262_PANEL_CONFIG_DATA_GPIO_B1=48" "-D ST7262_PANEL_CONFIG_DATA_GPIO_B2=47" "-D ST7262_PANEL_CONFIG_DATA_GPIO_B3=21" "-D ST7262_PANEL_CONFIG_DATA_GPIO_B4=14" "-D ST7262_PANEL_CONFIG_DISP_GPIO_NUM=GPIO_NUM_NC" "-D ST7262_PANEL_CONFIG_FLAGS_DISP_ACTIVE_LOW=false" "-D ST7262_PANEL_CONFIG_FLAGS_RELAX_ON_IDLE=false" "-D ST7262_PANEL_CONFIG_FLAGS_FB_IN_PSRAM=true" "-D DISPLAY_SWAP_XY=false" "-D DISPLAY_MIRROR_X=false" "-D DISPLAY_MIRROR_Y=false" "-D BOARD_HAS_TOUCH" "-D CONFIG_ESP_LCD_TOUCH_MAX_POINTS=1" "-D CONFIG_ESP_LCD_TOUCH_MAX_BUTTONS=0" "-D TOUCH_GT911_I2C" "-D GT911_I2C_HOST=I2C_NUM_0" "-D GT911_I2C_CONFIG_SDA_IO_NUM=19" "-D GT911_I2C_CONFIG_SCL_IO_NUM=20" "-D GT911_I2C_CONFIG_SDA_PULLUP_EN=GPIO_PULLUP_DISABLE" "-D GT911_I2C_CONFIG_SCL_PULLUP_EN=GPIO_PULLUP_DISABLE" "-D GT911_I2C_CONFIG_MASTER_CLK_SPEED=400000" "-D GT911_I2C_CONFIG_CLK_FLAGS=I2C_SCLK_SRC_FLAG_FOR_NOMAL" "-D GT911_IO_I2C_CONFIG_DEV_ADDR=GT911_IO_I2C_CONFIG_DEV_ADDRESS_5D" "-D GT911_IO_I2C_CONFIG_CONTROL_PHASE_BYTES=1" "-D GT911_IO_I2C_CONFIG_DC_BIT_OFFSET=0" "-D GT911_IO_I2C_CONFIG_LCD_CMD_BITS=16" "-D GT911_IO_I2C_CONFIG_LCD_PARAM_BITS=0" "-D GT911_IO_I2C_CONFIG_FLAGS_DC_LOW_ON_DATA=false" "-D GT911_IO_I2C_CONFIG_FLAGS_DISABLE_CONTROL_PHASE=true" "-D GT911_TOUCH_CONFIG_X_MAX=DISPLAY_WIDTH" "-D GT911_TOUCH_CONFIG_Y_MAX=DISPLAY_HEIGHT" "-D GT911_TOUCH_CONFIG_RST_GPIO_NUM=38" "-D GT911_TOUCH_CONFIG_INT_GPIO_NUM=18" "-D GT911_TOUCH_CONFIG_LEVELS_RESET=0" "-D GT911_TOUCH_CONFIG_LEVELS_INTERRUPT=0" "-D TOUCH_SWAP_XY=false" "-D TOUCH_MIRROR_X=false" "-D TOUCH_MIRROR_Y=false" "-D BOARD_HAS_TF" "-D TF_CS=10" "-D TF_SPI_MOSI=11" "-D TF_SPI_SCLK=12" "-D TF_SPI_MISO=13" -DLV_USE_DRAW_SW_ASM=0 -DLV_CONF_INCLUDE_SIMPLE -DBOARD_HAS_PSRAM -DARDUINO_USB_MODE=1 -DESP_PLATFORM -DCONFIG_LCD_COLOR_FORMAT_RGB565=1 -DCONFIG_LCD_AUTO_FLUSH=1 -DCONFIG_SPIRAM_CACHE_WORKAROUND=1 -DHAVE_CONFIG_H -DMBEDTLS_CONFIG_FILE=\"mbedtls/esp_config.h\" -DUNITY_INCLUDE_CONFIG_H -DWITH_POSIX -D_GNU_SOURCE -DIDF_VER=\"v4.4.7-dirty\" -DESP_PLATFORM -D_POSIX_READER_WRITER_LOCKS -DARDUINO_ARCH_ESP32 -DESP32 -DF_CPU=240000000L -DARDUINO=10812 -DARDUINO_VARIANT=\"esp32s3\" -DARDUINO_BOARD=\"JC8048W550\" -DARDUINO_PARTITION_default -Iinclude -I.pio/libdeps/JC8048W550/TAMC_GT911 -IC:/Users/playa/.platformio/packages/framework-arduinoespressif32/libraries/Wire/src -I.pio/libdeps/JC8048W550/lvgl -I.pio/libdeps/JC8048W550/lvgl/src -IC:/Users/playa/.platformio/packages/framework-arduinoespressif32/libraries/SD/src -IC:/Users/playa/.platformio/packages/framework-arduinoespressif32/libraries/SPI/src -IC:/Users/playa/.platformio/packages/framework-arduinoespressif32/libraries/LittleFS/src -IC:/Users/playa/.platformio/packages/framework-arduinoespressif32/libraries/FS/src -Isrc -IC:/Users/playa/.platformio/packages/framework-arduinoespressif32/tools/sdk/esp32s3/include/newlib/platform_include -IC:/Users/playa/.platformio/packages/framework-arduinoespressif32/tools/sdk/esp32s3/include/freertos/include -IC:/Users/playa/.platformio/packages/framework-arduinoespressif32/tools/sdk/esp32s3/include/freertos/include/esp_additions/freertos -IC:/Users/playa/.platformio/packages/framework-arduinoespressif32/tools/sdk/esp32s3/include/freertos/port/xtensa/include -IC:/Users/playa/.platformio/packages/framework-arduinoespressif32/tools/sdk/esp32s3/include/freertos/include/esp_additions -IC:/Users/playa/.platformio/packages/framework-arduinoespressif32/tools/sdk/esp32s3/include/esp_hw_support/include -IC:/Users/playa/.platformio/packages/framework-arduinoespressif32/tools/sdk/esp32s3/include/esp_hw_support/include/soc -IC:/Users/playa/.platformio/packages/framework-arduinoespressif32/tools/sdk/esp32s3/include/esp_hw_support/include/soc/esp32s3 -IC:/Users/playa/.platformio/packages/framework-arduinoespressif32/tools/sdk/esp32s3/include/esp_hw_support/port/esp32s3 -IC:/Users/playa/.platformio/packages/framework-arduinoespressif32/tools/sdk/esp32s3/include/esp_hw_support/port/esp32s3/private_include -IC:/Users/playa/.platformio/packages/framework-arduinoespressif32/tools/sdk/esp32s3/include/heap/include -IC:/Users/playa/.platformio/packages/framework-arduinoespressif32/tools/sdk/esp32s3/include/log/include -IC:/Users/playa/.platformio/packages/framework-arduinoespressif32/tools/sdk/esp32s3/include/lwip/include/apps -IC:/Users/playa/.platformio/packages/framework-arduinoespressif32/tools/sdk/esp32s3/include/lwip/include/apps/sntp -IC:/Users/playa/.platformio/packages/framework-arduinoespressif32/tools/sdk/esp32s3/include/lwip/lwip/src/include -IC:/Users/playa/.platformio/packages/framework-arduinoespressif32/tools/sdk/esp32s3/include/lwip/port/esp32/include -IC:/Users/playa/.platformio/packages/framework-arduinoespressif32/tools/sdk/esp32s3/include/lwip/port/esp32/include/arch -IC:/Users/playa/.platformio/packages/framework-arduinoespressif32/tools/sdk/esp32s3/include/soc/include -IC:/Users/playa/.platformio/packages/framework-arduinoespressif32/tools/sdk/esp32s3/include/soc/esp32s3 -IC:/Users/playa/.platformio/packages/framework-arduinoespressif32/tools/sdk/esp32s3/include/soc/esp32s3/include -IC:/Users/playa/.platformio/packages/framework-arduinoespressif32/tools/sdk/esp32s3/include/hal/esp32s3/include -IC:/Users/playa/.platformio/packages/framework-arduinoespressif32/tools/sdk/esp32s3/include/hal/include -IC:/Users/playa/.platformio/packages/framework-arduinoespressif32/tools/sdk/esp32s3/include/hal/platform_port/include -IC:/Users/playa/.platformio/packages/framework-arduinoespressif32/tools/sdk/esp32s3/include/esp_rom/include -IC:/Users/playa/.platformio/packages/framework-arduinoespressif32/tools/sdk/esp32s3/include/esp_rom/include/esp32s3 -IC:/Users/playa/.platformio/packages/framework-arduinoespressif32/tools/sdk/esp32s3/include/esp_rom/esp32s3 -IC:/Users/playa/.platformio/packages/framework-arduinoespressif32/tools/sdk/esp32s3/include/esp_common/include -IC:/Users/playa/.platformio/packages/framework-arduinoespressif32/tools/sdk/esp32s3/include/esp_system/include -IC:/Users/playa/.platformio/packages/framework-arduinoespressif32/tools/sdk/esp32s3/include/esp_system/port/soc -IC:/Users/playa/.platformio/packages/framework-arduinoespressif32/tools/sdk/esp32s3/include/esp_system/port/public_compat -IC:/Users/playa/.platformio/packages/framework-arduinoespressif32/tools/sdk/esp32s3/include/xtensa/include -IC:/Users/playa/.platformio/packages/framework-arduinoespressif32/tools/sdk/esp32s3/include/xtensa/esp32s3/include -IC:/Users/playa/.platformio/packages/framework-arduinoespressif32/tools/sdk/esp32s3/include/driver/include -IC:/Users/playa/.platformio/packages/framework-arduinoespressif32/tools/sdk/esp32s3/include/driver/esp32s3/include -IC:/Users/playa/.platformio/packages/framework-arduinoespressif32/tools/sdk/esp32s3/include/esp_pm/include -IC:/Users/playa/.platformio/packages/framework-arduinoespressif32/tools/sdk/esp32s3/include/esp_ringbuf/include -IC:/Users/playa/.platformio/packages/framework-arduinoespressif32/tools/sdk/esp32s3/include/efuse/include -IC:/Users/playa/.platformio/packages/framework-arduinoespressif32/tools/sdk/esp32s3/include/efuse/esp32s3/include -IC:/Users/playa/.platformio/packages/framework-arduinoespressif32/tools/sdk/esp32s3/include/vfs/include -IC:/Users/playa/.platformio/packages/framework-arduinoespressif32/tools/sdk/esp32s3/include/esp_wifi/include -IC:/Users/playa/.platformio/packages/framework-arduinoespressif32/tools/sdk/esp32s3/include/esp_event/include -IC:/Users/playa/.platformio/packages/framework-arduinoespressif32/tools/sdk/esp32s3/include/esp_netif/include -IC:/Users/playa/.platformio/packages/framework-arduinoespressif32/tools/sdk/esp32s3/include/esp_eth/include -IC:/Users/playa/.platformio/packages/framework-arduinoespressif32/tools/sdk/esp32s3/include/tcpip_adapter/include -IC:/Users/playa/.platformio/packages/framework-arduinoespressif32/tools/sdk/esp32s3/include/esp_phy/include -IC:/Users/playa/.platformio/packages/framework-arduinoespressif32/tools/sdk/esp32s3/include/esp_phy/esp32s3/include -IC:/Users/playa/.platformio/packages/framework-arduinoespressif32/tools/sdk/esp32s3/include/esp_ipc/include -IC:/Users/playa/.platformio/packages/framework-arduinoespressif32/tools/sdk/esp32s3/include/app_trace/include -IC:/Users/playa/.platformio/packages/framework-arduinoespressif32/tools/sdk/esp32s3/include/esp_timer/include -IC:/Users/playa/.platformio/packages/framework-arduinoespressif32/tools/sdk/esp32s3/include/mbedtls/port/include -IC:/Users/playa/.platformio/packages/framework-arduinoespressif32/tools/sdk/esp32s3/include/mbedtls/mbedtls/include -IC:/Users/playa/.platformio/packages/framework-arduinoespressif32/tools/sdk/esp32s3/include/mbedtls/esp_crt_bundle/include -IC:/Users/playa/.platformio/packages/framework-arduinoespressif32/tools/sdk/esp32s3/include/app_update/include -IC:/Users/playa/.platformio/packages/framework-arduinoespressif32/tools/sdk/esp32s3/include/spi_flash/include -IC:/Users/playa/.platformio/packages/framework-arduinoespressif32/tools/sdk/esp32s3/include/bootloader_support/include -IC:/Users/playa/.platformio/packages/framework-arduinoespressif32/tools/sdk/esp32s3/include/nvs_flash/include -IC:/Users/playa/.platformio/packages/framework-arduinoespressif32/tools/sdk/esp32s3/include/pthread/include -IC:/Users/playa/.platformio/packages/framework-arduinoespressif32/tools/sdk/esp32s3/include/esp_gdbstub/include -IC:/Users/playa/.platformio/packages/framework-arduinoespressif32/tools/sdk/esp32s3/include/esp_gdbstub/xtensa -IC:/Users/playa/.platformio/packages/framework-arduinoespressif32/tools/sdk/esp32s3/include/esp_gdbstub/esp32s3 -IC:/Users/playa/.platformio/packages/framework-arduinoespressif32/tools/sdk/esp32s3/include/espcoredump/include -IC:/Users/playa/.platformio/packages/framework-arduinoespressif32/tools/sdk/esp32s3/include/espcoredump/include/port/xtensa -IC:/Users/playa/.platformio/packages/framework-arduinoespressif32/tools/sdk/esp32s3/include/wpa_supplicant/include -IC:/Users/playa/.platformio/packages/framework-arduinoespressif32/tools/sdk/esp32s3/include/wpa_supplicant/port/include -IC:/Users/playa/.platformio/packages/framework-arduinoespressif32/tools/sdk/esp32s3/include/wpa_supplicant/esp_supplicant/include -IC:/Users/playa/.platformio/packages/framework-arduinoespressif32/tools/sdk/esp32s3/include/ieee802154/include -IC:/Users/playa/.platformio/packages/framework-arduinoespressif32/tools/sdk/esp32s3/include/console -IC:/Users/playa/.platformio/packages/framework-arduinoespressif32/tools/sdk/esp32s3/include/asio/asio/asio/include -IC:/Users/playa/.platformio/packages/framework-arduinoespressif32/tools/sdk/esp32s3/include/asio/port/include -IC:/Users/playa/.platformio/packages/framework-arduinoespressif32/tools/sdk/esp32s3/include/bt/common/osi/include -IC:/Users/playa/.platformio/packages/framework-arduinoespressif32/tools/sdk/esp32s3/include/bt/include/esp32c3/include -IC:/Users/playa/.platformio/packages/framework-arduinoespressif32/tools/sdk/esp32s3/include/bt/common/api/include/api -IC:/Users/playa/.platformio/packages/framework-arduinoespressif32/tools/sdk/esp32s3/include/bt/common/btc/profile/esp/blufi/include -IC:/Users/playa/.platformio/packages/framework-arduinoespressif32/tools/sdk/esp32s3/include/bt/common/btc/profile/esp/include -IC:/Users/playa/.platformio/packages/framework-arduinoespressif32/tools/sdk/esp32s3/include/bt/host/bluedroid/api/include/api -IC:/Users/playa/.platformio/packages/framework-arduinoespressif32/tools/sdk/esp32s3/include/bt/esp_ble_mesh/mesh_common/include -IC:/Users/playa/.platformio/packages/framework-arduinoespressif32/tools/sdk/esp32s3/include/bt/esp_ble_mesh/mesh_common/tinycrypt/include -IC:/Users/playa/.platformio/packages/framework-arduinoespressif32/tools/sdk/esp32s3/include/bt/esp_ble_mesh/mesh_core -IC:/Users/playa/.platformio/packages/framework-arduinoespressif32/tools/sdk/esp32s3/include/bt/esp_ble_mesh/mesh_core/include -IC:/Users/playa/.platformio/packages/framework-arduinoespressif32/tools/sdk/esp32s3/include/bt/esp_ble_mesh/mesh_core/storage -IC:/Users/playa/.platformio/packages/framework-arduinoespressif32/tools/sdk/esp32s3/include/bt/esp_ble_mesh/btc/include -IC:/Users/playa/.platformio/packages/framework-arduinoespressif32/tools/sdk/esp32s3/include/bt/esp_ble_mesh/mesh_models/common/include -IC:/Users/playa/.platformio/packages/framework-arduinoespressif32/tools/sdk/esp32s3/include/bt/esp_ble_mesh/mesh_models/client/include -IC:/Users/playa/.platformio/packages/framework-arduinoespressif32/tools/sdk/esp32s3/include/bt/esp_ble_mesh/mesh_models/server/include -IC:/Users/playa/.platformio/packages/framework-arduinoespressif32/tools/sdk/esp32s3/include/bt/esp_ble_mesh/api/core/include -IC:/Users/playa/.platformio/packages/framework-arduinoespressif32/tools/sdk/esp32s3/include/bt/esp_ble_mesh/api/models/include -IC:/Users/playa/.platformio/packages/framework-arduinoespressif32/tools/sdk/esp32s3/include/bt/esp_ble_mesh/api -IC:/Users/playa/.platformio/packages/framework-arduinoespressif32/tools/sdk/esp32s3/include/cbor/port/include -IC:/Users/playa/.platformio/packages/framework-arduinoespressif32/tools/sdk/esp32s3/include/unity/include -IC:/Users/playa/.platformio/packages/framework-arduinoespressif32/tools/sdk/esp32s3/include/unity/unity/src -IC:/Users/playa/.platformio/packages/framework-arduinoespressif32/tools/sdk/esp32s3/include/cmock/CMock/src -IC:/Users/playa/.platformio/packages/framework-arduinoespressif32/tools/sdk/esp32s3/include/coap/port/include -IC:/Users/playa/.platformio/packages/framework-arduinoespressif32/tools/sdk/esp32s3/include/coap/libcoap/include -IC:/Users/playa/.platformio/packages/framework-arduinoespressif32/tools/sdk/esp32s3/include/nghttp/port/include -IC:/Users/playa/.platformio/packages/framework-arduinoespressif32/tools/sdk/esp32s3/include/nghttp/nghttp2/lib/includes -IC:/Users/playa/.platformio/packages/framework-arduinoespressif32/tools/sdk/esp32s3/include/esp-tls -IC:/Users/playa/.platformio/packages/framework-arduinoespressif32/tools/sdk/esp32s3/include/esp-tls/esp-tls-crypto -IC:/Users/playa/.platformio/packages/framework-arduinoespressif32/tools/sdk/esp32s3/include/esp_adc_cal/include -IC:/Users/playa/.platformio/packages/framework-arduinoespressif32/tools/sdk/esp32s3/include/esp_hid/include -IC:/Users/playa/.platformio/packages/framework-arduinoespressif32/tools/sdk/esp32s3/include/tcp_transport/include -IC:/Users/playa/.platformio/packages/framework-arduinoespressif32/tools/sdk/esp32s3/include/esp_http_client/include -IC:/Users/playa/.platformio/packages/framework-arduinoespressif32/tools/sdk/esp32s3/include/esp_http_server/include -IC:/Users/playa/.platformio/packages/framework-arduinoespressif32/tools/sdk/esp32s3/include/esp_https_ota/include -IC:/Users/playa/.platformio/packages/framework-arduinoespressif32/tools/sdk/esp32s3/include/esp_https_server/include -IC:/Users/playa/.platformio/packages/framework-arduinoespressif32/tools/sdk/esp32s3/include/esp_lcd/include -IC:/Users/playa/.platformio/packages/framework-arduinoespressif32/tools/sdk/esp32s3/include/esp_lcd/interface -IC:/Users/playa/.platformio/packages/framework-arduinoespressif32/tools/sdk/esp32s3/include/protobuf-c/protobuf-c -IC:/Users/playa/.platformio/packages/framework-arduinoespressif32/tools/sdk/esp32s3/include/protocomm/include/common -IC:/Users/playa/.platformio/packages/framework-arduinoespressif32/tools/sdk/esp32s3/include/protocomm/include/security -IC:/Users/playa/.platformio/packages/framework-arduinoespressif32/tools/sdk/esp32s3/include/protocomm/include/transports -IC:/Users/playa/.platformio/packages/framework-arduinoespressif32/tools/sdk/esp32s3/include/mdns/include -IC:/Users/playa/.platformio/packages/framework-arduinoespressif32/tools/sdk/esp32s3/include/esp_local_ctrl/include -IC:/Users/playa/.platformio/packages/framework-arduinoespressif32/tools/sdk/esp32s3/include/sdmmc/include -IC:/Users/playa/.platformio/packages/framework-arduinoespressif32/tools/sdk/esp32s3/include/esp_serial_slave_link/include -IC:/Users/playa/.platformio/packages/framework-arduinoespressif32/tools/sdk/esp32s3/include/esp_websocket_client/include -IC:/Users/playa/.platformio/packages/framework-arduinoespressif32/tools/sdk/esp32s3/include/expat/expat/expat/lib -IC:/Users/playa/.platformio/packages/framework-arduinoespressif32/tools/sdk/esp32s3/include/expat/port/include -IC:/Users/playa/.platformio/packages/framework-arduinoespressif32/tools/sdk/esp32s3/include/wear_levelling/include -IC:/Users/playa/.platformio/packages/framework-arduinoespressif32/tools/sdk/esp32s3/include/fatfs/diskio -IC:/Users/playa/.platformio/packages/framework-arduinoespressif32/tools/sdk/esp32s3/include/fatfs/vfs -IC:/Users/playa/.platformio/packages/framework-arduinoespressif32/tools/sdk/esp32s3/include/fatfs/src -IC:/Users/playa/.platformio/packages/framework-arduinoespressif32/tools/sdk/esp32s3/include/freemodbus/freemodbus/common/include -IC:/Users/playa/.platformio/packages/framework-arduinoespressif32/tools/sdk/esp32s3/include/idf_test/include -IC:/Users/playa/.platformio/packages/framework-arduinoespressif32/tools/sdk/esp32s3/include/idf_test/include/esp32s3 -IC:/Users/playa/.platformio/packages/framework-arduinoespressif32/tools/sdk/esp32s3/include/jsmn/include -IC:/Users/playa/.platformio/packages/framework-arduinoespressif32/tools/sdk/esp32s3/include/json/cJSON -IC:/Users/playa/.platformio/packages/framework-arduinoespressif32/tools/sdk/esp32s3/include/libsodium/libsodium/src/libsodium/include -IC:/Users/playa/.platformio/packages/framework-arduinoespressif32/tools/sdk/esp32s3/include/libsodium/port_include -IC:/Users/playa/.platformio/packages/framework-arduinoespressif32/tools/sdk/esp32s3/include/mqtt/esp-mqtt/include -IC:/Users/playa/.platformio/packages/framework-arduinoespressif32/tools/sdk/esp32s3/include/openssl/include -IC:/Users/playa/.platformio/packages/framework-arduinoespressif32/tools/sdk/esp32s3/include/perfmon/include -IC:/Users/playa/.platformio/packages/framework-arduinoespressif32/tools/sdk/esp32s3/include/spiffs/include -IC:/Users/playa/.platformio/packages/framework-arduinoespressif32/tools/sdk/esp32s3/include/usb/include -IC:/Users/playa/.platformio/packages/framework-arduinoespressif32/tools/sdk/esp32s3/include/ulp/include -IC:/Users/playa/.platformio/packages/framework-arduinoespressif32/tools/sdk/esp32s3/include/wifi_provisioning/include -IC:/Users/playa/.platformio/packages/framework-arduinoespressif32/tools/sdk/esp32s3/include/rmaker_common/include -IC:/Users/playa/.platformio/packages/framework-arduinoespressif32/tools/sdk/esp32s3/include/esp_diagnostics/include -IC:/Users/playa/.platformio/packages/framework-arduinoespressif32/tools/sdk/esp32s3/include/rtc_store/include -IC:/Users/playa/.platformio/packages/framework-arduinoespressif32/tools/sdk/esp32s3/include/esp_insights/include -IC:/Users/playa/.platformio/packages/framework-arduinoespressif32/tools/sdk/esp32s3/include/json_parser/upstream/include -IC:/Users/playa/.platformio/packages/framework-arduinoespressif32/tools/sdk/esp32s3/include/json_parser/upstream -IC:/Users/playa/.platformio/packages/framework-arduinoespressif32/tools/sdk/esp32s3/include/json_generator/upstream -IC:/Users/playa/.platformio/packages/framework-arduinoespressif32/tools/sdk/esp32s3/include/esp_schedule/include -IC:/Users/playa/.platformio/packages/framework-arduinoespressif32/tools/sdk/esp32s3/include/espressif__esp_secure_cert_mgr/include -IC:/Users/playa/.platformio/packages/framework-arduinoespressif32/tools/sdk/esp32s3/include/esp_rainmaker/include -IC:/Users/playa/.platformio/packages/framework-arduinoespressif32/tools/sdk/esp32s3/include/gpio_button/button/include -IC:/Users/playa/.platformio/packages/framework-arduinoespressif32/tools/sdk/esp32s3/include/qrcode/include -IC:/Users/playa/.platformio/packages/framework-arduinoespressif32/tools/sdk/esp32s3/include/ws2812_led -IC:/Users/playa/.platformio/packages/framework-arduinoespressif32/tools/sdk/esp32s3/include/freertos/include/freertos -IC:/Users/playa/.platformio/packages/framework-arduinoespressif32/tools/sdk/esp32s3/include/arduino_tinyusb/tinyusb/src -IC:/Users/playa/.platformio/packages/framework-arduinoespressif32/tools/sdk/esp32s3/include/arduino_tinyusb/include -IC:/Users/playa/.platformio/packages/framework-arduinoespressif32/tools/sdk/esp32s3/include/esp_littlefs/include -IC:/Users/playa/.platformio/packages/framework-arduinoespressif32/tools/sdk/esp32s3/include/esp-dl/include -IC:/Users/playa/.platformio/packages/framework-arduinoespressif32/tools/sdk/esp32s3/include/esp-dl/include/tool -IC:/Users/playa/.platformio/packages/framework-arduinoespressif32/tools/sdk/esp32s3/include/esp-dl/include/typedef -IC:/Users/playa/.platformio/packages/framework-arduinoespressif32/tools/sdk/esp32s3/include/esp-dl/include/image -IC:/Users/playa/.platformio/packages/framework-arduinoespressif32/tools/sdk/esp32s3/include/esp-dl/include/math -IC:/Users/playa/.platformio/packages/framework-arduinoespressif32/tools/sdk/esp32s3/include/esp-dl/include/nn -IC:/Users/playa/.platformio/packages/framework-arduinoespressif32/tools/sdk/esp32s3/include/esp-dl/include/layer -IC:/Users/playa/.platformio/packages/framework-arduinoespressif32/tools/sdk/esp32s3/include/esp-dl/include/detect -IC:/Users/playa/.platformio/packages/framework-arduinoespressif32/tools/sdk/esp32s3/include/esp-dl/include/model_zoo -IC:/Users/playa/.platformio/packages/framework-arduinoespressif32/tools/sdk/esp32s3/include/esp32-camera/driver/include -IC:/Users/playa/.platformio/packages/framework-arduinoespressif32/tools/sdk/esp32s3/include/esp32-camera/conversions/include -IC:/Users/playa/.platformio/packages/framework-arduinoespressif32/tools/sdk/esp32s3/include/espressif__esp-dsp/modules/dotprod/include -IC:/Users/playa/.platformio/packages/framework-arduinoespressif32/tools/sdk/esp32s3/include/espressif__esp-dsp/modules/support/include -IC:/Users/playa/.platformio/packages/framework-arduinoespressif32/tools/sdk/esp32s3/include/espressif__esp-dsp/modules/support/mem/include -IC:/Users/playa/.platformio/packages/framework-arduinoespressif32/tools/sdk/esp32s3/include/espressif__esp-dsp/modules/windows/include -IC:/Users/playa/.platformio/packages/framework-arduinoespressif32/tools/sdk/esp32s3/include/espressif__esp-dsp/modules/windows/hann/include -IC:/Users/playa/.platformio/packages/framework-arduinoespressif32/tools/sdk/esp32s3/include/espressif__esp-dsp/modules/windows/blackman/include -IC:/Users/playa/.platformio/packages/framework-arduinoespressif32/tools/sdk/esp32s3/include/espressif__esp-dsp/modules/windows/blackman_harris/include -IC:/Users/playa/.platformio/packages/framework-arduinoespressif32/tools/sdk/esp32s3/include/espressif__esp-dsp/modules/windows/blackman_nuttall/include -IC:/Users/playa/.platformio/packages/framework-arduinoespressif32/tools/sdk/esp32s3/include/espressif__esp-dsp/modules/windows/nuttall/include -IC:/Users/playa/.platformio/packages/framework-arduinoespressif32/tools/sdk/esp32s3/include/espressif__esp-dsp/modules/windows/flat_top/include -IC:/Users/playa/.platformio/packages/framework-arduinoespressif32/tools/sdk/esp32s3/include/espressif__esp-dsp/modules/iir/include -IC:/Users/playa/.platformio/packages/framework-arduinoespressif32/tools/sdk/esp32s3/include/espressif__esp-dsp/modules/fir/include -IC:/Users/playa/.platformio/packages/framework-arduinoespressif32/tools/sdk/esp32s3/include/espressif__esp-dsp/modules/math/include -IC:/Users/playa/.platformio/packages/framework-arduinoespressif32/tools/sdk/esp32s3/include/espressif__esp-dsp/modules/math/add/include -IC:/Users/playa/.platformio/packages/framework-arduinoespressif32/tools/sdk/esp32s3/include/espressif__esp-dsp/modules/math/sub/include -IC:/Users/playa/.platformio/packages/framework-arduinoespressif32/tools/sdk/esp32s3/include/espressif__esp-dsp/modules/math/mul/include -IC:/Users/playa/.platformio/packages/framework-arduinoespressif32/tools/sdk/esp32s3/include/espressif__esp-dsp/modules/math/addc/include -IC:/Users/playa/.platformio/packages/framework-arduinoespressif32/tools/sdk/esp32s3/include/espressif__esp-dsp/modules/math/mulc/include -IC:/Users/playa/.platformio/packages/framework-arduinoespressif32/tools/sdk/esp32s3/include/espressif__esp-dsp/modules/math/sqrt/include -IC:/Users/playa/.platformio/packages/framework-arduinoespressif32/tools/sdk/esp32s3/include/espressif__esp-dsp/modules/matrix/mul/include -IC:/Users/playa/.platformio/packages/framework-arduinoespressif32/tools/sdk/esp32s3/include/espressif__esp-dsp/modules/matrix/add/include -IC:/Users/playa/.platformio/packages/framework-arduinoespressif32/tools/sdk/esp32s3/include/espressif__esp-dsp/modules/matrix/addc/include -IC:/Users/playa/.platformio/packages/framework-arduinoespressif32/tools/sdk/esp32s3/include/espressif__esp-dsp/modules/matrix/mulc/include -IC:/Users/playa/.platformio/packages/framework-arduinoespressif32/tools/sdk/esp32s3/include/espressif__esp-dsp/modules/matrix/sub/include -IC:/Users/playa/.platformio/packages/framework-arduinoespressif32/tools/sdk/esp32s3/include/espressif__esp-dsp/modules/matrix/include -IC:/Users/playa/.platformio/packages/framework-arduinoespressif32/tools/sdk/esp32s3/include/espressif__esp-dsp/modules/fft/include -IC:/Users/playa/.platformio/packages/framework-arduinoespressif32/tools/sdk/esp32s3/include/espressif__esp-dsp/modules/dct/include -IC:/Users/playa/.platformio/packages/framework-arduinoespressif32/tools/sdk/esp32s3/include/espressif__esp-dsp/modules/conv/include -IC:/Users/playa/.platformio/packages/framework-arduinoespressif32/tools/sdk/esp32s3/include/espressif__esp-dsp/modules/common/include -IC:/Users/playa/.platformio/packages/framework-arduinoespressif32/tools/sdk/esp32s3/include/espressif__esp-dsp/modules/matrix/mul/test/include -IC:/Users/playa/.platformio/packages/framework-arduinoespressif32/tools/sdk/esp32s3/include/espressif__esp-dsp/modules/kalman/ekf/include -IC:/Users/playa/.platformio/packages/framework-arduinoespressif32/tools/sdk/esp32s3/include/espressif__esp-dsp/modules/kalman/ekf_imu13states/include -IC:/Users/playa/.platformio/packages/framework-arduinoespressif32/tools/sdk/esp32s3/include/fb_gfx/include -IC:/Users/playa/.platformio/packages/framework-arduinoespressif32/tools/sdk/esp32s3/qio_opi/include -IC:/Users/playa/.platformio/packages/framework-arduinoespressif32/cores/esp32 -IC:/Users/playa/.platformio/packages/framework-arduinoespressif32/variants/esp32s3 src/ui/ui_img_200339424.c
xtensa-esp32s3-elf-gcc @C:\Users\playa\OneDrive\Documents\PlatformIO\Projects\Display_Test\.pio\build\JC8048W550\tmpdu65ohfx.tmp
platformio.exe : src/ui/ui_helpers.c: In function '_ui_arc_increment':
At line:1 char:155
+ ... rget clean; & "$env:USERPROFILE\.platformio\penv\Scripts\platformio.e ...
+                 ~~~~~~~~~~~~~~~~~~~~~~~~~~~~~~~~~~~~~~~~~~~~~~~~~~~~~~~~~
    + CategoryInfo          : NotSpecified: (src/ui/ui_helpe...arc_increment'::String) [], RemoteException
    + FullyQualifiedErrorId : NativeCommandError
 
src/ui/ui_helpers.c:71:19: warning: passing argument 1 of 'lv_event_send' from incompatible pointer type 
[-Wincompatible-pointer-types]
     lv_event_send(target, LV_EVENT_VALUE_CHANGED, 0);
                   ^~~~~~
In file included from .pio/libdeps/JC8048W550/lvgl/src/core/../display/lv_display.h:18,
                 from .pio/libdeps/JC8048W550/lvgl/src/core/lv_obj_tree.h:18,
                 from .pio/libdeps/JC8048W550/lvgl/src/core/lv_obj.h:24,
                 from .pio/libdeps/JC8048W550/lvgl/lvgl.h:39,
                 from src/ui/../ui_compat.h:4,
                 from src/ui/ui.h:13,
                 from src/ui/ui_helpers.h:13,
                 from src/ui/ui_helpers.c:6:
.pio/libdeps/JC8048W550/lvgl/src/core/../display/../misc/lv_event.h:124:45: note: expected 'lv_event_list_t *' {aka 'struct 
<anonymous> *'} but argument is of type 'lv_obj_t *' {aka 'struct lv_obj_t *'}
 lv_result_t lv_event_send(lv_event_list_t * list, lv_event_t * e, bool preprocess);
                           ~~~~~~~~~~~~~~~~~~^~~~
src/ui/ui_helpers.c:71:27: warning: passing argument 2 of 'lv_event_send' makes pointer from integer without a cast 
[-Wint-conversion]
     lv_event_send(target, LV_EVENT_VALUE_CHANGED, 0);
                           ^~~~~~~~~~~~~~~~~~~~~~
In file included from .pio/libdeps/JC8048W550/lvgl/src/core/../display/lv_display.h:18,
                 from .pio/libdeps/JC8048W550/lvgl/src/core/lv_obj_tree.h:18,
                 from .pio/libdeps/JC8048W550/lvgl/src/core/lv_obj.h:24,
                 from .pio/libdeps/JC8048W550/lvgl/lvgl.h:39,
                 from src/ui/../ui_compat.h:4,
                 from src/ui/ui.h:13,
                 from src/ui/ui_helpers.h:13,
                 from src/ui/ui_helpers.c:6:
.pio/libdeps/JC8048W550/lvgl/src/core/../display/../misc/lv_event.h:124:64: note: expected 'lv_event_t *' {aka 'struct 
lv_event_t *'} but argument is of type 'int'
 lv_result_t lv_event_send(lv_event_list_t * list, lv_event_t * e, bool preprocess);
                                                   ~~~~~~~~~~~~~^
src/ui/ui_helpers.c: In function '_ui_slider_increment':
src/ui/ui_helpers.c:84:19: warning: passing argument 1 of 'lv_event_send' from incompatible pointer type 
[-Wincompatible-pointer-types]
     lv_event_send(target, LV_EVENT_VALUE_CHANGED, 0);
                   ^~~~~~
In file included from .pio/libdeps/JC8048W550/lvgl/src/core/../display/lv_display.h:18,
                 from .pio/libdeps/JC8048W550/lvgl/src/core/lv_obj_tree.h:18,
                 from .pio/libdeps/JC8048W550/lvgl/src/core/lv_obj.h:24,
                 from .pio/libdeps/JC8048W550/lvgl/lvgl.h:39,
                 from src/ui/../ui_compat.h:4,
                 from src/ui/ui.h:13,
                 from src/ui/ui_helpers.h:13,
                 from src/ui/ui_helpers.c:6:
.pio/libdeps/JC8048W550/lvgl/src/core/../display/../misc/lv_event.h:124:45: note: expected 'lv_event_list_t *' {aka 'struct 
<anonymous> *'} but argument is of type 'lv_obj_t *' {aka 'struct lv_obj_t *'}
 lv_result_t lv_event_send(lv_event_list_t * list, lv_event_t * e, bool preprocess);
                           ~~~~~~~~~~~~~~~~~~^~~~
src/ui/ui_helpers.c:84:27: warning: passing argument 2 of 'lv_event_send' makes pointer from integer without a cast 
[-Wint-conversion]
     lv_event_send(target, LV_EVENT_VALUE_CHANGED, 0);
                           ^~~~~~~~~~~~~~~~~~~~~~
In file included from .pio/libdeps/JC8048W550/lvgl/src/core/../display/lv_display.h:18,
                 from .pio/libdeps/JC8048W550/lvgl/src/core/lv_obj_tree.h:18,
                 from .pio/libdeps/JC8048W550/lvgl/src/core/lv_obj.h:24,
                 from .pio/libdeps/JC8048W550/lvgl/lvgl.h:39,
                 from src/ui/../ui_compat.h:4,
                 from src/ui/ui.h:13,
                 from src/ui/ui_helpers.h:13,
                 from src/ui/ui_helpers.c:6:
.pio/libdeps/JC8048W550/lvgl/src/core/../display/../misc/lv_event.h:124:64: note: expected 'lv_event_t *' {aka 'struct 
lv_event_t *'} but argument is of type 'int'
 lv_result_t lv_event_send(lv_event_list_t * list, lv_event_t * e, bool preprocess);
                                                   ~~~~~~~~~~~~~^
src/ui/ui_helpers.c: In function '_ui_anim_callback_free_user_data':
src/ui/ui_helpers.c:140:5: warning: implicit declaration of function 'lv_mem_free'; did you mean 'lv_mem_test'? 
[-Wimplicit-function-declaration]
     lv_mem_free(a->user_data);
     ^~~~~~~~~~~
     lv_mem_test
src/ui/ui_helpers.c: In function '_ui_spinbox_step':
src/ui/ui_helpers.c:335:19: warning: passing argument 1 of 'lv_event_send' from incompatible pointer type 
[-Wincompatible-pointer-types]
     lv_event_send(target, LV_EVENT_VALUE_CHANGED, 0);
                   ^~~~~~
In file included from .pio/libdeps/JC8048W550/lvgl/src/core/../display/lv_display.h:18,
                 from .pio/libdeps/JC8048W550/lvgl/src/core/lv_obj_tree.h:18,
                 from .pio/libdeps/JC8048W550/lvgl/src/core/lv_obj.h:24,
                 from .pio/libdeps/JC8048W550/lvgl/lvgl.h:39,
                 from src/ui/../ui_compat.h:4,
                 from src/ui/ui.h:13,
                 from src/ui/ui_helpers.h:13,
                 from src/ui/ui_helpers.c:6:
.pio/libdeps/JC8048W550/lvgl/src/core/../display/../misc/lv_event.h:124:45: note: expected 'lv_event_list_t *' {aka 'struct 
<anonymous> *'} but argument is of type 'lv_obj_t *' {aka 'struct lv_obj_t *'}
 lv_result_t lv_event_send(lv_event_list_t * list, lv_event_t * e, bool preprocess);
                           ~~~~~~~~~~~~~~~~~~^~~~
src/ui/ui_helpers.c:335:27: warning: passing argument 2 of 'lv_event_send' makes pointer from integer without a cast 
[-Wint-conversion]
     lv_event_send(target, LV_EVENT_VALUE_CHANGED, 0);
                           ^~~~~~~~~~~~~~~~~~~~~~
In file included from .pio/libdeps/JC8048W550/lvgl/src/core/../display/lv_display.h:18,
                 from .pio/libdeps/JC8048W550/lvgl/src/core/lv_obj_tree.h:18,
                 from .pio/libdeps/JC8048W550/lvgl/src/core/lv_obj.h:24,
                 from .pio/libdeps/JC8048W550/lvgl/lvgl.h:39,
                 from src/ui/../ui_compat.h:4,
                 from src/ui/ui.h:13,
                 from src/ui/ui_helpers.h:13,
                 from src/ui/ui_helpers.c:6:
.pio/libdeps/JC8048W550/lvgl/src/core/../display/../misc/lv_event.h:124:64: note: expected 'lv_event_t *' {aka 'struct 
lv_event_t *'} but argument is of type 'int'
 lv_result_t lv_event_send(lv_event_list_t * list, lv_event_t * e, bool preprocess);
                                                   ~~~~~~~~~~~~~^
"C:\Users\playa\.platformio\penv\Scripts\python.exe" "C:\Users\playa\.platformio\packages\tool-esptoolpy\esptool.py" --chip esp32s3 elf2image --flash_mode dio --flash_freq 80m --flash_size 16MB -o .pio\build\JC8048W550\bootloader.bin C:\Users\playa\.platformio\packages\framework-arduinoespressif32\tools\sdk\esp32s3\bin\bootloader_qio_80m.elf
"C:\Users\playa\.platformio\penv\Scripts\python.exe" "C:\Users\playa\.platformio\packages\framework-arduinoespressif32\tools\gen_esp32part.py" -q C:\Users\playa\.platformio\packages\framework-arduinoespressif32\tools\partitions\default_16MB.csv .pio\build\JC8048W550\partitions.bin
esptool.py v4.5.1
Creating esp32s3 image...
Merged 1 ELF section
Successfully created esp32s3 image.
Using tempfile C:\Users\playa\OneDrive\Documents\PlatformIO\Projects\Display_Test\.pio\build\JC8048W550\tmpikap0fb_.tmp for command line:
xtensa-esp32s3-elf-g++ -o .pio/build/JC8048W550/lib68f/FS/FS.cpp.o -c -std=gnu++11 -fexceptions -fno-rtti -Os -mlongcalls -ffunction-sections -fdata-sections -Wno-error=unused-function -Wno-error=unused-variable -Wno-error=deprecated-declarations -Wno-unused-parameter -Wno-sign-compare -ggdb -freorder-blocks -Wwrite-strings -fstack-protector -fstrict-volatile-bitfields -Wno-error=unused-but-set-variable -fno-jump-tables -fno-tree-switch-conversion -MMD -DPLATFORMIO=60118 "-D ARDUINO_ESP32S3_DEV" "-D BOARD_HAS_PSRAM" "-D ARDUINO_USB_MODE=1" "-D ARDUINO_RUNNING_CORE=1" "-D ARDUINO_EVENT_RUNNING_CORE=1" "-D ARDUINO_USB_CDC_ON_BOOT=0" "-D JC8048W550" "-D DISPLAY_WIDTH=800" "-D DISPLAY_HEIGHT=480" "-D DISPLAY_SOFTWARE_ROTATION" "-D LVGL_BUFFER_PIXELS=(DISPLAY_WIDTH*DISPLAY_HEIGHT)" "-D LVGL_BUFFER_MALLOC_FLAGS=(MALLOC_CAP_SPIRAM|MALLOC_CAP_8BIT)" "-D GPIO_BCKL=2" "-D DISPLAY_ST7262_PAR" "-D ST7262_PANEL_CONFIG_CLK_SRC=LCD_CLK_SRC_PLL160M" "-D ST7262_PANEL_CONFIG_TIMINGS_PCLK_HZ=(16*1000000)" "-D ST7262_PANEL_CONFIG_TIMINGS_H_RES=DISPLAY_WIDTH" "-D ST7262_PANEL_CONFIG_TIMINGS_V_RES=DISPLAY_HEIGHT" "-D ST7262_PANEL_CONFIG_TIMINGS_HSYNC_PULSE_WIDTH=4" "-D ST7262_PANEL_CONFIG_TIMINGS_HSYNC_BACK_PORCH=8" "-D ST7262_PANEL_CONFIG_TIMINGS_HSYNC_FRONT_PORCH=8" "-D ST7262_PANEL_CONFIG_TIMINGS_VSYNC_PULSE_WIDTH=4" "-D ST7262_PANEL_CONFIG_TIMINGS_VSYNC_BACK_PORCH=8" "-D ST7262_PANEL_CONFIG_TIMINGS_VSYNC_FRONT_PORCH=8" "-D ST7262_PANEL_CONFIG_TIMINGS_FLAGS_HSYNC_IDLE_LOW=false" "-D ST7262_PANEL_CONFIG_TIMINGS_FLAGS_VSYNC_IDLE_LOW=false" "-D ST7262_PANEL_CONFIG_TIMINGS_FLAGS_DE_IDLE_HIGH=false" "-D ST7262_PANEL_CONFIG_TIMINGS_FLAGS_PCLK_ACTIVE_NEG=true" "-D ST7262_PANEL_CONFIG_TIMINGS_FLAGS_PCLK_IDLE_HIGH=false" "-D ST7262_PANEL_CONFIG_DATA_WIDTH=16" "-D ST7262_PANEL_CONFIG_SRAM_TRANS_ALIGN=4" "-D ST7262_PANEL_CONFIG_PSRAM_TRANS_ALIGN=64" "-D ST7262_PANEL_CONFIG_HSYNC_GPIO_NUM=39" "-D ST7262_PANEL_CONFIG_VSYNC_GPIO_NUM=41" "-D ST7262_PANEL_CONFIG_DE_GPIO_NUM=40" "-D ST7262_PANEL_CONFIG_PCLK_GPIO_NUM=42" "-D ST7262_PANEL_CONFIG_DATA_GPIO_R0=8" "-D ST7262_PANEL_CONFIG_DATA_GPIO_R1=3" "-D ST7262_PANEL_CONFIG_DATA_GPIO_R2=46" "-D ST7262_PANEL_CONFIG_DATA_GPIO_R3=9" "-D ST7262_PANEL_CONFIG_DATA_GPIO_R4=1" "-D ST7262_PANEL_CONFIG_DATA_GPIO_G0=5" "-D ST7262_PANEL_CONFIG_DATA_GPIO_G1=6" "-D ST7262_PANEL_CONFIG_DATA_GPIO_G2=7" "-D ST7262_PANEL_CONFIG_DATA_GPIO_G3=15" "-D ST7262_PANEL_CONFIG_DATA_GPIO_G4=16" "-D ST7262_PANEL_CONFIG_DATA_GPIO_G5=4" "-D ST7262_PANEL_CONFIG_DATA_GPIO_B0=45" "-D ST7262_PANEL_CONFIG_DATA_GPIO_B1=48" "-D ST7262_PANEL_CONFIG_DATA_GPIO_B2=47" "-D ST7262_PANEL_CONFIG_DATA_GPIO_B3=21" "-D ST7262_PANEL_CONFIG_DATA_GPIO_B4=14" "-D ST7262_PANEL_CONFIG_DISP_GPIO_NUM=GPIO_NUM_NC" "-D ST7262_PANEL_CONFIG_FLAGS_DISP_ACTIVE_LOW=false" "-D ST7262_PANEL_CONFIG_FLAGS_RELAX_ON_IDLE=false" "-D ST7262_PANEL_CONFIG_FLAGS_FB_IN_PSRAM=true" "-D DISPLAY_SWAP_XY=false" "-D DISPLAY_MIRROR_X=false" "-D DISPLAY_MIRROR_Y=false" "-D BOARD_HAS_TOUCH" "-D CONFIG_ESP_LCD_TOUCH_MAX_POINTS=1" "-D CONFIG_ESP_LCD_TOUCH_MAX_BUTTONS=0" "-D TOUCH_GT911_I2C" "-D GT911_I2C_HOST=I2C_NUM_0" "-D GT911_I2C_CONFIG_SDA_IO_NUM=19" "-D GT911_I2C_CONFIG_SCL_IO_NUM=20" "-D GT911_I2C_CONFIG_SDA_PULLUP_EN=GPIO_PULLUP_DISABLE" "-D GT911_I2C_CONFIG_SCL_PULLUP_EN=GPIO_PULLUP_DISABLE" "-D GT911_I2C_CONFIG_MASTER_CLK_SPEED=400000" "-D GT911_I2C_CONFIG_CLK_FLAGS=I2C_SCLK_SRC_FLAG_FOR_NOMAL" "-D GT911_IO_I2C_CONFIG_DEV_ADDR=GT911_IO_I2C_CONFIG_DEV_ADDRESS_5D" "-D GT911_IO_I2C_CONFIG_CONTROL_PHASE_BYTES=1" "-D GT911_IO_I2C_CONFIG_DC_BIT_OFFSET=0" "-D GT911_IO_I2C_CONFIG_LCD_CMD_BITS=16" "-D GT911_IO_I2C_CONFIG_LCD_PARAM_BITS=0" "-D GT911_IO_I2C_CONFIG_FLAGS_DC_LOW_ON_DATA=false" "-D GT911_IO_I2C_CONFIG_FLAGS_DISABLE_CONTROL_PHASE=true" "-D GT911_TOUCH_CONFIG_X_MAX=DISPLAY_WIDTH" "-D GT911_TOUCH_CONFIG_Y_MAX=DISPLAY_HEIGHT" "-D GT911_TOUCH_CONFIG_RST_GPIO_NUM=38" "-D GT911_TOUCH_CONFIG_INT_GPIO_NUM=18" "-D GT911_TOUCH_CONFIG_LEVELS_RESET=0" "-D GT911_TOUCH_CONFIG_LEVELS_INTERRUPT=0" "-D TOUCH_SWAP_XY=false" "-D TOUCH_MIRROR_X=false" "-D TOUCH_MIRROR_Y=false" "-D BOARD_HAS_TF" "-D TF_CS=10" "-D TF_SPI_MOSI=11" "-D TF_SPI_SCLK=12" "-D TF_SPI_MISO=13" -DLV_USE_DRAW_SW_ASM=0 -DLV_CONF_INCLUDE_SIMPLE -DBOARD_HAS_PSRAM -DARDUINO_USB_MODE=1 -DESP_PLATFORM -DCONFIG_LCD_COLOR_FORMAT_RGB565=1 -DCONFIG_LCD_AUTO_FLUSH=1 -DCONFIG_SPIRAM_CACHE_WORKAROUND=1 -DHAVE_CONFIG_H -DMBEDTLS_CONFIG_FILE=\"mbedtls/esp_config.h\" -DUNITY_INCLUDE_CONFIG_H -DWITH_POSIX -D_GNU_SOURCE -DIDF_VER=\"v4.4.7-dirty\" -DESP_PLATFORM -D_POSIX_READER_WRITER_LOCKS -DARDUINO_ARCH_ESP32 -DESP32 -DF_CPU=240000000L -DARDUINO=10812 -DARDUINO_VARIANT=\"esp32s3\" -DARDUINO_BOARD=\"JC8048W550\" -DARDUINO_PARTITION_default -IC:/Users/playa/.platformio/packages/framework-arduinoespressif32/libraries/FS/src -Isrc -IC:/Users/playa/.platformio/packages/framework-arduinoespressif32/tools/sdk/esp32s3/include/newlib/platform_include -IC:/Users/playa/.platformio/packages/framework-arduinoespressif32/tools/sdk/esp32s3/include/freertos/include -IC:/Users/playa/.platformio/packages/framework-arduinoespressif32/tools/sdk/esp32s3/include/freertos/include/esp_additions/freertos -IC:/Users/playa/.platformio/packages/framework-arduinoespressif32/tools/sdk/esp32s3/include/freertos/port/xtensa/include -IC:/Users/playa/.platformio/packages/framework-arduinoespressif32/tools/sdk/esp32s3/include/freertos/include/esp_additions -IC:/Users/playa/.platformio/packages/framework-arduinoespressif32/tools/sdk/esp32s3/include/esp_hw_support/include -IC:/Users/playa/.platformio/packages/framework-arduinoespressif32/tools/sdk/esp32s3/include/esp_hw_support/include/soc -IC:/Users/playa/.platformio/packages/framework-arduinoespressif32/tools/sdk/esp32s3/include/esp_hw_support/include/soc/esp32s3 -IC:/Users/playa/.platformio/packages/framework-arduinoespressif32/tools/sdk/esp32s3/include/esp_hw_support/port/esp32s3 -IC:/Users/playa/.platformio/packages/framework-arduinoespressif32/tools/sdk/esp32s3/include/esp_hw_support/port/esp32s3/private_include -IC:/Users/playa/.platformio/packages/framework-arduinoespressif32/tools/sdk/esp32s3/include/heap/include -IC:/Users/playa/.platformio/packages/framework-arduinoespressif32/tools/sdk/esp32s3/include/log/include -IC:/Users/playa/.platformio/packages/framework-arduinoespressif32/tools/sdk/esp32s3/include/lwip/include/apps -IC:/Users/playa/.platformio/packages/framework-arduinoespressif32/tools/sdk/esp32s3/include/lwip/include/apps/sntp -IC:/Users/playa/.platformio/packages/framework-arduinoespressif32/tools/sdk/esp32s3/include/lwip/lwip/src/include -IC:/Users/playa/.platformio/packages/framework-arduinoespressif32/tools/sdk/esp32s3/include/lwip/port/esp32/include -IC:/Users/playa/.platformio/packages/framework-arduinoespressif32/tools/sdk/esp32s3/include/lwip/port/esp32/include/arch -IC:/Users/playa/.platformio/packages/framework-arduinoespressif32/tools/sdk/esp32s3/include/soc/include -IC:/Users/playa/.platformio/packages/framework-arduinoespressif32/tools/sdk/esp32s3/include/soc/esp32s3 -IC:/Users/playa/.platformio/packages/framework-arduinoespressif32/tools/sdk/esp32s3/include/soc/esp32s3/include -IC:/Users/playa/.platformio/packages/framework-arduinoespressif32/tools/sdk/esp32s3/include/hal/esp32s3/include -IC:/Users/playa/.platformio/packages/framework-arduinoespressif32/tools/sdk/esp32s3/include/hal/include -IC:/Users/playa/.platformio/packages/framework-arduinoespressif32/tools/sdk/esp32s3/include/hal/platform_port/include -IC:/Users/playa/.platformio/packages/framework-arduinoespressif32/tools/sdk/esp32s3/include/esp_rom/include -IC:/Users/playa/.platformio/packages/framework-arduinoespressif32/tools/sdk/esp32s3/include/esp_rom/include/esp32s3 -IC:/Users/playa/.platformio/packages/framework-arduinoespressif32/tools/sdk/esp32s3/include/esp_rom/esp32s3 -IC:/Users/playa/.platformio/packages/framework-arduinoespressif32/tools/sdk/esp32s3/include/esp_common/include -IC:/Users/playa/.platformio/packages/framework-arduinoespressif32/tools/sdk/esp32s3/include/esp_system/include -IC:/Users/playa/.platformio/packages/framework-arduinoespressif32/tools/sdk/esp32s3/include/esp_system/port/soc -IC:/Users/playa/.platformio/packages/framework-arduinoespressif32/tools/sdk/esp32s3/include/esp_system/port/public_compat -IC:/Users/playa/.platformio/packages/framework-arduinoespressif32/tools/sdk/esp32s3/include/xtensa/include -IC:/Users/playa/.platformio/packages/framework-arduinoespressif32/tools/sdk/esp32s3/include/xtensa/esp32s3/include -IC:/Users/playa/.platformio/packages/framework-arduinoespressif32/tools/sdk/esp32s3/include/driver/include -IC:/Users/playa/.platformio/packages/framework-arduinoespressif32/tools/sdk/esp32s3/include/driver/esp32s3/include -IC:/Users/playa/.platformio/packages/framework-arduinoespressif32/tools/sdk/esp32s3/include/esp_pm/include -IC:/Users/playa/.platformio/packages/framework-arduinoespressif32/tools/sdk/esp32s3/include/esp_ringbuf/include -IC:/Users/playa/.platformio/packages/framework-arduinoespressif32/tools/sdk/esp32s3/include/efuse/include -IC:/Users/playa/.platformio/packages/framework-arduinoespressif32/tools/sdk/esp32s3/include/efuse/esp32s3/include -IC:/Users/playa/.platformio/packages/framework-arduinoespressif32/tools/sdk/esp32s3/include/vfs/include -IC:/Users/playa/.platformio/packages/framework-arduinoespressif32/tools/sdk/esp32s3/include/esp_wifi/include -IC:/Users/playa/.platformio/packages/framework-arduinoespressif32/tools/sdk/esp32s3/include/esp_event/include -IC:/Users/playa/.platformio/packages/framework-arduinoespressif32/tools/sdk/esp32s3/include/esp_netif/include -IC:/Users/playa/.platformio/packages/framework-arduinoespressif32/tools/sdk/esp32s3/include/esp_eth/include -IC:/Users/playa/.platformio/packages/framework-arduinoespressif32/tools/sdk/esp32s3/include/tcpip_adapter/include -IC:/Users/playa/.platformio/packages/framework-arduinoespressif32/tools/sdk/esp32s3/include/esp_phy/include -IC:/Users/playa/.platformio/packages/framework-arduinoespressif32/tools/sdk/esp32s3/include/esp_phy/esp32s3/include -IC:/Users/playa/.platformio/packages/framework-arduinoespressif32/tools/sdk/esp32s3/include/esp_ipc/include -IC:/Users/playa/.platformio/packages/framework-arduinoespressif32/tools/sdk/esp32s3/include/app_trace/include -IC:/Users/playa/.platformio/packages/framework-arduinoespressif32/tools/sdk/esp32s3/include/esp_timer/include -IC:/Users/playa/.platformio/packages/framework-arduinoespressif32/tools/sdk/esp32s3/include/mbedtls/port/include -IC:/Users/playa/.platformio/packages/framework-arduinoespressif32/tools/sdk/esp32s3/include/mbedtls/mbedtls/include -IC:/Users/playa/.platformio/packages/framework-arduinoespressif32/tools/sdk/esp32s3/include/mbedtls/esp_crt_bundle/include -IC:/Users/playa/.platformio/packages/framework-arduinoespressif32/tools/sdk/esp32s3/include/app_update/include -IC:/Users/playa/.platformio/packages/framework-arduinoespressif32/tools/sdk/esp32s3/include/spi_flash/include -IC:/Users/playa/.platformio/packages/framework-arduinoespressif32/tools/sdk/esp32s3/include/bootloader_support/include -IC:/Users/playa/.platformio/packages/framework-arduinoespressif32/tools/sdk/esp32s3/include/nvs_flash/include -IC:/Users/playa/.platformio/packages/framework-arduinoespressif32/tools/sdk/esp32s3/include/pthread/include -IC:/Users/playa/.platformio/packages/framework-arduinoespressif32/tools/sdk/esp32s3/include/esp_gdbstub/include -IC:/Users/playa/.platformio/packages/framework-arduinoespressif32/tools/sdk/esp32s3/include/esp_gdbstub/xtensa -IC:/Users/playa/.platformio/packages/framework-arduinoespressif32/tools/sdk/esp32s3/include/esp_gdbstub/esp32s3 -IC:/Users/playa/.platformio/packages/framework-arduinoespressif32/tools/sdk/esp32s3/include/espcoredump/include -IC:/Users/playa/.platformio/packages/framework-arduinoespressif32/tools/sdk/esp32s3/include/espcoredump/include/port/xtensa -IC:/Users/playa/.platformio/packages/framework-arduinoespressif32/tools/sdk/esp32s3/include/wpa_supplicant/include -IC:/Users/playa/.platformio/packages/framework-arduinoespressif32/tools/sdk/esp32s3/include/wpa_supplicant/port/include -IC:/Users/playa/.platformio/packages/framework-arduinoespressif32/tools/sdk/esp32s3/include/wpa_supplicant/esp_supplicant/include -IC:/Users/playa/.platformio/packages/framework-arduinoespressif32/tools/sdk/esp32s3/include/ieee802154/include -IC:/Users/playa/.platformio/packages/framework-arduinoespressif32/tools/sdk/esp32s3/include/console -IC:/Users/playa/.platformio/packages/framework-arduinoespressif32/tools/sdk/esp32s3/include/asio/asio/asio/include -IC:/Users/playa/.platformio/packages/framework-arduinoespressif32/tools/sdk/esp32s3/include/asio/port/include -IC:/Users/playa/.platformio/packages/framework-arduinoespressif32/tools/sdk/esp32s3/include/bt/common/osi/include -IC:/Users/playa/.platformio/packages/framework-arduinoespressif32/tools/sdk/esp32s3/include/bt/include/esp32c3/include -IC:/Users/playa/.platformio/packages/framework-arduinoespressif32/tools/sdk/esp32s3/include/bt/common/api/include/api -IC:/Users/playa/.platformio/packages/framework-arduinoespressif32/tools/sdk/esp32s3/include/bt/common/btc/profile/esp/blufi/include -IC:/Users/playa/.platformio/packages/framework-arduinoespressif32/tools/sdk/esp32s3/include/bt/common/btc/profile/esp/include -IC:/Users/playa/.platformio/packages/framework-arduinoespressif32/tools/sdk/esp32s3/include/bt/host/bluedroid/api/include/api -IC:/Users/playa/.platformio/packages/framework-arduinoespressif32/tools/sdk/esp32s3/include/bt/esp_ble_mesh/mesh_common/include -IC:/Users/playa/.platformio/packages/framework-arduinoespressif32/tools/sdk/esp32s3/include/bt/esp_ble_mesh/mesh_common/tinycrypt/include -IC:/Users/playa/.platformio/packages/framework-arduinoespressif32/tools/sdk/esp32s3/include/bt/esp_ble_mesh/mesh_core -IC:/Users/playa/.platformio/packages/framework-arduinoespressif32/tools/sdk/esp32s3/include/bt/esp_ble_mesh/mesh_core/include -IC:/Users/playa/.platformio/packages/framework-arduinoespressif32/tools/sdk/esp32s3/include/bt/esp_ble_mesh/mesh_core/storage -IC:/Users/playa/.platformio/packages/framework-arduinoespressif32/tools/sdk/esp32s3/include/bt/esp_ble_mesh/btc/include -IC:/Users/playa/.platformio/packages/framework-arduinoespressif32/tools/sdk/esp32s3/include/bt/esp_ble_mesh/mesh_models/common/include -IC:/Users/playa/.platformio/packages/framework-arduinoespressif32/tools/sdk/esp32s3/include/bt/esp_ble_mesh/mesh_models/client/include -IC:/Users/playa/.platformio/packages/framework-arduinoespressif32/tools/sdk/esp32s3/include/bt/esp_ble_mesh/mesh_models/server/include -IC:/Users/playa/.platformio/packages/framework-arduinoespressif32/tools/sdk/esp32s3/include/bt/esp_ble_mesh/api/core/include -IC:/Users/playa/.platformio/packages/framework-arduinoespressif32/tools/sdk/esp32s3/include/bt/esp_ble_mesh/api/models/include -IC:/Users/playa/.platformio/packages/framework-arduinoespressif32/tools/sdk/esp32s3/include/bt/esp_ble_mesh/api -IC:/Users/playa/.platformio/packages/framework-arduinoespressif32/tools/sdk/esp32s3/include/cbor/port/include -IC:/Users/playa/.platformio/packages/framework-arduinoespressif32/tools/sdk/esp32s3/include/unity/include -IC:/Users/playa/.platformio/packages/framework-arduinoespressif32/tools/sdk/esp32s3/include/unity/unity/src -IC:/Users/playa/.platformio/packages/framework-arduinoespressif32/tools/sdk/esp32s3/include/cmock/CMock/src -IC:/Users/playa/.platformio/packages/framework-arduinoespressif32/tools/sdk/esp32s3/include/coap/port/include -IC:/Users/playa/.platformio/packages/framework-arduinoespressif32/tools/sdk/esp32s3/include/coap/libcoap/include -IC:/Users/playa/.platformio/packages/framework-arduinoespressif32/tools/sdk/esp32s3/include/nghttp/port/include -IC:/Users/playa/.platformio/packages/framework-arduinoespressif32/tools/sdk/esp32s3/include/nghttp/nghttp2/lib/includes -IC:/Users/playa/.platformio/packages/framework-arduinoespressif32/tools/sdk/esp32s3/include/esp-tls -IC:/Users/playa/.platformio/packages/framework-arduinoespressif32/tools/sdk/esp32s3/include/esp-tls/esp-tls-crypto -IC:/Users/playa/.platformio/packages/framework-arduinoespressif32/tools/sdk/esp32s3/include/esp_adc_cal/include -IC:/Users/playa/.platformio/packages/framework-arduinoespressif32/tools/sdk/esp32s3/include/esp_hid/include -IC:/Users/playa/.platformio/packages/framework-arduinoespressif32/tools/sdk/esp32s3/include/tcp_transport/include -IC:/Users/playa/.platformio/packages/framework-arduinoespressif32/tools/sdk/esp32s3/include/esp_http_client/include -IC:/Users/playa/.platformio/packages/framework-arduinoespressif32/tools/sdk/esp32s3/include/esp_http_server/include -IC:/Users/playa/.platformio/packages/framework-arduinoespressif32/tools/sdk/esp32s3/include/esp_https_ota/include -IC:/Users/playa/.platformio/packages/framework-arduinoespressif32/tools/sdk/esp32s3/include/esp_https_server/include -IC:/Users/playa/.platformio/packages/framework-arduinoespressif32/tools/sdk/esp32s3/include/esp_lcd/include -IC:/Users/playa/.platformio/packages/framework-arduinoespressif32/tools/sdk/esp32s3/include/esp_lcd/interface -IC:/Users/playa/.platformio/packages/framework-arduinoespressif32/tools/sdk/esp32s3/include/protobuf-c/protobuf-c -IC:/Users/playa/.platformio/packages/framework-arduinoespressif32/tools/sdk/esp32s3/include/protocomm/include/common -IC:/Users/playa/.platformio/packages/framework-arduinoespressif32/tools/sdk/esp32s3/include/protocomm/include/security -IC:/Users/playa/.platformio/packages/framework-arduinoespressif32/tools/sdk/esp32s3/include/protocomm/include/transports -IC:/Users/playa/.platformio/packages/framework-arduinoespressif32/tools/sdk/esp32s3/include/mdns/include -IC:/Users/playa/.platformio/packages/framework-arduinoespressif32/tools/sdk/esp32s3/include/esp_local_ctrl/include -IC:/Users/playa/.platformio/packages/framework-arduinoespressif32/tools/sdk/esp32s3/include/sdmmc/include -IC:/Users/playa/.platformio/packages/framework-arduinoespressif32/tools/sdk/esp32s3/include/esp_serial_slave_link/include -IC:/Users/playa/.platformio/packages/framework-arduinoespressif32/tools/sdk/esp32s3/include/esp_websocket_client/include -IC:/Users/playa/.platformio/packages/framework-arduinoespressif32/tools/sdk/esp32s3/include/expat/expat/expat/lib -IC:/Users/playa/.platformio/packages/framework-arduinoespressif32/tools/sdk/esp32s3/include/expat/port/include -IC:/Users/playa/.platformio/packages/framework-arduinoespressif32/tools/sdk/esp32s3/include/wear_levelling/include -IC:/Users/playa/.platformio/packages/framework-arduinoespressif32/tools/sdk/esp32s3/include/fatfs/diskio -IC:/Users/playa/.platformio/packages/framework-arduinoespressif32/tools/sdk/esp32s3/include/fatfs/vfs -IC:/Users/playa/.platformio/packages/framework-arduinoespressif32/tools/sdk/esp32s3/include/fatfs/src -IC:/Users/playa/.platformio/packages/framework-arduinoespressif32/tools/sdk/esp32s3/include/freemodbus/freemodbus/common/include -IC:/Users/playa/.platformio/packages/framework-arduinoespressif32/tools/sdk/esp32s3/include/idf_test/include -IC:/Users/playa/.platformio/packages/framework-arduinoespressif32/tools/sdk/esp32s3/include/idf_test/include/esp32s3 -IC:/Users/playa/.platformio/packages/framework-arduinoespressif32/tools/sdk/esp32s3/include/jsmn/include -IC:/Users/playa/.platformio/packages/framework-arduinoespressif32/tools/sdk/esp32s3/include/json/cJSON -IC:/Users/playa/.platformio/packages/framework-arduinoespressif32/tools/sdk/esp32s3/include/libsodium/libsodium/src/libsodium/include -IC:/Users/playa/.platformio/packages/framework-arduinoespressif32/tools/sdk/esp32s3/include/libsodium/port_include -IC:/Users/playa/.platformio/packages/framework-arduinoespressif32/tools/sdk/esp32s3/include/mqtt/esp-mqtt/include -IC:/Users/playa/.platformio/packages/framework-arduinoespressif32/tools/sdk/esp32s3/include/openssl/include -IC:/Users/playa/.platformio/packages/framework-arduinoespressif32/tools/sdk/esp32s3/include/perfmon/include -IC:/Users/playa/.platformio/packages/framework-arduinoespressif32/tools/sdk/esp32s3/include/spiffs/include -IC:/Users/playa/.platformio/packages/framework-arduinoespressif32/tools/sdk/esp32s3/include/usb/include -IC:/Users/playa/.platformio/packages/framework-arduinoespressif32/tools/sdk/esp32s3/include/ulp/include -IC:/Users/playa/.platformio/packages/framework-arduinoespressif32/tools/sdk/esp32s3/include/wifi_provisioning/include -IC:/Users/playa/.platformio/packages/framework-arduinoespressif32/tools/sdk/esp32s3/include/rmaker_common/include -IC:/Users/playa/.platformio/packages/framework-arduinoespressif32/tools/sdk/esp32s3/include/esp_diagnostics/include -IC:/Users/playa/.platformio/packages/framework-arduinoespressif32/tools/sdk/esp32s3/include/rtc_store/include -IC:/Users/playa/.platformio/packages/framework-arduinoespressif32/tools/sdk/esp32s3/include/esp_insights/include -IC:/Users/playa/.platformio/packages/framework-arduinoespressif32/tools/sdk/esp32s3/include/json_parser/upstream/include -IC:/Users/playa/.platformio/packages/framework-arduinoespressif32/tools/sdk/esp32s3/include/json_parser/upstream -IC:/Users/playa/.platformio/packages/framework-arduinoespressif32/tools/sdk/esp32s3/include/json_generator/upstream -IC:/Users/playa/.platformio/packages/framework-arduinoespressif32/tools/sdk/esp32s3/include/esp_schedule/include -IC:/Users/playa/.platformio/packages/framework-arduinoespressif32/tools/sdk/esp32s3/include/espressif__esp_secure_cert_mgr/include -IC:/Users/playa/.platformio/packages/framework-arduinoespressif32/tools/sdk/esp32s3/include/esp_rainmaker/include -IC:/Users/playa/.platformio/packages/framework-arduinoespressif32/tools/sdk/esp32s3/include/gpio_button/button/include -IC:/Users/playa/.platformio/packages/framework-arduinoespressif32/tools/sdk/esp32s3/include/qrcode/include -IC:/Users/playa/.platformio/packages/framework-arduinoespressif32/tools/sdk/esp32s3/include/ws2812_led -IC:/Users/playa/.platformio/packages/framework-arduinoespressif32/tools/sdk/esp32s3/include/freertos/include/freertos -IC:/Users/playa/.platformio/packages/framework-arduinoespressif32/tools/sdk/esp32s3/include/arduino_tinyusb/tinyusb/src -IC:/Users/playa/.platformio/packages/framework-arduinoespressif32/tools/sdk/esp32s3/include/arduino_tinyusb/include -IC:/Users/playa/.platformio/packages/framework-arduinoespressif32/tools/sdk/esp32s3/include/esp_littlefs/include -IC:/Users/playa/.platformio/packages/framework-arduinoespressif32/tools/sdk/esp32s3/include/esp-dl/include -IC:/Users/playa/.platformio/packages/framework-arduinoespressif32/tools/sdk/esp32s3/include/esp-dl/include/tool -IC:/Users/playa/.platformio/packages/framework-arduinoespressif32/tools/sdk/esp32s3/include/esp-dl/include/typedef -IC:/Users/playa/.platformio/packages/framework-arduinoespressif32/tools/sdk/esp32s3/include/esp-dl/include/image -IC:/Users/playa/.platformio/packages/framework-arduinoespressif32/tools/sdk/esp32s3/include/esp-dl/include/math -IC:/Users/playa/.platformio/packages/framework-arduinoespressif32/tools/sdk/esp32s3/include/esp-dl/include/nn -IC:/Users/playa/.platformio/packages/framework-arduinoespressif32/tools/sdk/esp32s3/include/esp-dl/include/layer -IC:/Users/playa/.platformio/packages/framework-arduinoespressif32/tools/sdk/esp32s3/include/esp-dl/include/detect -IC:/Users/playa/.platformio/packages/framework-arduinoespressif32/tools/sdk/esp32s3/include/esp-dl/include/model_zoo -IC:/Users/playa/.platformio/packages/framework-arduinoespressif32/tools/sdk/esp32s3/include/esp32-camera/driver/include -IC:/Users/playa/.platformio/packages/framework-arduinoespressif32/tools/sdk/esp32s3/include/esp32-camera/conversions/include -IC:/Users/playa/.platformio/packages/framework-arduinoespressif32/tools/sdk/esp32s3/include/espressif__esp-dsp/modules/dotprod/include -IC:/Users/playa/.platformio/packages/framework-arduinoespressif32/tools/sdk/esp32s3/include/espressif__esp-dsp/modules/support/include -IC:/Users/playa/.platformio/packages/framework-arduinoespressif32/tools/sdk/esp32s3/include/espressif__esp-dsp/modules/support/mem/include -IC:/Users/playa/.platformio/packages/framework-arduinoespressif32/tools/sdk/esp32s3/include/espressif__esp-dsp/modules/windows/include -IC:/Users/playa/.platformio/packages/framework-arduinoespressif32/tools/sdk/esp32s3/include/espressif__esp-dsp/modules/windows/hann/include -IC:/Users/playa/.platformio/packages/framework-arduinoespressif32/tools/sdk/esp32s3/include/espressif__esp-dsp/modules/windows/blackman/include -IC:/Users/playa/.platformio/packages/framework-arduinoespressif32/tools/sdk/esp32s3/include/espressif__esp-dsp/modules/windows/blackman_harris/include -IC:/Users/playa/.platformio/packages/framework-arduinoespressif32/tools/sdk/esp32s3/include/espressif__esp-dsp/modules/windows/blackman_nuttall/include -IC:/Users/playa/.platformio/packages/framework-arduinoespressif32/tools/sdk/esp32s3/include/espressif__esp-dsp/modules/windows/nuttall/include -IC:/Users/playa/.platformio/packages/framework-arduinoespressif32/tools/sdk/esp32s3/include/espressif__esp-dsp/modules/windows/flat_top/include -IC:/Users/playa/.platformio/packages/framework-arduinoespressif32/tools/sdk/esp32s3/include/espressif__esp-dsp/modules/iir/include -IC:/Users/playa/.platformio/packages/framework-arduinoespressif32/tools/sdk/esp32s3/include/espressif__esp-dsp/modules/fir/include -IC:/Users/playa/.platformio/packages/framework-arduinoespressif32/tools/sdk/esp32s3/include/espressif__esp-dsp/modules/math/include -IC:/Users/playa/.platformio/packages/framework-arduinoespressif32/tools/sdk/esp32s3/include/espressif__esp-dsp/modules/math/add/include -IC:/Users/playa/.platformio/packages/framework-arduinoespressif32/tools/sdk/esp32s3/include/espressif__esp-dsp/modules/math/sub/include -IC:/Users/playa/.platformio/packages/framework-arduinoespressif32/tools/sdk/esp32s3/include/espressif__esp-dsp/modules/math/mul/include -IC:/Users/playa/.platformio/packages/framework-arduinoespressif32/tools/sdk/esp32s3/include/espressif__esp-dsp/modules/math/addc/include -IC:/Users/playa/.platformio/packages/framework-arduinoespressif32/tools/sdk/esp32s3/include/espressif__esp-dsp/modules/math/mulc/include -IC:/Users/playa/.platformio/packages/framework-arduinoespressif32/tools/sdk/esp32s3/include/espressif__esp-dsp/modules/math/sqrt/include -IC:/Users/playa/.platformio/packages/framework-arduinoespressif32/tools/sdk/esp32s3/include/espressif__esp-dsp/modules/matrix/mul/include -IC:/Users/playa/.platformio/packages/framework-arduinoespressif32/tools/sdk/esp32s3/include/espressif__esp-dsp/modules/matrix/add/include -IC:/Users/playa/.platformio/packages/framework-arduinoespressif32/tools/sdk/esp32s3/include/espressif__esp-dsp/modules/matrix/addc/include -IC:/Users/playa/.platformio/packages/framework-arduinoespressif32/tools/sdk/esp32s3/include/espressif__esp-dsp/modules/matrix/mulc/include -IC:/Users/playa/.platformio/packages/framework-arduinoespressif32/tools/sdk/esp32s3/include/espressif__esp-dsp/modules/matrix/sub/include -IC:/Users/playa/.platformio/packages/framework-arduinoespressif32/tools/sdk/esp32s3/include/espressif__esp-dsp/modules/matrix/include -IC:/Users/playa/.platformio/packages/framework-arduinoespressif32/tools/sdk/esp32s3/include/espressif__esp-dsp/modules/fft/include -IC:/Users/playa/.platformio/packages/framework-arduinoespressif32/tools/sdk/esp32s3/include/espressif__esp-dsp/modules/dct/include -IC:/Users/playa/.platformio/packages/framework-arduinoespressif32/tools/sdk/esp32s3/include/espressif__esp-dsp/modules/conv/include -IC:/Users/playa/.platformio/packages/framework-arduinoespressif32/tools/sdk/esp32s3/include/espressif__esp-dsp/modules/common/include -IC:/Users/playa/.platformio/packages/framework-arduinoespressif32/tools/sdk/esp32s3/include/espressif__esp-dsp/modules/matrix/mul/test/include -IC:/Users/playa/.platformio/packages/framework-arduinoespressif32/tools/sdk/esp32s3/include/espressif__esp-dsp/modules/kalman/ekf/include -IC:/Users/playa/.platformio/packages/framework-arduinoespressif32/tools/sdk/esp32s3/include/espressif__esp-dsp/modules/kalman/ekf_imu13states/include -IC:/Users/playa/.platformio/packages/framework-arduinoespressif32/tools/sdk/esp32s3/include/fb_gfx/include -IC:/Users/playa/.platformio/packages/framework-arduinoespressif32/tools/sdk/esp32s3/qio_opi/include -IC:/Users/playa/.platformio/packages/framework-arduinoespressif32/cores/esp32 -IC:/Users/playa/.platformio/packages/framework-arduinoespressif32/variants/esp32s3 C:/Users/playa/.platformio/packages/framework-arduinoespressif32/libraries/FS/src/FS.cpp
xtensa-esp32s3-elf-g++ @C:\Users\playa\OneDrive\Documents\PlatformIO\Projects\Display_Test\.pio\build\JC8048W550\tmpikap0fb_.tmp
src/ui/ui_img_200339424.c:993:13: error: 'lv_image_header_t' {aka 'struct <anonymous>'} has no member named 'always_zero'
     .header.always_zero = 0,
             ^~~~~~~~~~~
src/ui/ui_img_200339424.c:997:18: error: 'LV_IMG_CF_TRUE_COLOR_ALPHA' undeclared here (not in a function)
     .header.cf = LV_IMG_CF_TRUE_COLOR_ALPHA,
                  ^~~~~~~~~~~~~~~~~~~~~~~~~~
Using tempfile C:\Users\playa\OneDrive\Documents\PlatformIO\Projects\Display_Test\.pio\build\JC8048W550\tmp198tbq96.tmp for command line:
xtensa-esp32s3-elf-g++ -o .pio/build/JC8048W550/lib68f/FS/vfs_api.cpp.o -c -std=gnu++11 -fexceptions -fno-rtti -Os -mlongcalls -ffunction-sections -fdata-sections -Wno-error=unused-function -Wno-error=unused-variable -Wno-error=deprecated-declarations -Wno-unused-parameter -Wno-sign-compare -ggdb -freorder-blocks -Wwrite-strings -fstack-protector -fstrict-volatile-bitfields -Wno-error=unused-but-set-variable -fno-jump-tables -fno-tree-switch-conversion -MMD -DPLATFORMIO=60118 "-D ARDUINO_ESP32S3_DEV" "-D BOARD_HAS_PSRAM" "-D ARDUINO_USB_MODE=1" "-D ARDUINO_RUNNING_CORE=1" "-D ARDUINO_EVENT_RUNNING_CORE=1" "-D ARDUINO_USB_CDC_ON_BOOT=0" "-D JC8048W550" "-D DISPLAY_WIDTH=800" "-D DISPLAY_HEIGHT=480" "-D DISPLAY_SOFTWARE_ROTATION" "-D LVGL_BUFFER_PIXELS=(DISPLAY_WIDTH*DISPLAY_HEIGHT)" "-D LVGL_BUFFER_MALLOC_FLAGS=(MALLOC_CAP_SPIRAM|MALLOC_CAP_8BIT)" "-D GPIO_BCKL=2" "-D DISPLAY_ST7262_PAR" "-D ST7262_PANEL_CONFIG_CLK_SRC=LCD_CLK_SRC_PLL160M" "-D ST7262_PANEL_CONFIG_TIMINGS_PCLK_HZ=(16*1000000)" "-D ST7262_PANEL_CONFIG_TIMINGS_H_RES=DISPLAY_WIDTH" "-D ST7262_PANEL_CONFIG_TIMINGS_V_RES=DISPLAY_HEIGHT" "-D ST7262_PANEL_CONFIG_TIMINGS_HSYNC_PULSE_WIDTH=4" "-D ST7262_PANEL_CONFIG_TIMINGS_HSYNC_BACK_PORCH=8" "-D ST7262_PANEL_CONFIG_TIMINGS_HSYNC_FRONT_PORCH=8" "-D ST7262_PANEL_CONFIG_TIMINGS_VSYNC_PULSE_WIDTH=4" "-D ST7262_PANEL_CONFIG_TIMINGS_VSYNC_BACK_PORCH=8" "-D ST7262_PANEL_CONFIG_TIMINGS_VSYNC_FRONT_PORCH=8" "-D ST7262_PANEL_CONFIG_TIMINGS_FLAGS_HSYNC_IDLE_LOW=false" "-D ST7262_PANEL_CONFIG_TIMINGS_FLAGS_VSYNC_IDLE_LOW=false" "-D ST7262_PANEL_CONFIG_TIMINGS_FLAGS_DE_IDLE_HIGH=false" "-D ST7262_PANEL_CONFIG_TIMINGS_FLAGS_PCLK_ACTIVE_NEG=true" "-D ST7262_PANEL_CONFIG_TIMINGS_FLAGS_PCLK_IDLE_HIGH=false" "-D ST7262_PANEL_CONFIG_DATA_WIDTH=16" "-D ST7262_PANEL_CONFIG_SRAM_TRANS_ALIGN=4" "-D ST7262_PANEL_CONFIG_PSRAM_TRANS_ALIGN=64" "-D ST7262_PANEL_CONFIG_HSYNC_GPIO_NUM=39" "-D ST7262_PANEL_CONFIG_VSYNC_GPIO_NUM=41" "-D ST7262_PANEL_CONFIG_DE_GPIO_NUM=40" "-D ST7262_PANEL_CONFIG_PCLK_GPIO_NUM=42" "-D ST7262_PANEL_CONFIG_DATA_GPIO_R0=8" "-D ST7262_PANEL_CONFIG_DATA_GPIO_R1=3" "-D ST7262_PANEL_CONFIG_DATA_GPIO_R2=46" "-D ST7262_PANEL_CONFIG_DATA_GPIO_R3=9" "-D ST7262_PANEL_CONFIG_DATA_GPIO_R4=1" "-D ST7262_PANEL_CONFIG_DATA_GPIO_G0=5" "-D ST7262_PANEL_CONFIG_DATA_GPIO_G1=6" "-D ST7262_PANEL_CONFIG_DATA_GPIO_G2=7" "-D ST7262_PANEL_CONFIG_DATA_GPIO_G3=15" "-D ST7262_PANEL_CONFIG_DATA_GPIO_G4=16" "-D ST7262_PANEL_CONFIG_DATA_GPIO_G5=4" "-D ST7262_PANEL_CONFIG_DATA_GPIO_B0=45" "-D ST7262_PANEL_CONFIG_DATA_GPIO_B1=48" "-D ST7262_PANEL_CONFIG_DATA_GPIO_B2=47" "-D ST7262_PANEL_CONFIG_DATA_GPIO_B3=21" "-D ST7262_PANEL_CONFIG_DATA_GPIO_B4=14" "-D ST7262_PANEL_CONFIG_DISP_GPIO_NUM=GPIO_NUM_NC" "-D ST7262_PANEL_CONFIG_FLAGS_DISP_ACTIVE_LOW=false" "-D ST7262_PANEL_CONFIG_FLAGS_RELAX_ON_IDLE=false" "-D ST7262_PANEL_CONFIG_FLAGS_FB_IN_PSRAM=true" "-D DISPLAY_SWAP_XY=false" "-D DISPLAY_MIRROR_X=false" "-D DISPLAY_MIRROR_Y=false" "-D BOARD_HAS_TOUCH" "-D CONFIG_ESP_LCD_TOUCH_MAX_POINTS=1" "-D CONFIG_ESP_LCD_TOUCH_MAX_BUTTONS=0" "-D TOUCH_GT911_I2C" "-D GT911_I2C_HOST=I2C_NUM_0" "-D GT911_I2C_CONFIG_SDA_IO_NUM=19" "-D GT911_I2C_CONFIG_SCL_IO_NUM=20" "-D GT911_I2C_CONFIG_SDA_PULLUP_EN=GPIO_PULLUP_DISABLE" "-D GT911_I2C_CONFIG_SCL_PULLUP_EN=GPIO_PULLUP_DISABLE" "-D GT911_I2C_CONFIG_MASTER_CLK_SPEED=400000" "-D GT911_I2C_CONFIG_CLK_FLAGS=I2C_SCLK_SRC_FLAG_FOR_NOMAL" "-D GT911_IO_I2C_CONFIG_DEV_ADDR=GT911_IO_I2C_CONFIG_DEV_ADDRESS_5D" "-D GT911_IO_I2C_CONFIG_CONTROL_PHASE_BYTES=1" "-D GT911_IO_I2C_CONFIG_DC_BIT_OFFSET=0" "-D GT911_IO_I2C_CONFIG_LCD_CMD_BITS=16" "-D GT911_IO_I2C_CONFIG_LCD_PARAM_BITS=0" "-D GT911_IO_I2C_CONFIG_FLAGS_DC_LOW_ON_DATA=false" "-D GT911_IO_I2C_CONFIG_FLAGS_DISABLE_CONTROL_PHASE=true" "-D GT911_TOUCH_CONFIG_X_MAX=DISPLAY_WIDTH" "-D GT911_TOUCH_CONFIG_Y_MAX=DISPLAY_HEIGHT" "-D GT911_TOUCH_CONFIG_RST_GPIO_NUM=38" "-D GT911_TOUCH_CONFIG_INT_GPIO_NUM=18" "-D GT911_TOUCH_CONFIG_LEVELS_RESET=0" "-D GT911_TOUCH_CONFIG_LEVELS_INTERRUPT=0" "-D TOUCH_SWAP_XY=false" "-D TOUCH_MIRROR_X=false" "-D TOUCH_MIRROR_Y=false" "-D BOARD_HAS_TF" "-D TF_CS=10" "-D TF_SPI_MOSI=11" "-D TF_SPI_SCLK=12" "-D TF_SPI_MISO=13" -DLV_USE_DRAW_SW_ASM=0 -DLV_CONF_INCLUDE_SIMPLE -DBOARD_HAS_PSRAM -DARDUINO_USB_MODE=1 -DESP_PLATFORM -DCONFIG_LCD_COLOR_FORMAT_RGB565=1 -DCONFIG_LCD_AUTO_FLUSH=1 -DCONFIG_SPIRAM_CACHE_WORKAROUND=1 -DHAVE_CONFIG_H -DMBEDTLS_CONFIG_FILE=\"mbedtls/esp_config.h\" -DUNITY_INCLUDE_CONFIG_H -DWITH_POSIX -D_GNU_SOURCE -DIDF_VER=\"v4.4.7-dirty\" -DESP_PLATFORM -D_POSIX_READER_WRITER_LOCKS -DARDUINO_ARCH_ESP32 -DESP32 -DF_CPU=240000000L -DARDUINO=10812 -DARDUINO_VARIANT=\"esp32s3\" -DARDUINO_BOARD=\"JC8048W550\" -DARDUINO_PARTITION_default -IC:/Users/playa/.platformio/packages/framework-arduinoespressif32/libraries/FS/src -Isrc -IC:/Users/playa/.platformio/packages/framework-arduinoespressif32/tools/sdk/esp32s3/include/newlib/platform_include -IC:/Users/playa/.platformio/packages/framework-arduinoespressif32/tools/sdk/esp32s3/include/freertos/include -IC:/Users/playa/.platformio/packages/framework-arduinoespressif32/tools/sdk/esp32s3/include/freertos/include/esp_additions/freertos -IC:/Users/playa/.platformio/packages/framework-arduinoespressif32/tools/sdk/esp32s3/include/freertos/port/xtensa/include -IC:/Users/playa/.platformio/packages/framework-arduinoespressif32/tools/sdk/esp32s3/include/freertos/include/esp_additions -IC:/Users/playa/.platformio/packages/framework-arduinoespressif32/tools/sdk/esp32s3/include/esp_hw_support/include -IC:/Users/playa/.platformio/packages/framework-arduinoespressif32/tools/sdk/esp32s3/include/esp_hw_support/include/soc -IC:/Users/playa/.platformio/packages/framework-arduinoespressif32/tools/sdk/esp32s3/include/esp_hw_support/include/soc/esp32s3 -IC:/Users/playa/.platformio/packages/framework-arduinoespressif32/tools/sdk/esp32s3/include/esp_hw_support/port/esp32s3 -IC:/Users/playa/.platformio/packages/framework-arduinoespressif32/tools/sdk/esp32s3/include/esp_hw_support/port/esp32s3/private_include -IC:/Users/playa/.platformio/packages/framework-arduinoespressif32/tools/sdk/esp32s3/include/heap/include -IC:/Users/playa/.platformio/packages/framework-arduinoespressif32/tools/sdk/esp32s3/include/log/include -IC:/Users/playa/.platformio/packages/framework-arduinoespressif32/tools/sdk/esp32s3/include/lwip/include/apps -IC:/Users/playa/.platformio/packages/framework-arduinoespressif32/tools/sdk/esp32s3/include/lwip/include/apps/sntp -IC:/Users/playa/.platformio/packages/framework-arduinoespressif32/tools/sdk/esp32s3/include/lwip/lwip/src/include -IC:/Users/playa/.platformio/packages/framework-arduinoespressif32/tools/sdk/esp32s3/include/lwip/port/esp32/include -IC:/Users/playa/.platformio/packages/framework-arduinoespressif32/tools/sdk/esp32s3/include/lwip/port/esp32/include/arch -IC:/Users/playa/.platformio/packages/framework-arduinoespressif32/tools/sdk/esp32s3/include/soc/include -IC:/Users/playa/.platformio/packages/framework-arduinoespressif32/tools/sdk/esp32s3/include/soc/esp32s3 -IC:/Users/playa/.platformio/packages/framework-arduinoespressif32/tools/sdk/esp32s3/include/soc/esp32s3/include -IC:/Users/playa/.platformio/packages/framework-arduinoespressif32/tools/sdk/esp32s3/include/hal/esp32s3/include -IC:/Users/playa/.platformio/packages/framework-arduinoespressif32/tools/sdk/esp32s3/include/hal/include -IC:/Users/playa/.platformio/packages/framework-arduinoespressif32/tools/sdk/esp32s3/include/hal/platform_port/include -IC:/Users/playa/.platformio/packages/framework-arduinoespressif32/tools/sdk/esp32s3/include/esp_rom/include -IC:/Users/playa/.platformio/packages/framework-arduinoespressif32/tools/sdk/esp32s3/include/esp_rom/include/esp32s3 -IC:/Users/playa/.platformio/packages/framework-arduinoespressif32/tools/sdk/esp32s3/include/esp_rom/esp32s3 -IC:/Users/playa/.platformio/packages/framework-arduinoespressif32/tools/sdk/esp32s3/include/esp_common/include -IC:/Users/playa/.platformio/packages/framework-arduinoespressif32/tools/sdk/esp32s3/include/esp_system/include -IC:/Users/playa/.platformio/packages/framework-arduinoespressif32/tools/sdk/esp32s3/include/esp_system/port/soc -IC:/Users/playa/.platformio/packages/framework-arduinoespressif32/tools/sdk/esp32s3/include/esp_system/port/public_compat -IC:/Users/playa/.platformio/packages/framework-arduinoespressif32/tools/sdk/esp32s3/include/xtensa/include -IC:/Users/playa/.platformio/packages/framework-arduinoespressif32/tools/sdk/esp32s3/include/xtensa/esp32s3/include -IC:/Users/playa/.platformio/packages/framework-arduinoespressif32/tools/sdk/esp32s3/include/driver/include -IC:/Users/playa/.platformio/packages/framework-arduinoespressif32/tools/sdk/esp32s3/include/driver/esp32s3/include -IC:/Users/playa/.platformio/packages/framework-arduinoespressif32/tools/sdk/esp32s3/include/esp_pm/include -IC:/Users/playa/.platformio/packages/framework-arduinoespressif32/tools/sdk/esp32s3/include/esp_ringbuf/include -IC:/Users/playa/.platformio/packages/framework-arduinoespressif32/tools/sdk/esp32s3/include/efuse/include -IC:/Users/playa/.platformio/packages/framework-arduinoespressif32/tools/sdk/esp32s3/include/efuse/esp32s3/include -IC:/Users/playa/.platformio/packages/framework-arduinoespressif32/tools/sdk/esp32s3/include/vfs/include -IC:/Users/playa/.platformio/packages/framework-arduinoespressif32/tools/sdk/esp32s3/include/esp_wifi/include -IC:/Users/playa/.platformio/packages/framework-arduinoespressif32/tools/sdk/esp32s3/include/esp_event/include -IC:/Users/playa/.platformio/packages/framework-arduinoespressif32/tools/sdk/esp32s3/include/esp_netif/include -IC:/Users/playa/.platformio/packages/framework-arduinoespressif32/tools/sdk/esp32s3/include/esp_eth/include -IC:/Users/playa/.platformio/packages/framework-arduinoespressif32/tools/sdk/esp32s3/include/tcpip_adapter/include -IC:/Users/playa/.platformio/packages/framework-arduinoespressif32/tools/sdk/esp32s3/include/esp_phy/include -IC:/Users/playa/.platformio/packages/framework-arduinoespressif32/tools/sdk/esp32s3/include/esp_phy/esp32s3/include -IC:/Users/playa/.platformio/packages/framework-arduinoespressif32/tools/sdk/esp32s3/include/esp_ipc/include -IC:/Users/playa/.platformio/packages/framework-arduinoespressif32/tools/sdk/esp32s3/include/app_trace/include -IC:/Users/playa/.platformio/packages/framework-arduinoespressif32/tools/sdk/esp32s3/include/esp_timer/include -IC:/Users/playa/.platformio/packages/framework-arduinoespressif32/tools/sdk/esp32s3/include/mbedtls/port/include -IC:/Users/playa/.platformio/packages/framework-arduinoespressif32/tools/sdk/esp32s3/include/mbedtls/mbedtls/include -IC:/Users/playa/.platformio/packages/framework-arduinoespressif32/tools/sdk/esp32s3/include/mbedtls/esp_crt_bundle/include -IC:/Users/playa/.platformio/packages/framework-arduinoespressif32/tools/sdk/esp32s3/include/app_update/include -IC:/Users/playa/.platformio/packages/framework-arduinoespressif32/tools/sdk/esp32s3/include/spi_flash/include -IC:/Users/playa/.platformio/packages/framework-arduinoespressif32/tools/sdk/esp32s3/include/bootloader_support/include -IC:/Users/playa/.platformio/packages/framework-arduinoespressif32/tools/sdk/esp32s3/include/nvs_flash/include -IC:/Users/playa/.platformio/packages/framework-arduinoespressif32/tools/sdk/esp32s3/include/pthread/include -IC:/Users/playa/.platformio/packages/framework-arduinoespressif32/tools/sdk/esp32s3/include/esp_gdbstub/include -IC:/Users/playa/.platformio/packages/framework-arduinoespressif32/tools/sdk/esp32s3/include/esp_gdbstub/xtensa -IC:/Users/playa/.platformio/packages/framework-arduinoespressif32/tools/sdk/esp32s3/include/esp_gdbstub/esp32s3 -IC:/Users/playa/.platformio/packages/framework-arduinoespressif32/tools/sdk/esp32s3/include/espcoredump/include -IC:/Users/playa/.platformio/packages/framework-arduinoespressif32/tools/sdk/esp32s3/include/espcoredump/include/port/xtensa -IC:/Users/playa/.platformio/packages/framework-arduinoespressif32/tools/sdk/esp32s3/include/wpa_supplicant/include -IC:/Users/playa/.platformio/packages/framework-arduinoespressif32/tools/sdk/esp32s3/include/wpa_supplicant/port/include -IC:/Users/playa/.platformio/packages/framework-arduinoespressif32/tools/sdk/esp32s3/include/wpa_supplicant/esp_supplicant/include -IC:/Users/playa/.platformio/packages/framework-arduinoespressif32/tools/sdk/esp32s3/include/ieee802154/include -IC:/Users/playa/.platformio/packages/framework-arduinoespressif32/tools/sdk/esp32s3/include/console -IC:/Users/playa/.platformio/packages/framework-arduinoespressif32/tools/sdk/esp32s3/include/asio/asio/asio/include -IC:/Users/playa/.platformio/packages/framework-arduinoespressif32/tools/sdk/esp32s3/include/asio/port/include -IC:/Users/playa/.platformio/packages/framework-arduinoespressif32/tools/sdk/esp32s3/include/bt/common/osi/include -IC:/Users/playa/.platformio/packages/framework-arduinoespressif32/tools/sdk/esp32s3/include/bt/include/esp32c3/include -IC:/Users/playa/.platformio/packages/framework-arduinoespressif32/tools/sdk/esp32s3/include/bt/common/api/include/api -IC:/Users/playa/.platformio/packages/framework-arduinoespressif32/tools/sdk/esp32s3/include/bt/common/btc/profile/esp/blufi/include -IC:/Users/playa/.platformio/packages/framework-arduinoespressif32/tools/sdk/esp32s3/include/bt/common/btc/profile/esp/include -IC:/Users/playa/.platformio/packages/framework-arduinoespressif32/tools/sdk/esp32s3/include/bt/host/bluedroid/api/include/api -IC:/Users/playa/.platformio/packages/framework-arduinoespressif32/tools/sdk/esp32s3/include/bt/esp_ble_mesh/mesh_common/include -IC:/Users/playa/.platformio/packages/framework-arduinoespressif32/tools/sdk/esp32s3/include/bt/esp_ble_mesh/mesh_common/tinycrypt/include -IC:/Users/playa/.platformio/packages/framework-arduinoespressif32/tools/sdk/esp32s3/include/bt/esp_ble_mesh/mesh_core -IC:/Users/playa/.platformio/packages/framework-arduinoespressif32/tools/sdk/esp32s3/include/bt/esp_ble_mesh/mesh_core/include -IC:/Users/playa/.platformio/packages/framework-arduinoespressif32/tools/sdk/esp32s3/include/bt/esp_ble_mesh/mesh_core/storage -IC:/Users/playa/.platformio/packages/framework-arduinoespressif32/tools/sdk/esp32s3/include/bt/esp_ble_mesh/btc/include -IC:/Users/playa/.platformio/packages/framework-arduinoespressif32/tools/sdk/esp32s3/include/bt/esp_ble_mesh/mesh_models/common/include -IC:/Users/playa/.platformio/packages/framework-arduinoespressif32/tools/sdk/esp32s3/include/bt/esp_ble_mesh/mesh_models/client/include -IC:/Users/playa/.platformio/packages/framework-arduinoespressif32/tools/sdk/esp32s3/include/bt/esp_ble_mesh/mesh_models/server/include -IC:/Users/playa/.platformio/packages/framework-arduinoespressif32/tools/sdk/esp32s3/include/bt/esp_ble_mesh/api/core/include -IC:/Users/playa/.platformio/packages/framework-arduinoespressif32/tools/sdk/esp32s3/include/bt/esp_ble_mesh/api/models/include -IC:/Users/playa/.platformio/packages/framework-arduinoespressif32/tools/sdk/esp32s3/include/bt/esp_ble_mesh/api -IC:/Users/playa/.platformio/packages/framework-arduinoespressif32/tools/sdk/esp32s3/include/cbor/port/include -IC:/Users/playa/.platformio/packages/framework-arduinoespressif32/tools/sdk/esp32s3/include/unity/include -IC:/Users/playa/.platformio/packages/framework-arduinoespressif32/tools/sdk/esp32s3/include/unity/unity/src -IC:/Users/playa/.platformio/packages/framework-arduinoespressif32/tools/sdk/esp32s3/include/cmock/CMock/src -IC:/Users/playa/.platformio/packages/framework-arduinoespressif32/tools/sdk/esp32s3/include/coap/port/include -IC:/Users/playa/.platformio/packages/framework-arduinoespressif32/tools/sdk/esp32s3/include/coap/libcoap/include -IC:/Users/playa/.platformio/packages/framework-arduinoespressif32/tools/sdk/esp32s3/include/nghttp/port/include -IC:/Users/playa/.platformio/packages/framework-arduinoespressif32/tools/sdk/esp32s3/include/nghttp/nghttp2/lib/includes -IC:/Users/playa/.platformio/packages/framework-arduinoespressif32/tools/sdk/esp32s3/include/esp-tls -IC:/Users/playa/.platformio/packages/framework-arduinoespressif32/tools/sdk/esp32s3/include/esp-tls/esp-tls-crypto -IC:/Users/playa/.platformio/packages/framework-arduinoespressif32/tools/sdk/esp32s3/include/esp_adc_cal/include -IC:/Users/playa/.platformio/packages/framework-arduinoespressif32/tools/sdk/esp32s3/include/esp_hid/include -IC:/Users/playa/.platformio/packages/framework-arduinoespressif32/tools/sdk/esp32s3/include/tcp_transport/include -IC:/Users/playa/.platformio/packages/framework-arduinoespressif32/tools/sdk/esp32s3/include/esp_http_client/include -IC:/Users/playa/.platformio/packages/framework-arduinoespressif32/tools/sdk/esp32s3/include/esp_http_server/include -IC:/Users/playa/.platformio/packages/framework-arduinoespressif32/tools/sdk/esp32s3/include/esp_https_ota/include -IC:/Users/playa/.platformio/packages/framework-arduinoespressif32/tools/sdk/esp32s3/include/esp_https_server/include -IC:/Users/playa/.platformio/packages/framework-arduinoespressif32/tools/sdk/esp32s3/include/esp_lcd/include -IC:/Users/playa/.platformio/packages/framework-arduinoespressif32/tools/sdk/esp32s3/include/esp_lcd/interface -IC:/Users/playa/.platformio/packages/framework-arduinoespressif32/tools/sdk/esp32s3/include/protobuf-c/protobuf-c -IC:/Users/playa/.platformio/packages/framework-arduinoespressif32/tools/sdk/esp32s3/include/protocomm/include/common -IC:/Users/playa/.platformio/packages/framework-arduinoespressif32/tools/sdk/esp32s3/include/protocomm/include/security -IC:/Users/playa/.platformio/packages/framework-arduinoespressif32/tools/sdk/esp32s3/include/protocomm/include/transports -IC:/Users/playa/.platformio/packages/framework-arduinoespressif32/tools/sdk/esp32s3/include/mdns/include -IC:/Users/playa/.platformio/packages/framework-arduinoespressif32/tools/sdk/esp32s3/include/esp_local_ctrl/include -IC:/Users/playa/.platformio/packages/framework-arduinoespressif32/tools/sdk/esp32s3/include/sdmmc/include -IC:/Users/playa/.platformio/packages/framework-arduinoespressif32/tools/sdk/esp32s3/include/esp_serial_slave_link/include -IC:/Users/playa/.platformio/packages/framework-arduinoespressif32/tools/sdk/esp32s3/include/esp_websocket_client/include -IC:/Users/playa/.platformio/packages/framework-arduinoespressif32/tools/sdk/esp32s3/include/expat/expat/expat/lib -IC:/Users/playa/.platformio/packages/framework-arduinoespressif32/tools/sdk/esp32s3/include/expat/port/include -IC:/Users/playa/.platformio/packages/framework-arduinoespressif32/tools/sdk/esp32s3/include/wear_levelling/include -IC:/Users/playa/.platformio/packages/framework-arduinoespressif32/tools/sdk/esp32s3/include/fatfs/diskio -IC:/Users/playa/.platformio/packages/framework-arduinoespressif32/tools/sdk/esp32s3/include/fatfs/vfs -IC:/Users/playa/.platformio/packages/framework-arduinoespressif32/tools/sdk/esp32s3/include/fatfs/src -IC:/Users/playa/.platformio/packages/framework-arduinoespressif32/tools/sdk/esp32s3/include/freemodbus/freemodbus/common/include -IC:/Users/playa/.platformio/packages/framework-arduinoespressif32/tools/sdk/esp32s3/include/idf_test/include -IC:/Users/playa/.platformio/packages/framework-arduinoespressif32/tools/sdk/esp32s3/include/idf_test/include/esp32s3 -IC:/Users/playa/.platformio/packages/framework-arduinoespressif32/tools/sdk/esp32s3/include/jsmn/include -IC:/Users/playa/.platformio/packages/framework-arduinoespressif32/tools/sdk/esp32s3/include/json/cJSON -IC:/Users/playa/.platformio/packages/framework-arduinoespressif32/tools/sdk/esp32s3/include/libsodium/libsodium/src/libsodium/include -IC:/Users/playa/.platformio/packages/framework-arduinoespressif32/tools/sdk/esp32s3/include/libsodium/port_include -IC:/Users/playa/.platformio/packages/framework-arduinoespressif32/tools/sdk/esp32s3/include/mqtt/esp-mqtt/include -IC:/Users/playa/.platformio/packages/framework-arduinoespressif32/tools/sdk/esp32s3/include/openssl/include -IC:/Users/playa/.platformio/packages/framework-arduinoespressif32/tools/sdk/esp32s3/include/perfmon/include -IC:/Users/playa/.platformio/packages/framework-arduinoespressif32/tools/sdk/esp32s3/include/spiffs/include -IC:/Users/playa/.platformio/packages/framework-arduinoespressif32/tools/sdk/esp32s3/include/usb/include -IC:/Users/playa/.platformio/packages/framework-arduinoespressif32/tools/sdk/esp32s3/include/ulp/include -IC:/Users/playa/.platformio/packages/framework-arduinoespressif32/tools/sdk/esp32s3/include/wifi_provisioning/include -IC:/Users/playa/.platformio/packages/framework-arduinoespressif32/tools/sdk/esp32s3/include/rmaker_common/include -IC:/Users/playa/.platformio/packages/framework-arduinoespressif32/tools/sdk/esp32s3/include/esp_diagnostics/include -IC:/Users/playa/.platformio/packages/framework-arduinoespressif32/tools/sdk/esp32s3/include/rtc_store/include -IC:/Users/playa/.platformio/packages/framework-arduinoespressif32/tools/sdk/esp32s3/include/esp_insights/include -IC:/Users/playa/.platformio/packages/framework-arduinoespressif32/tools/sdk/esp32s3/include/json_parser/upstream/include -IC:/Users/playa/.platformio/packages/framework-arduinoespressif32/tools/sdk/esp32s3/include/json_parser/upstream -IC:/Users/playa/.platformio/packages/framework-arduinoespressif32/tools/sdk/esp32s3/include/json_generator/upstream -IC:/Users/playa/.platformio/packages/framework-arduinoespressif32/tools/sdk/esp32s3/include/esp_schedule/include -IC:/Users/playa/.platformio/packages/framework-arduinoespressif32/tools/sdk/esp32s3/include/espressif__esp_secure_cert_mgr/include -IC:/Users/playa/.platformio/packages/framework-arduinoespressif32/tools/sdk/esp32s3/include/esp_rainmaker/include -IC:/Users/playa/.platformio/packages/framework-arduinoespressif32/tools/sdk/esp32s3/include/gpio_button/button/include -IC:/Users/playa/.platformio/packages/framework-arduinoespressif32/tools/sdk/esp32s3/include/qrcode/include -IC:/Users/playa/.platformio/packages/framework-arduinoespressif32/tools/sdk/esp32s3/include/ws2812_led -IC:/Users/playa/.platformio/packages/framework-arduinoespressif32/tools/sdk/esp32s3/include/freertos/include/freertos -IC:/Users/playa/.platformio/packages/framework-arduinoespressif32/tools/sdk/esp32s3/include/arduino_tinyusb/tinyusb/src -IC:/Users/playa/.platformio/packages/framework-arduinoespressif32/tools/sdk/esp32s3/include/arduino_tinyusb/include -IC:/Users/playa/.platformio/packages/framework-arduinoespressif32/tools/sdk/esp32s3/include/esp_littlefs/include -IC:/Users/playa/.platformio/packages/framework-arduinoespressif32/tools/sdk/esp32s3/include/esp-dl/include -IC:/Users/playa/.platformio/packages/framework-arduinoespressif32/tools/sdk/esp32s3/include/esp-dl/include/tool -IC:/Users/playa/.platformio/packages/framework-arduinoespressif32/tools/sdk/esp32s3/include/esp-dl/include/typedef -IC:/Users/playa/.platformio/packages/framework-arduinoespressif32/tools/sdk/esp32s3/include/esp-dl/include/image -IC:/Users/playa/.platformio/packages/framework-arduinoespressif32/tools/sdk/esp32s3/include/esp-dl/include/math -IC:/Users/playa/.platformio/packages/framework-arduinoespressif32/tools/sdk/esp32s3/include/esp-dl/include/nn -IC:/Users/playa/.platformio/packages/framework-arduinoespressif32/tools/sdk/esp32s3/include/esp-dl/include/layer -IC:/Users/playa/.platformio/packages/framework-arduinoespressif32/tools/sdk/esp32s3/include/esp-dl/include/detect -IC:/Users/playa/.platformio/packages/framework-arduinoespressif32/tools/sdk/esp32s3/include/esp-dl/include/model_zoo -IC:/Users/playa/.platformio/packages/framework-arduinoespressif32/tools/sdk/esp32s3/include/esp32-camera/driver/include -IC:/Users/playa/.platformio/packages/framework-arduinoespressif32/tools/sdk/esp32s3/include/esp32-camera/conversions/include -IC:/Users/playa/.platformio/packages/framework-arduinoespressif32/tools/sdk/esp32s3/include/espressif__esp-dsp/modules/dotprod/include -IC:/Users/playa/.platformio/packages/framework-arduinoespressif32/tools/sdk/esp32s3/include/espressif__esp-dsp/modules/support/include -IC:/Users/playa/.platformio/packages/framework-arduinoespressif32/tools/sdk/esp32s3/include/espressif__esp-dsp/modules/support/mem/include -IC:/Users/playa/.platformio/packages/framework-arduinoespressif32/tools/sdk/esp32s3/include/espressif__esp-dsp/modules/windows/include -IC:/Users/playa/.platformio/packages/framework-arduinoespressif32/tools/sdk/esp32s3/include/espressif__esp-dsp/modules/windows/hann/include -IC:/Users/playa/.platformio/packages/framework-arduinoespressif32/tools/sdk/esp32s3/include/espressif__esp-dsp/modules/windows/blackman/include -IC:/Users/playa/.platformio/packages/framework-arduinoespressif32/tools/sdk/esp32s3/include/espressif__esp-dsp/modules/windows/blackman_harris/include -IC:/Users/playa/.platformio/packages/framework-arduinoespressif32/tools/sdk/esp32s3/include/espressif__esp-dsp/modules/windows/blackman_nuttall/include -IC:/Users/playa/.platformio/packages/framework-arduinoespressif32/tools/sdk/esp32s3/include/espressif__esp-dsp/modules/windows/nuttall/include -IC:/Users/playa/.platformio/packages/framework-arduinoespressif32/tools/sdk/esp32s3/include/espressif__esp-dsp/modules/windows/flat_top/include -IC:/Users/playa/.platformio/packages/framework-arduinoespressif32/tools/sdk/esp32s3/include/espressif__esp-dsp/modules/iir/include -IC:/Users/playa/.platformio/packages/framework-arduinoespressif32/tools/sdk/esp32s3/include/espressif__esp-dsp/modules/fir/include -IC:/Users/playa/.platformio/packages/framework-arduinoespressif32/tools/sdk/esp32s3/include/espressif__esp-dsp/modules/math/include -IC:/Users/playa/.platformio/packages/framework-arduinoespressif32/tools/sdk/esp32s3/include/espressif__esp-dsp/modules/math/add/include -IC:/Users/playa/.platformio/packages/framework-arduinoespressif32/tools/sdk/esp32s3/include/espressif__esp-dsp/modules/math/sub/include -IC:/Users/playa/.platformio/packages/framework-arduinoespressif32/tools/sdk/esp32s3/include/espressif__esp-dsp/modules/math/mul/include -IC:/Users/playa/.platformio/packages/framework-arduinoespressif32/tools/sdk/esp32s3/include/espressif__esp-dsp/modules/math/addc/include -IC:/Users/playa/.platformio/packages/framework-arduinoespressif32/tools/sdk/esp32s3/include/espressif__esp-dsp/modules/math/mulc/include -IC:/Users/playa/.platformio/packages/framework-arduinoespressif32/tools/sdk/esp32s3/include/espressif__esp-dsp/modules/math/sqrt/include -IC:/Users/playa/.platformio/packages/framework-arduinoespressif32/tools/sdk/esp32s3/include/espressif__esp-dsp/modules/matrix/mul/include -IC:/Users/playa/.platformio/packages/framework-arduinoespressif32/tools/sdk/esp32s3/include/espressif__esp-dsp/modules/matrix/add/include -IC:/Users/playa/.platformio/packages/framework-arduinoespressif32/tools/sdk/esp32s3/include/espressif__esp-dsp/modules/matrix/addc/include -IC:/Users/playa/.platformio/packages/framework-arduinoespressif32/tools/sdk/esp32s3/include/espressif__esp-dsp/modules/matrix/mulc/include -IC:/Users/playa/.platformio/packages/framework-arduinoespressif32/tools/sdk/esp32s3/include/espressif__esp-dsp/modules/matrix/sub/include -IC:/Users/playa/.platformio/packages/framework-arduinoespressif32/tools/sdk/esp32s3/include/espressif__esp-dsp/modules/matrix/include -IC:/Users/playa/.platformio/packages/framework-arduinoespressif32/tools/sdk/esp32s3/include/espressif__esp-dsp/modules/fft/include -IC:/Users/playa/.platformio/packages/framework-arduinoespressif32/tools/sdk/esp32s3/include/espressif__esp-dsp/modules/dct/include -IC:/Users/playa/.platformio/packages/framework-arduinoespressif32/tools/sdk/esp32s3/include/espressif__esp-dsp/modules/conv/include -IC:/Users/playa/.platformio/packages/framework-arduinoespressif32/tools/sdk/esp32s3/include/espressif__esp-dsp/modules/common/include -IC:/Users/playa/.platformio/packages/framework-arduinoespressif32/tools/sdk/esp32s3/include/espressif__esp-dsp/modules/matrix/mul/test/include -IC:/Users/playa/.platformio/packages/framework-arduinoespressif32/tools/sdk/esp32s3/include/espressif__esp-dsp/modules/kalman/ekf/include -IC:/Users/playa/.platformio/packages/framework-arduinoespressif32/tools/sdk/esp32s3/include/espressif__esp-dsp/modules/kalman/ekf_imu13states/include -IC:/Users/playa/.platformio/packages/framework-arduinoespressif32/tools/sdk/esp32s3/include/fb_gfx/include -IC:/Users/playa/.platformio/packages/framework-arduinoespressif32/tools/sdk/esp32s3/qio_opi/include -IC:/Users/playa/.platformio/packages/framework-arduinoespressif32/cores/esp32 -IC:/Users/playa/.platformio/packages/framework-arduinoespressif32/variants/esp32s3 C:/Users/playa/.platformio/packages/framework-arduinoespressif32/libraries/FS/src/vfs_api.cpp
xtensa-esp32s3-elf-g++ @C:\Users\playa\OneDrive\Documents\PlatformIO\Projects\Display_Test\.pio\build\JC8048W550\tmp198tbq96.tmp
src/main.cpp:14: warning: "DISPLAY_WIDTH" redefined
 #define DISPLAY_WIDTH  TOUCH_WIDTH
 
<command-line>: note: this is the location of the previous definition
src/main.cpp:15: warning: "DISPLAY_HEIGHT" redefined
 #define DISPLAY_HEIGHT TOUCH_HEIGHT
 
<command-line>: note: this is the location of the previous definition
src/main.cpp:23: warning: "LVGL_BUFFER_PIXELS" redefined
 #define LVGL_BUFFER_PIXELS (DISPLAY_WIDTH * 40) // 40 lines buffer
 
<command-line>: note: this is the location of the previous definition
src/main_basic.cpp:12: warning: "DISPLAY_WIDTH" redefined
 #define DISPLAY_WIDTH  TOUCH_WIDTH
 
<command-line>: note: this is the location of the previous definition
src/main_basic.cpp:13: warning: "DISPLAY_HEIGHT" redefined
 #define DISPLAY_HEIGHT TOUCH_HEIGHT
 
<command-line>: note: this is the location of the previous definition
src/main_basic.cpp:21: warning: "LVGL_BUFFER_PIXELS" redefined
 #define LVGL_BUFFER_PIXELS (DISPLAY_WIDTH * 40) // 40 lines buffer
 
<command-line>: note: this is the location of the previous definition
*** [.pio\build\JC8048W550\src\ui\ui_img_200339424.c.o] Error 1
Using tempfile C:\Users\playa\OneDrive\Documents\PlatformIO\Projects\Display_Test\.pio\build\JC8048W550\tmpjldwtie5.tmp for command line:
xtensa-esp32s3-elf-g++ -o .pio/build/JC8048W550/lib637/LittleFS/LittleFS.cpp.o -c -std=gnu++11 -fexceptions -fno-rtti -Os -mlongcalls -ffunction-sections -fdata-sections -Wno-error=unused-function -Wno-error=unused-variable -Wno-error=deprecated-declarations -Wno-unused-parameter -Wno-sign-compare -ggdb -freorder-blocks -Wwrite-strings -fstack-protector -fstrict-volatile-bitfields -Wno-error=unused-but-set-variable -fno-jump-tables -fno-tree-switch-conversion -MMD -DPLATFORMIO=60118 "-D ARDUINO_ESP32S3_DEV" "-D BOARD_HAS_PSRAM" "-D ARDUINO_USB_MODE=1" "-D ARDUINO_RUNNING_CORE=1" "-D ARDUINO_EVENT_RUNNING_CORE=1" "-D ARDUINO_USB_CDC_ON_BOOT=0" "-D JC8048W550" "-D DISPLAY_WIDTH=800" "-D DISPLAY_HEIGHT=480" "-D DISPLAY_SOFTWARE_ROTATION" "-D LVGL_BUFFER_PIXELS=(DISPLAY_WIDTH*DISPLAY_HEIGHT)" "-D LVGL_BUFFER_MALLOC_FLAGS=(MALLOC_CAP_SPIRAM|MALLOC_CAP_8BIT)" "-D GPIO_BCKL=2" "-D DISPLAY_ST7262_PAR" "-D ST7262_PANEL_CONFIG_CLK_SRC=LCD_CLK_SRC_PLL160M" "-D ST7262_PANEL_CONFIG_TIMINGS_PCLK_HZ=(16*1000000)" "-D ST7262_PANEL_CONFIG_TIMINGS_H_RES=DISPLAY_WIDTH" "-D ST7262_PANEL_CONFIG_TIMINGS_V_RES=DISPLAY_HEIGHT" "-D ST7262_PANEL_CONFIG_TIMINGS_HSYNC_PULSE_WIDTH=4" "-D ST7262_PANEL_CONFIG_TIMINGS_HSYNC_BACK_PORCH=8" "-D ST7262_PANEL_CONFIG_TIMINGS_HSYNC_FRONT_PORCH=8" "-D ST7262_PANEL_CONFIG_TIMINGS_VSYNC_PULSE_WIDTH=4" "-D ST7262_PANEL_CONFIG_TIMINGS_VSYNC_BACK_PORCH=8" "-D ST7262_PANEL_CONFIG_TIMINGS_VSYNC_FRONT_PORCH=8" "-D ST7262_PANEL_CONFIG_TIMINGS_FLAGS_HSYNC_IDLE_LOW=false" "-D ST7262_PANEL_CONFIG_TIMINGS_FLAGS_VSYNC_IDLE_LOW=false" "-D ST7262_PANEL_CONFIG_TIMINGS_FLAGS_DE_IDLE_HIGH=false" "-D ST7262_PANEL_CONFIG_TIMINGS_FLAGS_PCLK_ACTIVE_NEG=true" "-D ST7262_PANEL_CONFIG_TIMINGS_FLAGS_PCLK_IDLE_HIGH=false" "-D ST7262_PANEL_CONFIG_DATA_WIDTH=16" "-D ST7262_PANEL_CONFIG_SRAM_TRANS_ALIGN=4" "-D ST7262_PANEL_CONFIG_PSRAM_TRANS_ALIGN=64" "-D ST7262_PANEL_CONFIG_HSYNC_GPIO_NUM=39" "-D ST7262_PANEL_CONFIG_VSYNC_GPIO_NUM=41" "-D ST7262_PANEL_CONFIG_DE_GPIO_NUM=40" "-D ST7262_PANEL_CONFIG_PCLK_GPIO_NUM=42" "-D ST7262_PANEL_CONFIG_DATA_GPIO_R0=8" "-D ST7262_PANEL_CONFIG_DATA_GPIO_R1=3" "-D ST7262_PANEL_CONFIG_DATA_GPIO_R2=46" "-D ST7262_PANEL_CONFIG_DATA_GPIO_R3=9" "-D ST7262_PANEL_CONFIG_DATA_GPIO_R4=1" "-D ST7262_PANEL_CONFIG_DATA_GPIO_G0=5" "-D ST7262_PANEL_CONFIG_DATA_GPIO_G1=6" "-D ST7262_PANEL_CONFIG_DATA_GPIO_G2=7" "-D ST7262_PANEL_CONFIG_DATA_GPIO_G3=15" "-D ST7262_PANEL_CONFIG_DATA_GPIO_G4=16" "-D ST7262_PANEL_CONFIG_DATA_GPIO_G5=4" "-D ST7262_PANEL_CONFIG_DATA_GPIO_B0=45" "-D ST7262_PANEL_CONFIG_DATA_GPIO_B1=48" "-D ST7262_PANEL_CONFIG_DATA_GPIO_B2=47" "-D ST7262_PANEL_CONFIG_DATA_GPIO_B3=21" "-D ST7262_PANEL_CONFIG_DATA_GPIO_B4=14" "-D ST7262_PANEL_CONFIG_DISP_GPIO_NUM=GPIO_NUM_NC" "-D ST7262_PANEL_CONFIG_FLAGS_DISP_ACTIVE_LOW=false" "-D ST7262_PANEL_CONFIG_FLAGS_RELAX_ON_IDLE=false" "-D ST7262_PANEL_CONFIG_FLAGS_FB_IN_PSRAM=true" "-D DISPLAY_SWAP_XY=false" "-D DISPLAY_MIRROR_X=false" "-D DISPLAY_MIRROR_Y=false" "-D BOARD_HAS_TOUCH" "-D CONFIG_ESP_LCD_TOUCH_MAX_POINTS=1" "-D CONFIG_ESP_LCD_TOUCH_MAX_BUTTONS=0" "-D TOUCH_GT911_I2C" "-D GT911_I2C_HOST=I2C_NUM_0" "-D GT911_I2C_CONFIG_SDA_IO_NUM=19" "-D GT911_I2C_CONFIG_SCL_IO_NUM=20" "-D GT911_I2C_CONFIG_SDA_PULLUP_EN=GPIO_PULLUP_DISABLE" "-D GT911_I2C_CONFIG_SCL_PULLUP_EN=GPIO_PULLUP_DISABLE" "-D GT911_I2C_CONFIG_MASTER_CLK_SPEED=400000" "-D GT911_I2C_CONFIG_CLK_FLAGS=I2C_SCLK_SRC_FLAG_FOR_NOMAL" "-D GT911_IO_I2C_CONFIG_DEV_ADDR=GT911_IO_I2C_CONFIG_DEV_ADDRESS_5D" "-D GT911_IO_I2C_CONFIG_CONTROL_PHASE_BYTES=1" "-D GT911_IO_I2C_CONFIG_DC_BIT_OFFSET=0" "-D GT911_IO_I2C_CONFIG_LCD_CMD_BITS=16" "-D GT911_IO_I2C_CONFIG_LCD_PARAM_BITS=0" "-D GT911_IO_I2C_CONFIG_FLAGS_DC_LOW_ON_DATA=false" "-D GT911_IO_I2C_CONFIG_FLAGS_DISABLE_CONTROL_PHASE=true" "-D GT911_TOUCH_CONFIG_X_MAX=DISPLAY_WIDTH" "-D GT911_TOUCH_CONFIG_Y_MAX=DISPLAY_HEIGHT" "-D GT911_TOUCH_CONFIG_RST_GPIO_NUM=38" "-D GT911_TOUCH_CONFIG_INT_GPIO_NUM=18" "-D GT911_TOUCH_CONFIG_LEVELS_RESET=0" "-D GT911_TOUCH_CONFIG_LEVELS_INTERRUPT=0" "-D TOUCH_SWAP_XY=false" "-D TOUCH_MIRROR_X=false" "-D TOUCH_MIRROR_Y=false" "-D BOARD_HAS_TF" "-D TF_CS=10" "-D TF_SPI_MOSI=11" "-D TF_SPI_SCLK=12" "-D TF_SPI_MISO=13" -DLV_USE_DRAW_SW_ASM=0 -DLV_CONF_INCLUDE_SIMPLE -DBOARD_HAS_PSRAM -DARDUINO_USB_MODE=1 -DESP_PLATFORM -DCONFIG_LCD_COLOR_FORMAT_RGB565=1 -DCONFIG_LCD_AUTO_FLUSH=1 -DCONFIG_SPIRAM_CACHE_WORKAROUND=1 -DHAVE_CONFIG_H -DMBEDTLS_CONFIG_FILE=\"mbedtls/esp_config.h\" -DUNITY_INCLUDE_CONFIG_H -DWITH_POSIX -D_GNU_SOURCE -DIDF_VER=\"v4.4.7-dirty\" -DESP_PLATFORM -D_POSIX_READER_WRITER_LOCKS -DARDUINO_ARCH_ESP32 -DESP32 -DF_CPU=240000000L -DARDUINO=10812 -DARDUINO_VARIANT=\"esp32s3\" -DARDUINO_BOARD=\"JC8048W550\" -DARDUINO_PARTITION_default -IC:/Users/playa/.platformio/packages/framework-arduinoespressif32/libraries/LittleFS/src -IC:/Users/playa/.platformio/packages/framework-arduinoespressif32/libraries/FS/src -Isrc -IC:/Users/playa/.platformio/packages/framework-arduinoespressif32/tools/sdk/esp32s3/include/newlib/platform_include -IC:/Users/playa/.platformio/packages/framework-arduinoespressif32/tools/sdk/esp32s3/include/freertos/include -IC:/Users/playa/.platformio/packages/framework-arduinoespressif32/tools/sdk/esp32s3/include/freertos/include/esp_additions/freertos -IC:/Users/playa/.platformio/packages/framework-arduinoespressif32/tools/sdk/esp32s3/include/freertos/port/xtensa/include -IC:/Users/playa/.platformio/packages/framework-arduinoespressif32/tools/sdk/esp32s3/include/freertos/include/esp_additions -IC:/Users/playa/.platformio/packages/framework-arduinoespressif32/tools/sdk/esp32s3/include/esp_hw_support/include -IC:/Users/playa/.platformio/packages/framework-arduinoespressif32/tools/sdk/esp32s3/include/esp_hw_support/include/soc -IC:/Users/playa/.platformio/packages/framework-arduinoespressif32/tools/sdk/esp32s3/include/esp_hw_support/include/soc/esp32s3 -IC:/Users/playa/.platformio/packages/framework-arduinoespressif32/tools/sdk/esp32s3/include/esp_hw_support/port/esp32s3 -IC:/Users/playa/.platformio/packages/framework-arduinoespressif32/tools/sdk/esp32s3/include/esp_hw_support/port/esp32s3/private_include -IC:/Users/playa/.platformio/packages/framework-arduinoespressif32/tools/sdk/esp32s3/include/heap/include -IC:/Users/playa/.platformio/packages/framework-arduinoespressif32/tools/sdk/esp32s3/include/log/include -IC:/Users/playa/.platformio/packages/framework-arduinoespressif32/tools/sdk/esp32s3/include/lwip/include/apps -IC:/Users/playa/.platformio/packages/framework-arduinoespressif32/tools/sdk/esp32s3/include/lwip/include/apps/sntp -IC:/Users/playa/.platformio/packages/framework-arduinoespressif32/tools/sdk/esp32s3/include/lwip/lwip/src/include -IC:/Users/playa/.platformio/packages/framework-arduinoespressif32/tools/sdk/esp32s3/include/lwip/port/esp32/include -IC:/Users/playa/.platformio/packages/framework-arduinoespressif32/tools/sdk/esp32s3/include/lwip/port/esp32/include/arch -IC:/Users/playa/.platformio/packages/framework-arduinoespressif32/tools/sdk/esp32s3/include/soc/include -IC:/Users/playa/.platformio/packages/framework-arduinoespressif32/tools/sdk/esp32s3/include/soc/esp32s3 -IC:/Users/playa/.platformio/packages/framework-arduinoespressif32/tools/sdk/esp32s3/include/soc/esp32s3/include -IC:/Users/playa/.platformio/packages/framework-arduinoespressif32/tools/sdk/esp32s3/include/hal/esp32s3/include -IC:/Users/playa/.platformio/packages/framework-arduinoespressif32/tools/sdk/esp32s3/include/hal/include -IC:/Users/playa/.platformio/packages/framework-arduinoespressif32/tools/sdk/esp32s3/include/hal/platform_port/include -IC:/Users/playa/.platformio/packages/framework-arduinoespressif32/tools/sdk/esp32s3/include/esp_rom/include -IC:/Users/playa/.platformio/packages/framework-arduinoespressif32/tools/sdk/esp32s3/include/esp_rom/include/esp32s3 -IC:/Users/playa/.platformio/packages/framework-arduinoespressif32/tools/sdk/esp32s3/include/esp_rom/esp32s3 -IC:/Users/playa/.platformio/packages/framework-arduinoespressif32/tools/sdk/esp32s3/include/esp_common/include -IC:/Users/playa/.platformio/packages/framework-arduinoespressif32/tools/sdk/esp32s3/include/esp_system/include -IC:/Users/playa/.platformio/packages/framework-arduinoespressif32/tools/sdk/esp32s3/include/esp_system/port/soc -IC:/Users/playa/.platformio/packages/framework-arduinoespressif32/tools/sdk/esp32s3/include/esp_system/port/public_compat -IC:/Users/playa/.platformio/packages/framework-arduinoespressif32/tools/sdk/esp32s3/include/xtensa/include -IC:/Users/playa/.platformio/packages/framework-arduinoespressif32/tools/sdk/esp32s3/include/xtensa/esp32s3/include -IC:/Users/playa/.platformio/packages/framework-arduinoespressif32/tools/sdk/esp32s3/include/driver/include -IC:/Users/playa/.platformio/packages/framework-arduinoespressif32/tools/sdk/esp32s3/include/driver/esp32s3/include -IC:/Users/playa/.platformio/packages/framework-arduinoespressif32/tools/sdk/esp32s3/include/esp_pm/include -IC:/Users/playa/.platformio/packages/framework-arduinoespressif32/tools/sdk/esp32s3/include/esp_ringbuf/include -IC:/Users/playa/.platformio/packages/framework-arduinoespressif32/tools/sdk/esp32s3/include/efuse/include -IC:/Users/playa/.platformio/packages/framework-arduinoespressif32/tools/sdk/esp32s3/include/efuse/esp32s3/include -IC:/Users/playa/.platformio/packages/framework-arduinoespressif32/tools/sdk/esp32s3/include/vfs/include -IC:/Users/playa/.platformio/packages/framework-arduinoespressif32/tools/sdk/esp32s3/include/esp_wifi/include -IC:/Users/playa/.platformio/packages/framework-arduinoespressif32/tools/sdk/esp32s3/include/esp_event/include -IC:/Users/playa/.platformio/packages/framework-arduinoespressif32/tools/sdk/esp32s3/include/esp_netif/include -IC:/Users/playa/.platformio/packages/framework-arduinoespressif32/tools/sdk/esp32s3/include/esp_eth/include -IC:/Users/playa/.platformio/packages/framework-arduinoespressif32/tools/sdk/esp32s3/include/tcpip_adapter/include -IC:/Users/playa/.platformio/packages/framework-arduinoespressif32/tools/sdk/esp32s3/include/esp_phy/include -IC:/Users/playa/.platformio/packages/framework-arduinoespressif32/tools/sdk/esp32s3/include/esp_phy/esp32s3/include -IC:/Users/playa/.platformio/packages/framework-arduinoespressif32/tools/sdk/esp32s3/include/esp_ipc/include -IC:/Users/playa/.platformio/packages/framework-arduinoespressif32/tools/sdk/esp32s3/include/app_trace/include -IC:/Users/playa/.platformio/packages/framework-arduinoespressif32/tools/sdk/esp32s3/include/esp_timer/include -IC:/Users/playa/.platformio/packages/framework-arduinoespressif32/tools/sdk/esp32s3/include/mbedtls/port/include -IC:/Users/playa/.platformio/packages/framework-arduinoespressif32/tools/sdk/esp32s3/include/mbedtls/mbedtls/include -IC:/Users/playa/.platformio/packages/framework-arduinoespressif32/tools/sdk/esp32s3/include/mbedtls/esp_crt_bundle/include -IC:/Users/playa/.platformio/packages/framework-arduinoespressif32/tools/sdk/esp32s3/include/app_update/include -IC:/Users/playa/.platformio/packages/framework-arduinoespressif32/tools/sdk/esp32s3/include/spi_flash/include -IC:/Users/playa/.platformio/packages/framework-arduinoespressif32/tools/sdk/esp32s3/include/bootloader_support/include -IC:/Users/playa/.platformio/packages/framework-arduinoespressif32/tools/sdk/esp32s3/include/nvs_flash/include -IC:/Users/playa/.platformio/packages/framework-arduinoespressif32/tools/sdk/esp32s3/include/pthread/include -IC:/Users/playa/.platformio/packages/framework-arduinoespressif32/tools/sdk/esp32s3/include/esp_gdbstub/include -IC:/Users/playa/.platformio/packages/framework-arduinoespressif32/tools/sdk/esp32s3/include/esp_gdbstub/xtensa -IC:/Users/playa/.platformio/packages/framework-arduinoespressif32/tools/sdk/esp32s3/include/esp_gdbstub/esp32s3 -IC:/Users/playa/.platformio/packages/framework-arduinoespressif32/tools/sdk/esp32s3/include/espcoredump/include -IC:/Users/playa/.platformio/packages/framework-arduinoespressif32/tools/sdk/esp32s3/include/espcoredump/include/port/xtensa -IC:/Users/playa/.platformio/packages/framework-arduinoespressif32/tools/sdk/esp32s3/include/wpa_supplicant/include -IC:/Users/playa/.platformio/packages/framework-arduinoespressif32/tools/sdk/esp32s3/include/wpa_supplicant/port/include -IC:/Users/playa/.platformio/packages/framework-arduinoespressif32/tools/sdk/esp32s3/include/wpa_supplicant/esp_supplicant/include -IC:/Users/playa/.platformio/packages/framework-arduinoespressif32/tools/sdk/esp32s3/include/ieee802154/include -IC:/Users/playa/.platformio/packages/framework-arduinoespressif32/tools/sdk/esp32s3/include/console -IC:/Users/playa/.platformio/packages/framework-arduinoespressif32/tools/sdk/esp32s3/include/asio/asio/asio/include -IC:/Users/playa/.platformio/packages/framework-arduinoespressif32/tools/sdk/esp32s3/include/asio/port/include -IC:/Users/playa/.platformio/packages/framework-arduinoespressif32/tools/sdk/esp32s3/include/bt/common/osi/include -IC:/Users/playa/.platformio/packages/framework-arduinoespressif32/tools/sdk/esp32s3/include/bt/include/esp32c3/include -IC:/Users/playa/.platformio/packages/framework-arduinoespressif32/tools/sdk/esp32s3/include/bt/common/api/include/api -IC:/Users/playa/.platformio/packages/framework-arduinoespressif32/tools/sdk/esp32s3/include/bt/common/btc/profile/esp/blufi/include -IC:/Users/playa/.platformio/packages/framework-arduinoespressif32/tools/sdk/esp32s3/include/bt/common/btc/profile/esp/include -IC:/Users/playa/.platformio/packages/framework-arduinoespressif32/tools/sdk/esp32s3/include/bt/host/bluedroid/api/include/api -IC:/Users/playa/.platformio/packages/framework-arduinoespressif32/tools/sdk/esp32s3/include/bt/esp_ble_mesh/mesh_common/include -IC:/Users/playa/.platformio/packages/framework-arduinoespressif32/tools/sdk/esp32s3/include/bt/esp_ble_mesh/mesh_common/tinycrypt/include -IC:/Users/playa/.platformio/packages/framework-arduinoespressif32/tools/sdk/esp32s3/include/bt/esp_ble_mesh/mesh_core -IC:/Users/playa/.platformio/packages/framework-arduinoespressif32/tools/sdk/esp32s3/include/bt/esp_ble_mesh/mesh_core/include -IC:/Users/playa/.platformio/packages/framework-arduinoespressif32/tools/sdk/esp32s3/include/bt/esp_ble_mesh/mesh_core/storage -IC:/Users/playa/.platformio/packages/framework-arduinoespressif32/tools/sdk/esp32s3/include/bt/esp_ble_mesh/btc/include -IC:/Users/playa/.platformio/packages/framework-arduinoespressif32/tools/sdk/esp32s3/include/bt/esp_ble_mesh/mesh_models/common/include -IC:/Users/playa/.platformio/packages/framework-arduinoespressif32/tools/sdk/esp32s3/include/bt/esp_ble_mesh/mesh_models/client/include -IC:/Users/playa/.platformio/packages/framework-arduinoespressif32/tools/sdk/esp32s3/include/bt/esp_ble_mesh/mesh_models/server/include -IC:/Users/playa/.platformio/packages/framework-arduinoespressif32/tools/sdk/esp32s3/include/bt/esp_ble_mesh/api/core/include -IC:/Users/playa/.platformio/packages/framework-arduinoespressif32/tools/sdk/esp32s3/include/bt/esp_ble_mesh/api/models/include -IC:/Users/playa/.platformio/packages/framework-arduinoespressif32/tools/sdk/esp32s3/include/bt/esp_ble_mesh/api -IC:/Users/playa/.platformio/packages/framework-arduinoespressif32/tools/sdk/esp32s3/include/cbor/port/include -IC:/Users/playa/.platformio/packages/framework-arduinoespressif32/tools/sdk/esp32s3/include/unity/include -IC:/Users/playa/.platformio/packages/framework-arduinoespressif32/tools/sdk/esp32s3/include/unity/unity/src -IC:/Users/playa/.platformio/packages/framework-arduinoespressif32/tools/sdk/esp32s3/include/cmock/CMock/src -IC:/Users/playa/.platformio/packages/framework-arduinoespressif32/tools/sdk/esp32s3/include/coap/port/include -IC:/Users/playa/.platformio/packages/framework-arduinoespressif32/tools/sdk/esp32s3/include/coap/libcoap/include -IC:/Users/playa/.platformio/packages/framework-arduinoespressif32/tools/sdk/esp32s3/include/nghttp/port/include -IC:/Users/playa/.platformio/packages/framework-arduinoespressif32/tools/sdk/esp32s3/include/nghttp/nghttp2/lib/includes -IC:/Users/playa/.platformio/packages/framework-arduinoespressif32/tools/sdk/esp32s3/include/esp-tls -IC:/Users/playa/.platformio/packages/framework-arduinoespressif32/tools/sdk/esp32s3/include/esp-tls/esp-tls-crypto -IC:/Users/playa/.platformio/packages/framework-arduinoespressif32/tools/sdk/esp32s3/include/esp_adc_cal/include -IC:/Users/playa/.platformio/packages/framework-arduinoespressif32/tools/sdk/esp32s3/include/esp_hid/include -IC:/Users/playa/.platformio/packages/framework-arduinoespressif32/tools/sdk/esp32s3/include/tcp_transport/include -IC:/Users/playa/.platformio/packages/framework-arduinoespressif32/tools/sdk/esp32s3/include/esp_http_client/include -IC:/Users/playa/.platformio/packages/framework-arduinoespressif32/tools/sdk/esp32s3/include/esp_http_server/include -IC:/Users/playa/.platformio/packages/framework-arduinoespressif32/tools/sdk/esp32s3/include/esp_https_ota/include -IC:/Users/playa/.platformio/packages/framework-arduinoespressif32/tools/sdk/esp32s3/include/esp_https_server/include -IC:/Users/playa/.platformio/packages/framework-arduinoespressif32/tools/sdk/esp32s3/include/esp_lcd/include -IC:/Users/playa/.platformio/packages/framework-arduinoespressif32/tools/sdk/esp32s3/include/esp_lcd/interface -IC:/Users/playa/.platformio/packages/framework-arduinoespressif32/tools/sdk/esp32s3/include/protobuf-c/protobuf-c -IC:/Users/playa/.platformio/packages/framework-arduinoespressif32/tools/sdk/esp32s3/include/protocomm/include/common -IC:/Users/playa/.platformio/packages/framework-arduinoespressif32/tools/sdk/esp32s3/include/protocomm/include/security -IC:/Users/playa/.platformio/packages/framework-arduinoespressif32/tools/sdk/esp32s3/include/protocomm/include/transports -IC:/Users/playa/.platformio/packages/framework-arduinoespressif32/tools/sdk/esp32s3/include/mdns/include -IC:/Users/playa/.platformio/packages/framework-arduinoespressif32/tools/sdk/esp32s3/include/esp_local_ctrl/include -IC:/Users/playa/.platformio/packages/framework-arduinoespressif32/tools/sdk/esp32s3/include/sdmmc/include -IC:/Users/playa/.platformio/packages/framework-arduinoespressif32/tools/sdk/esp32s3/include/esp_serial_slave_link/include -IC:/Users/playa/.platformio/packages/framework-arduinoespressif32/tools/sdk/esp32s3/include/esp_websocket_client/include -IC:/Users/playa/.platformio/packages/framework-arduinoespressif32/tools/sdk/esp32s3/include/expat/expat/expat/lib -IC:/Users/playa/.platformio/packages/framework-arduinoespressif32/tools/sdk/esp32s3/include/expat/port/include -IC:/Users/playa/.platformio/packages/framework-arduinoespressif32/tools/sdk/esp32s3/include/wear_levelling/include -IC:/Users/playa/.platformio/packages/framework-arduinoespressif32/tools/sdk/esp32s3/include/fatfs/diskio -IC:/Users/playa/.platformio/packages/framework-arduinoespressif32/tools/sdk/esp32s3/include/fatfs/vfs -IC:/Users/playa/.platformio/packages/framework-arduinoespressif32/tools/sdk/esp32s3/include/fatfs/src -IC:/Users/playa/.platformio/packages/framework-arduinoespressif32/tools/sdk/esp32s3/include/freemodbus/freemodbus/common/include -IC:/Users/playa/.platformio/packages/framework-arduinoespressif32/tools/sdk/esp32s3/include/idf_test/include -IC:/Users/playa/.platformio/packages/framework-arduinoespressif32/tools/sdk/esp32s3/include/idf_test/include/esp32s3 -IC:/Users/playa/.platformio/packages/framework-arduinoespressif32/tools/sdk/esp32s3/include/jsmn/include -IC:/Users/playa/.platformio/packages/framework-arduinoespressif32/tools/sdk/esp32s3/include/json/cJSON -IC:/Users/playa/.platformio/packages/framework-arduinoespressif32/tools/sdk/esp32s3/include/libsodium/libsodium/src/libsodium/include -IC:/Users/playa/.platformio/packages/framework-arduinoespressif32/tools/sdk/esp32s3/include/libsodium/port_include -IC:/Users/playa/.platformio/packages/framework-arduinoespressif32/tools/sdk/esp32s3/include/mqtt/esp-mqtt/include -IC:/Users/playa/.platformio/packages/framework-arduinoespressif32/tools/sdk/esp32s3/include/openssl/include -IC:/Users/playa/.platformio/packages/framework-arduinoespressif32/tools/sdk/esp32s3/include/perfmon/include -IC:/Users/playa/.platformio/packages/framework-arduinoespressif32/tools/sdk/esp32s3/include/spiffs/include -IC:/Users/playa/.platformio/packages/framework-arduinoespressif32/tools/sdk/esp32s3/include/usb/include -IC:/Users/playa/.platformio/packages/framework-arduinoespressif32/tools/sdk/esp32s3/include/ulp/include -IC:/Users/playa/.platformio/packages/framework-arduinoespressif32/tools/sdk/esp32s3/include/wifi_provisioning/include -IC:/Users/playa/.platformio/packages/framework-arduinoespressif32/tools/sdk/esp32s3/include/rmaker_common/include -IC:/Users/playa/.platformio/packages/framework-arduinoespressif32/tools/sdk/esp32s3/include/esp_diagnostics/include -IC:/Users/playa/.platformio/packages/framework-arduinoespressif32/tools/sdk/esp32s3/include/rtc_store/include -IC:/Users/playa/.platformio/packages/framework-arduinoespressif32/tools/sdk/esp32s3/include/esp_insights/include -IC:/Users/playa/.platformio/packages/framework-arduinoespressif32/tools/sdk/esp32s3/include/json_parser/upstream/include -IC:/Users/playa/.platformio/packages/framework-arduinoespressif32/tools/sdk/esp32s3/include/json_parser/upstream -IC:/Users/playa/.platformio/packages/framework-arduinoespressif32/tools/sdk/esp32s3/include/json_generator/upstream -IC:/Users/playa/.platformio/packages/framework-arduinoespressif32/tools/sdk/esp32s3/include/esp_schedule/include -IC:/Users/playa/.platformio/packages/framework-arduinoespressif32/tools/sdk/esp32s3/include/espressif__esp_secure_cert_mgr/include -IC:/Users/playa/.platformio/packages/framework-arduinoespressif32/tools/sdk/esp32s3/include/esp_rainmaker/include -IC:/Users/playa/.platformio/packages/framework-arduinoespressif32/tools/sdk/esp32s3/include/gpio_button/button/include -IC:/Users/playa/.platformio/packages/framework-arduinoespressif32/tools/sdk/esp32s3/include/qrcode/include -IC:/Users/playa/.platformio/packages/framework-arduinoespressif32/tools/sdk/esp32s3/include/ws2812_led -IC:/Users/playa/.platformio/packages/framework-arduinoespressif32/tools/sdk/esp32s3/include/freertos/include/freertos -IC:/Users/playa/.platformio/packages/framework-arduinoespressif32/tools/sdk/esp32s3/include/arduino_tinyusb/tinyusb/src -IC:/Users/playa/.platformio/packages/framework-arduinoespressif32/tools/sdk/esp32s3/include/arduino_tinyusb/include -IC:/Users/playa/.platformio/packages/framework-arduinoespressif32/tools/sdk/esp32s3/include/esp_littlefs/include -IC:/Users/playa/.platformio/packages/framework-arduinoespressif32/tools/sdk/esp32s3/include/esp-dl/include -IC:/Users/playa/.platformio/packages/framework-arduinoespressif32/tools/sdk/esp32s3/include/esp-dl/include/tool -IC:/Users/playa/.platformio/packages/framework-arduinoespressif32/tools/sdk/esp32s3/include/esp-dl/include/typedef -IC:/Users/playa/.platformio/packages/framework-arduinoespressif32/tools/sdk/esp32s3/include/esp-dl/include/image -IC:/Users/playa/.platformio/packages/framework-arduinoespressif32/tools/sdk/esp32s3/include/esp-dl/include/math -IC:/Users/playa/.platformio/packages/framework-arduinoespressif32/tools/sdk/esp32s3/include/esp-dl/include/nn -IC:/Users/playa/.platformio/packages/framework-arduinoespressif32/tools/sdk/esp32s3/include/esp-dl/include/layer -IC:/Users/playa/.platformio/packages/framework-arduinoespressif32/tools/sdk/esp32s3/include/esp-dl/include/detect -IC:/Users/playa/.platformio/packages/framework-arduinoespressif32/tools/sdk/esp32s3/include/esp-dl/include/model_zoo -IC:/Users/playa/.platformio/packages/framework-arduinoespressif32/tools/sdk/esp32s3/include/esp32-camera/driver/include -IC:/Users/playa/.platformio/packages/framework-arduinoespressif32/tools/sdk/esp32s3/include/esp32-camera/conversions/include -IC:/Users/playa/.platformio/packages/framework-arduinoespressif32/tools/sdk/esp32s3/include/espressif__esp-dsp/modules/dotprod/include -IC:/Users/playa/.platformio/packages/framework-arduinoespressif32/tools/sdk/esp32s3/include/espressif__esp-dsp/modules/support/include -IC:/Users/playa/.platformio/packages/framework-arduinoespressif32/tools/sdk/esp32s3/include/espressif__esp-dsp/modules/support/mem/include -IC:/Users/playa/.platformio/packages/framework-arduinoespressif32/tools/sdk/esp32s3/include/espressif__esp-dsp/modules/windows/include -IC:/Users/playa/.platformio/packages/framework-arduinoespressif32/tools/sdk/esp32s3/include/espressif__esp-dsp/modules/windows/hann/include -IC:/Users/playa/.platformio/packages/framework-arduinoespressif32/tools/sdk/esp32s3/include/espressif__esp-dsp/modules/windows/blackman/include -IC:/Users/playa/.platformio/packages/framework-arduinoespressif32/tools/sdk/esp32s3/include/espressif__esp-dsp/modules/windows/blackman_harris/include -IC:/Users/playa/.platformio/packages/framework-arduinoespressif32/tools/sdk/esp32s3/include/espressif__esp-dsp/modules/windows/blackman_nuttall/include -IC:/Users/playa/.platformio/packages/framework-arduinoespressif32/tools/sdk/esp32s3/include/espressif__esp-dsp/modules/windows/nuttall/include -IC:/Users/playa/.platformio/packages/framework-arduinoespressif32/tools/sdk/esp32s3/include/espressif__esp-dsp/modules/windows/flat_top/include -IC:/Users/playa/.platformio/packages/framework-arduinoespressif32/tools/sdk/esp32s3/include/espressif__esp-dsp/modules/iir/include -IC:/Users/playa/.platformio/packages/framework-arduinoespressif32/tools/sdk/esp32s3/include/espressif__esp-dsp/modules/fir/include -IC:/Users/playa/.platformio/packages/framework-arduinoespressif32/tools/sdk/esp32s3/include/espressif__esp-dsp/modules/math/include -IC:/Users/playa/.platformio/packages/framework-arduinoespressif32/tools/sdk/esp32s3/include/espressif__esp-dsp/modules/math/add/include -IC:/Users/playa/.platformio/packages/framework-arduinoespressif32/tools/sdk/esp32s3/include/espressif__esp-dsp/modules/math/sub/include -IC:/Users/playa/.platformio/packages/framework-arduinoespressif32/tools/sdk/esp32s3/include/espressif__esp-dsp/modules/math/mul/include -IC:/Users/playa/.platformio/packages/framework-arduinoespressif32/tools/sdk/esp32s3/include/espressif__esp-dsp/modules/math/addc/include -IC:/Users/playa/.platformio/packages/framework-arduinoespressif32/tools/sdk/esp32s3/include/espressif__esp-dsp/modules/math/mulc/include -IC:/Users/playa/.platformio/packages/framework-arduinoespressif32/tools/sdk/esp32s3/include/espressif__esp-dsp/modules/math/sqrt/include -IC:/Users/playa/.platformio/packages/framework-arduinoespressif32/tools/sdk/esp32s3/include/espressif__esp-dsp/modules/matrix/mul/include -IC:/Users/playa/.platformio/packages/framework-arduinoespressif32/tools/sdk/esp32s3/include/espressif__esp-dsp/modules/matrix/add/include -IC:/Users/playa/.platformio/packages/framework-arduinoespressif32/tools/sdk/esp32s3/include/espressif__esp-dsp/modules/matrix/addc/include -IC:/Users/playa/.platformio/packages/framework-arduinoespressif32/tools/sdk/esp32s3/include/espressif__esp-dsp/modules/matrix/mulc/include -IC:/Users/playa/.platformio/packages/framework-arduinoespressif32/tools/sdk/esp32s3/include/espressif__esp-dsp/modules/matrix/sub/include -IC:/Users/playa/.platformio/packages/framework-arduinoespressif32/tools/sdk/esp32s3/include/espressif__esp-dsp/modules/matrix/include -IC:/Users/playa/.platformio/packages/framework-arduinoespressif32/tools/sdk/esp32s3/include/espressif__esp-dsp/modules/fft/include -IC:/Users/playa/.platformio/packages/framework-arduinoespressif32/tools/sdk/esp32s3/include/espressif__esp-dsp/modules/dct/include -IC:/Users/playa/.platformio/packages/framework-arduinoespressif32/tools/sdk/esp32s3/include/espressif__esp-dsp/modules/conv/include -IC:/Users/playa/.platformio/packages/framework-arduinoespressif32/tools/sdk/esp32s3/include/espressif__esp-dsp/modules/common/include -IC:/Users/playa/.platformio/packages/framework-arduinoespressif32/tools/sdk/esp32s3/include/espressif__esp-dsp/modules/matrix/mul/test/include -IC:/Users/playa/.platformio/packages/framework-arduinoespressif32/tools/sdk/esp32s3/include/espressif__esp-dsp/modules/kalman/ekf/include -IC:/Users/playa/.platformio/packages/framework-arduinoespressif32/tools/sdk/esp32s3/include/espressif__esp-dsp/modules/kalman/ekf_imu13states/include -IC:/Users/playa/.platformio/packages/framework-arduinoespressif32/tools/sdk/esp32s3/include/fb_gfx/include -IC:/Users/playa/.platformio/packages/framework-arduinoespressif32/tools/sdk/esp32s3/qio_opi/include -IC:/Users/playa/.platformio/packages/framework-arduinoespressif32/cores/esp32 -IC:/Users/playa/.platformio/packages/framework-arduinoespressif32/variants/esp32s3 C:/Users/playa/.platformio/packages/framework-arduinoespressif32/libraries/LittleFS/src/LittleFS.cpp
xtensa-esp32s3-elf-g++ @C:\Users\playa\OneDrive\Documents\PlatformIO\Projects\Display_Test\.pio\build\JC8048W550\tmpjldwtie5.tmp
src/main_full.cpp:20: warning: "DISPLAY_WIDTH" redefined
 #define DISPLAY_WIDTH  TOUCH_WIDTH
 
<command-line>: note: this is the location of the previous definition
src/main_full.cpp:21: warning: "DISPLAY_HEIGHT" redefined
 #define DISPLAY_HEIGHT TOUCH_HEIGHT
 
<command-line>: note: this is the location of the previous definition
src/main_full.cpp:22: warning: "LVGL_BUFFER_PIXELS" redefined
 #define LVGL_BUFFER_PIXELS (DISPLAY_WIDTH * 40) // Buffer size: 40 lines
 
<command-line>: note: this is the location of the previous definition
src/main.cpp: In function 'void create_simple_ui()':
src/main.cpp:96:36: error: 'lv_color_make32' was not declared in this scope
     lv_obj_set_style_bg_color(scr, lv_color_make32(0, 0, 128, 255), LV_PART_MAIN);
                                    ^~~~~~~~~~~~~~~
src/main.cpp:96:36: note: suggested alternative: 'lv_color_make'
     lv_obj_set_style_bg_color(scr, lv_color_make32(0, 0, 128, 255), LV_PART_MAIN);
                                    ^~~~~~~~~~~~~~~
                                    lv_color_make
src/main_basic.cpp: In function 'void create_simple_ui()':
src/main_basic.cpp:86:36: error: 'lv_color_make32' was not declared in this scope
     lv_obj_set_style_bg_color(scr, lv_color_make32(0, 0, 128, 255), LV_PART_MAIN);
                                    ^~~~~~~~~~~~~~~
src/main_basic.cpp:86:36: note: suggested alternative: 'lv_color_make'
     lv_obj_set_style_bg_color(scr, lv_color_make32(0, 0, 128, 255), LV_PART_MAIN);
                                    ^~~~~~~~~~~~~~~
                                    lv_color_make
*** [.pio\build\JC8048W550\src\main.cpp.o] Error 1
*** [.pio\build\JC8048W550\src\main_basic.cpp.o] Error 1
In file included from src/ui/ui.h:13,
                 from src/main_full.cpp:6:
src/main_full.cpp: In function 'void setup()':
src/ui/../ui_compat.h:66:32: error: 'lv_color_make32' was not declared in this scope
 #define lv_color_make(r, g, b) lv_color_make32(r, g, b, 0xFF)
                                ^~~~~~~~~~~~~~~
src/ui/../ui_compat.h:66:32: note: in definition of macro 'lv_color_make'
 #define lv_color_make(r, g, b) lv_color_make32(r, g, b, 0xFF)
                                ^~~~~~~~~~~~~~~
src/ui/../ui_compat.h:66:32: note: suggested alternative: 'lv_color_make'
 #define lv_color_make(r, g, b) lv_color_make32(r, g, b, 0xFF)
                                ^~~~~~~~~~~~~~~
src/ui/../ui_compat.h:66:32: note: in definition of macro 'lv_color_make'
 #define lv_color_make(r, g, b) lv_color_make32(r, g, b, 0xFF)
                                ^~~~~~~~~~~~~~~
*** [.pio\build\JC8048W550\src\main_full.cpp.o] Error 1
========================== [FAILED] Took 6.64 seconds ==========================
